Starting/resuming at k=0, theta=[50.0, 50.0]
iter 1/200 c_k=25.00 a_k=2.88 delta=[1, -1] plus=[75.0, 25.0] minus=[25.0, 75.0] score=0.375 (n=12) -> theta=[50.0, 50.0] [13s]
iter 2/200 c_k=23.31 a_k=2.80 delta=[-1, 1] plus=[26.7, 73.3] minus=[73.3, 26.7] score=0.375 (n=12) -> theta=[50.0, 50.0] [13s]
iter 3/200 c_k=22.37 a_k=2.73 delta=[1, -1] plus=[72.4, 27.6] minus=[27.6, 72.4] score=0.375 (n=12) -> theta=[50.0, 50.0] [10s]
iter 4/200 c_k=21.73 a_k=2.66 delta=[1, 1] plus=[71.7, 71.7] minus=[28.3, 28.3] score=0.333 (n=12) -> theta=[50.0, 50.0] [14s]
iter 5/200 c_k=21.25 a_k=2.59 delta=[1, -1] plus=[71.2, 28.7] minus=[28.7, 71.2] score=0.500 (n=12) -> theta=[50.0, 50.0] [11s]
iter 6/200 c_k=20.86 a_k=2.53 delta=[1, 1] plus=[70.8, 70.9] minus=[29.1, 29.1] score=0.542 (n=12) -> theta=[50.0, 50.0] [9s]
iter 7/200 c_k=20.54 a_k=2.48 delta=[-1, -1] plus=[29.4, 29.5] minus=[70.5, 70.5] score=0.417 (n=12) -> theta=[50.0, 50.0] [10s]
iter 8/200 c_k=20.26 a_k=2.42 delta=[1, -1] plus=[70.2, 29.7] minus=[29.7, 70.3] score=0.375 (n=12) -> theta=[50.0, 50.0] [11s]
iter 9/200 c_k=20.02 a_k=2.37 delta=[-1, -1] plus=[29.9, 30.0] minus=[70.0, 70.0] score=0.417 (n=12) -> theta=[50.0, 50.0] [17s]
iter 10/200 c_k=19.81 a_k=2.32 delta=[1, 1] plus=[69.8, 69.8] minus=[30.2, 30.2] score=0.458 (n=12) -> theta=[50.0, 50.0] [11s]
iter 11/200 c_k=19.62 a_k=2.28 delta=[-1, 1] plus=[30.3, 69.7] minus=[69.6, 30.4] score=0.625 (n=12) -> theta=[50.0, 50.0] [11s]
iter 12/200 c_k=19.45 a_k=2.23 delta=[-1, 1] plus=[30.5, 69.5] minus=[69.4, 30.6] score=0.417 (n=12) -> theta=[50.0, 50.0] [13s]
iter 13/200 c_k=19.29 a_k=2.19 delta=[-1, 1] plus=[30.7, 69.3] minus=[69.3, 30.7] score=0.417 (n=12) -> theta=[50.0, 50.0] [22s]
iter 14/200 c_k=19.15 a_k=2.15 delta=[-1, -1] plus=[30.8, 30.9] minus=[69.1, 69.2] score=0.500 (n=12) -> theta=[50.0, 50.0] [12s]
iter 15/200 c_k=19.02 a_k=2.12 delta=[1, 1] plus=[69.0, 69.0] minus=[31.0, 31.0] score=0.458 (n=12) -> theta=[50.0, 50.0] [9s]
iter 16/200 c_k=18.89 a_k=2.08 delta=[-1, 1] plus=[31.1, 68.9] minus=[68.9, 31.1] score=0.333 (n=12) -> theta=[50.0, 50.0] [12s]
iter 17/200 c_k=18.78 a_k=2.05 delta=[1, 1] plus=[68.8, 68.8] minus=[31.2, 31.2] score=0.500 (n=12) -> theta=[50.0, 50.0] [13s]
iter 18/200 c_k=18.67 a_k=2.01 delta=[-1, -1] plus=[31.3, 31.3] minus=[68.7, 68.7] score=0.417 (n=12) -> theta=[50.0, 50.0] [11s]
iter 19/200 c_k=18.57 a_k=1.98 delta=[-1, -1] plus=[31.4, 31.4] minus=[68.6, 68.6] score=0.542 (n=12) -> theta=[50.0, 50.0] [13s]
iter 20/200 c_k=18.47 a_k=1.95 delta=[-1, 1] plus=[31.5, 68.5] minus=[68.5, 31.5] score=0.458 (n=12) -> theta=[50.0, 50.0] [12s]
iter 21/200 c_k=18.38 a_k=1.92 delta=[1, 1] plus=[68.4, 68.4] minus=[31.6, 31.6] score=0.500 (n=12) -> theta=[50.0, 50.0] [15s]
iter 22/200 c_k=18.30 a_k=1.90 delta=[1, 1] plus=[68.3, 68.3] minus=[31.7, 31.7] score=0.458 (n=12) -> theta=[50.0, 50.0] [11s]
iter 23/200 c_k=18.21 a_k=1.87 delta=[1, -1] plus=[68.2, 31.8] minus=[31.8, 68.2] score=0.542 (n=12) -> theta=[50.0, 50.0] [13s]
iter 24/200 c_k=18.14 a_k=1.84 delta=[1, -1] plus=[68.1, 31.9] minus=[31.9, 68.1] score=0.333 (n=12) -> theta=[50.0, 50.0] [14s]
iter 25/200 c_k=18.06 a_k=1.82 delta=[-1, -1] plus=[31.9, 31.9] minus=[68.0, 68.1] score=0.542 (n=12) -> theta=[50.0, 50.0] [14s]
iter 26/200 c_k=17.99 a_k=1.80 delta=[1, 1] plus=[68.0, 68.0] minus=[32.0, 32.0] score=0.500 (n=12) -> theta=[50.0, 50.0] [10s]
iter 27/200 c_k=17.92 a_k=1.77 delta=[1, 1] plus=[67.9, 67.9] minus=[32.1, 32.1] score=0.500 (n=12) -> theta=[50.0, 50.0] [14s]
iter 28/200 c_k=17.86 a_k=1.75 delta=[-1, 1] plus=[32.1, 67.9] minus=[67.8, 32.2] score=0.458 (n=12) -> theta=[50.0, 50.0] [11s]
iter 29/200 c_k=17.79 a_k=1.73 delta=[-1, -1] plus=[32.2, 32.2] minus=[67.8, 67.8] score=0.458 (n=12) -> theta=[50.0, 50.0] [13s]
iter 30/200 c_k=17.73 a_k=1.71 delta=[1, 1] plus=[67.7, 67.7] minus=[32.3, 32.3] score=0.333 (n=12) -> theta=[50.0, 50.0] [11s]
iter 31/200 c_k=17.67 a_k=1.69 delta=[1, -1] plus=[67.6, 32.3] minus=[32.3, 67.7] score=0.583 (n=12) -> theta=[50.0, 50.0] [11s]
iter 32/200 c_k=17.62 a_k=1.67 delta=[1, 1] plus=[67.6, 67.6] minus=[32.4, 32.4] score=0.583 (n=12) -> theta=[50.0, 50.0] [12s]
iter 33/200 c_k=17.56 a_k=1.65 delta=[1, -1] plus=[67.5, 32.4] minus=[32.4, 67.6] score=0.583 (n=12) -> theta=[50.0, 50.0] [20s]
iter 34/200 c_k=17.51 a_k=1.63 delta=[1, 1] plus=[67.5, 67.5] minus=[32.5, 32.5] score=0.500 (n=12) -> theta=[50.0, 50.0] [11s]
iter 35/200 c_k=17.46 a_k=1.61 delta=[1, -1] plus=[67.4, 32.5] minus=[32.5, 67.4] score=0.417 (n=12) -> theta=[50.0, 50.0] [17s]
iter 36/200 c_k=17.41 a_k=1.60 delta=[1, -1] plus=[67.4, 32.6] minus=[32.6, 67.4] score=0.625 (n=12) -> theta=[50.0, 50.0] [13s]
iter 37/200 c_k=17.36 a_k=1.58 delta=[1, -1] plus=[67.4, 32.6] minus=[32.6, 67.3] score=0.667 (n=12) -> theta=[50.0, 50.0] [13s]
iter 38/200 c_k=17.31 a_k=1.56 delta=[-1, -1] plus=[32.7, 32.6] minus=[67.3, 67.3] score=0.792 (n=12) -> theta=[50.0, 49.9] [12s]
iter 39/200 c_k=17.27 a_k=1.55 delta=[1, -1] plus=[67.3, 32.7] minus=[32.7, 67.2] score=0.417 (n=12) -> theta=[50.0, 49.9] [12s]
iter 40/200 c_k=17.22 a_k=1.53 delta=[-1, 1] plus=[32.8, 67.2] minus=[67.2, 32.7] score=0.542 (n=12) -> theta=[50.0, 49.9] [13s]
iter 41/200 c_k=17.18 a_k=1.52 delta=[-1, 1] plus=[32.8, 67.1] minus=[67.2, 32.8] score=0.542 (n=12) -> theta=[50.0, 50.0] [14s]
iter 42/200 c_k=17.14 a_k=1.50 delta=[-1, 1] plus=[32.8, 67.1] minus=[67.1, 32.8] score=0.583 (n=12) -> theta=[50.0, 50.0] [13s]
iter 43/200 c_k=17.10 a_k=1.49 delta=[-1, 1] plus=[32.9, 67.1] minus=[67.1, 32.9] score=0.417 (n=12) -> theta=[50.0, 50.0] [15s]
iter 44/200 c_k=17.06 a_k=1.47 delta=[1, 1] plus=[67.0, 67.0] minus=[32.9, 32.9] score=0.583 (n=12) -> theta=[50.0, 50.0] [15s]
iter 45/200 c_k=17.02 a_k=1.46 delta=[-1, 1] plus=[33.0, 67.0] minus=[67.0, 32.9] score=0.417 (n=12) -> theta=[50.0, 50.0] [14s]
iter 46/200 c_k=16.98 a_k=1.45 delta=[-1, -1] plus=[33.0, 33.0] minus=[67.0, 66.9] score=0.500 (n=12) -> theta=[50.0, 50.0] [15s]
iter 47/200 c_k=16.95 a_k=1.43 delta=[1, -1] plus=[66.9, 33.0] minus=[33.0, 66.9] score=0.375 (n=12) -> theta=[50.0, 50.0] [17s]
iter 48/200 c_k=16.91 a_k=1.42 delta=[-1, -1] plus=[33.1, 33.1] minus=[66.9, 66.9] score=0.417 (n=12) -> theta=[50.0, 50.0] [13s]
iter 49/200 c_k=16.87 a_k=1.41 delta=[-1, 1] plus=[33.1, 66.8] minus=[66.9, 33.1] score=0.458 (n=12) -> theta=[50.0, 50.0] [12s]
iter 50/200 c_k=16.84 a_k=1.39 delta=[-1, 1] plus=[33.1, 66.8] minus=[66.8, 33.1] score=0.583 (n=12) -> theta=[50.0, 50.0] [12s]
iter 51/200 c_k=16.81 a_k=1.38 delta=[-1, -1] plus=[33.2, 33.2] minus=[66.8, 66.8] score=0.292 (n=12) -> theta=[50.0, 50.0] [11s]
iter 52/200 c_k=16.77 a_k=1.37 delta=[1, 1] plus=[66.8, 66.8] minus=[33.2, 33.2] score=0.500 (n=12) -> theta=[50.0, 50.0] [16s]
iter 53/200 c_k=16.74 a_k=1.36 delta=[1, 1] plus=[66.7, 66.7] minus=[33.3, 33.2] score=0.417 (n=12) -> theta=[50.0, 50.0] [10s]
iter 54/200 c_k=16.71 a_k=1.35 delta=[1, 1] plus=[66.7, 66.7] minus=[33.3, 33.3] score=0.542 (n=12) -> theta=[50.0, 50.0] [10s]
iter 55/200 c_k=16.68 a_k=1.34 delta=[1, -1] plus=[66.7, 33.3] minus=[33.3, 66.7] score=0.458 (n=12) -> theta=[50.0, 50.0] [10s]
iter 56/200 c_k=16.65 a_k=1.33 delta=[1, -1] plus=[66.6, 33.3] minus=[33.3, 66.6] score=0.375 (n=12) -> theta=[50.0, 50.0] [13s]
iter 57/200 c_k=16.62 a_k=1.32 delta=[-1, 1] plus=[33.4, 66.6] minus=[66.6, 33.4] score=0.500 (n=12) -> theta=[50.0, 50.0] [11s]
iter 58/200 c_k=16.59 a_k=1.31 delta=[-1, 1] plus=[33.4, 66.6] minus=[66.6, 33.4] score=0.500 (n=12) -> theta=[50.0, 50.0] [13s]
iter 59/200 c_k=16.56 a_k=1.30 delta=[-1, -1] plus=[33.4, 33.4] minus=[66.5, 66.6] score=0.333 (n=12) -> theta=[50.0, 50.0] [12s]
iter 60/200 c_k=16.53 a_k=1.29 delta=[-1, 1] plus=[33.5, 66.5] minus=[66.5, 33.5] score=0.625 (n=12) -> theta=[50.0, 50.0] [10s]
iter 61/200 c_k=16.51 a_k=1.28 delta=[-1, -1] plus=[33.5, 33.5] minus=[66.5, 66.5] score=0.500 (n=12) -> theta=[50.0, 50.0] [15s]
iter 62/200 c_k=16.48 a_k=1.27 delta=[-1, 1] plus=[33.5, 66.5] minus=[66.5, 33.5] score=0.542 (n=12) -> theta=[50.0, 50.0] [13s]
iter 63/200 c_k=16.45 a_k=1.26 delta=[-1, 1] plus=[33.5, 66.5] minus=[66.4, 33.6] score=0.500 (n=12) -> theta=[50.0, 50.0] [13s]
iter 64/200 c_k=16.43 a_k=1.25 delta=[1, -1] plus=[66.4, 33.6] minus=[33.6, 66.5] score=0.458 (n=12) -> theta=[50.0, 50.0] [17s]
iter 65/200 c_k=16.40 a_k=1.24 delta=[1, -1] plus=[66.4, 33.6] minus=[33.6, 66.4] score=0.583 (n=12) -> theta=[50.0, 50.0] [12s]
iter 66/200 c_k=16.37 a_k=1.23 delta=[1, -1] plus=[66.4, 33.6] minus=[33.6, 66.4] score=0.500 (n=12) -> theta=[50.0, 50.0] [13s]
iter 67/200 c_k=16.35 a_k=1.22 delta=[-1, 1] plus=[33.6, 66.4] minus=[66.3, 33.7] score=0.500 (n=12) -> theta=[50.0, 50.0] [10s]
iter 68/200 c_k=16.33 a_k=1.22 delta=[-1, -1] plus=[33.7, 33.7] minus=[66.3, 66.3] score=0.417 (n=12) -> theta=[50.0, 50.0] [15s]
iter 69/200 c_k=16.30 a_k=1.21 delta=[-1, -1] plus=[33.7, 33.7] minus=[66.3, 66.3] score=0.625 (n=12) -> theta=[50.0, 50.0] [14s]
iter 70/200 c_k=16.28 a_k=1.20 delta=[1, -1] plus=[66.3, 33.7] minus=[33.7, 66.3] score=0.208 (n=12) -> theta=[50.0, 50.0] [10s]
iter 71/200 c_k=16.25 a_k=1.19 delta=[1, -1] plus=[66.2, 33.8] minus=[33.7, 66.3] score=0.417 (n=12) -> theta=[50.0, 50.0] [12s]
iter 72/200 c_k=16.23 a_k=1.18 delta=[-1, 1] plus=[33.7, 66.3] minus=[66.2, 33.8] score=0.417 (n=12) -> theta=[50.0, 50.0] [15s]
iter 73/200 c_k=16.21 a_k=1.18 delta=[1, -1] plus=[66.2, 33.8] minus=[33.7, 66.2] score=0.333 (n=12) -> theta=[49.9, 50.1] [13s]
iter 74/200 c_k=16.19 a_k=1.17 delta=[-1, 1] plus=[33.8, 66.2] minus=[66.1, 33.9] score=0.375 (n=12) -> theta=[50.0, 50.0] [12s]
iter 75/200 c_k=16.16 a_k=1.16 delta=[1, 1] plus=[66.1, 66.2] minus=[33.8, 33.9] score=0.542 (n=12) -> theta=[50.0, 50.0] [11s]
iter 76/200 c_k=16.14 a_k=1.15 delta=[-1, 1] plus=[33.8, 66.2] minus=[66.1, 33.9] score=0.458 (n=12) -> theta=[50.0, 50.0] [13s]
iter 77/200 c_k=16.12 a_k=1.15 delta=[-1, -1] plus=[33.8, 33.9] minus=[66.1, 66.2] score=0.542 (n=12) -> theta=[50.0, 50.0] [18s]
iter 78/200 c_k=16.10 a_k=1.14 delta=[-1, 1] plus=[33.9, 66.1] minus=[66.1, 33.9] score=0.667 (n=12) -> theta=[49.9, 50.1] [14s]
iter 79/200 c_k=16.08 a_k=1.13 delta=[1, 1] plus=[66.0, 66.1] minus=[33.9, 34.0] score=0.667 (n=12) -> theta=[50.0, 50.1] [13s]
iter 80/200 c_k=16.06 a_k=1.13 delta=[-1, 1] plus=[33.9, 66.1] minus=[66.0, 34.0] score=0.542 (n=12) -> theta=[50.0, 50.1] [10s]
iter 81/200 c_k=16.04 a_k=1.12 delta=[-1, 1] plus=[33.9, 66.1] minus=[66.0, 34.0] score=0.500 (n=12) -> theta=[50.0, 50.1] [11s]
iter 82/200 c_k=16.02 a_k=1.11 delta=[-1, 1] plus=[33.9, 66.1] minus=[66.0, 34.0] score=0.583 (n=12) -> theta=[49.9, 50.1] [14s]
iter 83/200 c_k=16.00 a_k=1.11 delta=[1, -1] plus=[65.9, 34.1] minus=[33.9, 66.1] score=0.417 (n=12) -> theta=[49.9, 50.1] [12s]
iter 84/200 c_k=15.98 a_k=1.10 delta=[-1, -1] plus=[34.0, 34.1] minus=[65.9, 66.1] score=0.667 (n=12) -> theta=[49.9, 50.1] [15s]
iter 85/200 c_k=15.96 a_k=1.09 delta=[1, -1] plus=[65.9, 34.1] minus=[34.0, 66.0] score=0.333 (n=12) -> theta=[49.9, 50.1] [15s]
iter 86/200 c_k=15.94 a_k=1.09 delta=[-1, 1] plus=[34.0, 66.0] minus=[65.9, 34.1] score=0.667 (n=12) -> theta=[49.9, 50.1] [11s]
iter 87/200 c_k=15.92 a_k=1.08 delta=[-1, 1] plus=[34.0, 66.0] minus=[65.8, 34.2] score=0.458 (n=12) -> theta=[49.9, 50.1] [15s]
iter 88/200 c_k=15.91 a_k=1.07 delta=[1, 1] plus=[65.8, 66.0] minus=[34.0, 34.2] score=0.625 (n=12) -> theta=[49.9, 50.1] [13s]
iter 89/200 c_k=15.89 a_k=1.07 delta=[1, -1] plus=[65.8, 34.2] minus=[34.0, 66.0] score=0.417 (n=12) -> theta=[49.9, 50.1] [12s]
iter 90/200 c_k=15.87 a_k=1.06 delta=[1, 1] plus=[65.8, 66.0] minus=[34.0, 34.2] score=0.458 (n=12) -> theta=[49.9, 50.1] [13s]
iter 91/200 c_k=15.85 a_k=1.06 delta=[-1, -1] plus=[34.1, 34.2] minus=[65.8, 66.0] score=0.333 (n=12) -> theta=[49.9, 50.1] [12s]
iter 92/200 c_k=15.83 a_k=1.05 delta=[-1, 1] plus=[34.1, 65.9] minus=[65.8, 34.3] score=0.625 (n=12) -> theta=[49.9, 50.1] [11s]
iter 93/200 c_k=15.82 a_k=1.05 delta=[1, -1] plus=[65.7, 34.3] minus=[34.1, 65.9] score=0.500 (n=12) -> theta=[49.9, 50.1] [12s]
