ply 0 (W, Adapter): e2e4  [wtime=511075ms btime=600000ms]
ply 1 (B, RubiChess): e7e5  [wtime=511075ms btime=570625ms]
ply 2 (W, Adapter): g1f3  [wtime=503551ms btime=570625ms]
ply 3 (B, RubiChess): b8c6  [wtime=503551ms btime=560872ms]
ply 4 (W, Adapter): d2d4  [wtime=495034ms btime=560872ms]
ply 5 (B, RubiChess): e5d4  [wtime=495034ms btime=548669ms]
ply 6 (W, Adapter): f3d4  [wtime=478436ms btime=548669ms]
ply 7 (B, RubiChess): g8f6  [wtime=478436ms btime=539634ms]
ply 8 (W, Adapter): d4c6  [wtime=471416ms btime=539634ms]
ply 9 (B, RubiChess): b7c6  [wtime=471416ms btime=530783ms]
ply 10 (W, Adapter): e4e5  [wtime=461900ms btime=530783ms]
ply 11 (B, RubiChess): d8e7  [wtime=461900ms btime=518532ms]
ply 12 (W, Adapter): d1e2  [wtime=449492ms btime=518532ms]
ply 13 (B, RubiChess): f6d5  [wtime=449492ms btime=509977ms]
ply 14 (W, Adapter): h2h4  [wtime=429063ms btime=509977ms]
ply 15 (B, RubiChess): e7e6  [wtime=429063ms btime=499492ms]
ply 16 (W, Adapter): c2c4  [wtime=416618ms btime=499492ms]
ply 17 (B, RubiChess): d5b6  [wtime=416618ms btime=492826ms]
ply 18 (W, Adapter): h4h5  [wtime=395854ms btime=492826ms]
ply 19 (B, RubiChess): f8e7  [wtime=395854ms btime=483463ms]
ply 20 (W, Adapter): h5h6  [wtime=389766ms btime=483463ms]
ply 21 (B, RubiChess): g7g6  [wtime=389766ms btime=472614ms]
ply 22 (W, Adapter): c1f4  [wtime=374410ms btime=472614ms]
ply 23 (B, RubiChess): e8g8  [wtime=374410ms btime=463073ms]
ply 24 (W, Adapter): b1d2  [wtime=359550ms btime=463073ms]
ply 25 (B, RubiChess): d7d5  [wtime=359550ms btime=453995ms]
ply 26 (W, Adapter): e5d6  [wtime=351551ms btime=453995ms]
ply 27 (B, RubiChess): c7d6  [wtime=351551ms btime=447315ms]
ply 28 (W, Adapter): e2e6  [wtime=342320ms btime=447315ms]
ply 29 (B, RubiChess): c8e6  [wtime=342320ms btime=436673ms]
ply 30 (W, Adapter): f1e2  [wtime=333558ms btime=436673ms]
ply 31 (B, RubiChess): d6d5  [wtime=333558ms btime=427496ms]
ply 32 (W, Adapter): b2b3  [wtime=315237ms btime=427496ms]
ply 33 (B, RubiChess): a8d8  [wtime=315237ms btime=412876ms]
ply 34 (W, Adapter): e1g1  [wtime=308216ms btime=412876ms]
ply 35 (B, RubiChess): g6g5  [wtime=308216ms btime=397154ms]
ply 36 (W, Adapter): f4c7  [wtime=300032ms btime=397154ms]
ply 37 (B, RubiChess): d8d7  [wtime=300032ms btime=386733ms]
ply 38 (W, Adapter): c7e5  [wtime=294115ms btime=386733ms]
ply 39 (B, RubiChess): d5c4  [wtime=294115ms btime=372481ms]
ply 40 (W, Adapter): d2c4  [wtime=289501ms btime=372481ms]
ply 41 (B, RubiChess): b6c4  [wtime=289501ms btime=365116ms]
ply 42 (W, Adapter): e2c4  [wtime=282563ms btime=365116ms]
ply 43 (B, RubiChess): e6c4  [wtime=282563ms btime=359956ms]
ply 44 (W, Adapter): b3c4  [wtime=271751ms btime=359956ms]
ply 45 (B, RubiChess): f7f6  [wtime=271751ms btime=354060ms]
ply 46 (W, Adapter): e5g3  [wtime=253582ms btime=354060ms]
ply 47 (B, RubiChess): e7c5  [wtime=253582ms btime=341039ms]
ply 48 (W, Adapter): f1e1  [wtime=240247ms btime=341039ms]
ply 49 (B, RubiChess): g8f7  [wtime=240247ms btime=331724ms]
ply 50 (W, Adapter): a2a4  [wtime=212472ms btime=331724ms]
ply 51 (B, RubiChess): f8d8  [wtime=212472ms btime=319464ms]
ply 52 (W, Adapter): g1h2  [wtime=175441ms btime=319464ms]
ply 53 (B, RubiChess): d7d4  [wtime=175441ms btime=314706ms]
ply 54 (W, Adapter): a1c1  [wtime=170113ms btime=314706ms]
ply 55 (B, RubiChess): a7a5  [wtime=170113ms btime=308549ms]
ply 56 (W, Adapter): e1e3  [wtime=155447ms btime=308549ms]
ply 57 (B, RubiChess): d4d2  [wtime=155447ms btime=304195ms]
ply 58 (W, Adapter): e3f3  [wtime=151364ms btime=304195ms]
ply 59 (B, RubiChess): d8e8  [wtime=151364ms btime=300353ms]
ply 60 (W, Adapter): f3f5  [wtime=149090ms btime=300353ms]
ply 61 (B, RubiChess): c5b4  [wtime=149090ms btime=294495ms]
ply 62 (W, Adapter): g3c7  [wtime=145277ms btime=294495ms]
ply 63 (B, RubiChess): f7g6  [wtime=145277ms btime=289378ms]
ply 64 (W, Adapter): g2g4  [wtime=139666ms btime=289378ms]
ply 65 (B, RubiChess): e8e4  [wtime=139666ms btime=282146ms]
ply 66 (W, Adapter): h2h3  [wtime=131982ms btime=282146ms]
ply 67 (B, RubiChess): d2d3  [wtime=131982ms btime=278167ms]
ply 68 (W, Adapter): f2f3  [wtime=128057ms btime=278167ms]
ply 69 (B, RubiChess): e4e2  [wtime=128057ms btime=271994ms]
ply 70 (W, Adapter): c1f1  [wtime=118197ms btime=271994ms]
ply 71 (B, RubiChess): e2a2  [wtime=118197ms btime=266023ms]
ply 72 (W, Adapter): f1b1  [wtime=101880ms btime=266023ms]
ply 73 (B, RubiChess): a2f2  [wtime=101880ms btime=262115ms]
ply 74 (W, Adapter): h3g3  [wtime=99681ms btime=262115ms]
ply 75 (B, RubiChess): f2c2  [wtime=99681ms btime=256065ms]
ply 76 (W, Adapter): c4c5  [wtime=92861ms btime=256065ms]
ply 77 (B, RubiChess): b4c3  [wtime=92861ms btime=250501ms]
ply 78 (W, Adapter): b1h1  [wtime=91521ms btime=250501ms]
ply 79 (B, RubiChess): c2a2  [wtime=91521ms btime=247489ms]
ply 80 (W, Adapter): c7d6  [wtime=89403ms btime=247489ms]
ply 81 (B, RubiChess): a2a4  [wtime=89403ms btime=244397ms]
ply 82 (W, Adapter): h1c1  [wtime=83101ms btime=244397ms]
ply 83 (B, RubiChess): a4e4  [wtime=83101ms btime=241074ms]
ply 84 (W, Adapter): c1b1  [wtime=80660ms btime=241074ms]
ply 85 (B, RubiChess): e4b4  [wtime=80660ms btime=236765ms]
ply 86 (W, Adapter): b1c1  [wtime=73909ms btime=236765ms]
ply 87 (B, RubiChess): a5a4  [wtime=73909ms btime=232388ms]
ply 88 (W, Adapter): c1c2  [wtime=71653ms btime=232388ms]
ply 89 (B, RubiChess): d3e3  [wtime=71653ms btime=227844ms]
ply 90 (W, Adapter): d6c7  [wtime=69675ms btime=227844ms]
ply 91 (B, RubiChess): b4b3  [wtime=69675ms btime=223176ms]
ply 92 (W, Adapter): c2a2  [wtime=64694ms btime=223176ms]
ply 93 (B, RubiChess): a4a3  [wtime=64694ms btime=219662ms]
ply 94 (W, Adapter): g3h3  [wtime=57881ms btime=219662ms]
ply 95 (B, RubiChess): c3d4  [wtime=57881ms btime=216487ms]
ply 96 (W, Adapter): h3g3  [wtime=53699ms btime=216487ms]
ply 97 (B, RubiChess): b3b2  [wtime=53699ms btime=212553ms]
ply 98 (W, Adapter): a2a1  [wtime=51067ms btime=212553ms]
ply 99 (B, RubiChess): a3a2  [wtime=51067ms btime=209749ms]
ply 100 (W, Adapter): g3h3  [wtime=46889ms btime=209749ms]
ply 101 (B, RubiChess): e3e2  [wtime=46889ms btime=206683ms]
ply 102 (W, Adapter): c7d6  [wtime=45788ms btime=206683ms]
ply 103 (B, RubiChess): b2b1  [wtime=45788ms btime=203929ms]
ply 104 (W, Adapter): a1a2  [wtime=44249ms btime=203929ms]
ply 105 (B, RubiChess): e2a2  [wtime=44249ms btime=203920ms]
ply 106 (W, Adapter): f5f4  [wtime=35399ms btime=203920ms]
ply 107 (B, RubiChess): g5f4  [wtime=35399ms btime=203894ms]
ply 108 (W, Adapter): d6f4  [wtime=35217ms btime=203894ms]
ply 109 (B, RubiChess): b1h1  [wtime=35217ms btime=203890ms]
ply 110 (W, Adapter): h3g3  [wtime=34948ms btime=203890ms]
ply 111 (B, RubiChess): d4f2  [wtime=34948ms btime=203886ms]
ply 112 (W, Adapter): g3g2  [wtime=34948ms btime=203886ms]
ply 113 (B, RubiChess): h1g1  [wtime=34948ms btime=203883ms]
ply 114 (W, Adapter): g2h3  [wtime=34735ms btime=203883ms]
ply 115 (B, RubiChess): f2e1  [wtime=34735ms btime=203883ms]
ply 116 (W, Adapter): g4g5  [wtime=33859ms btime=203883ms]
ply 117 (B, RubiChess): g1h1  [wtime=33859ms btime=203883ms]
ply 118 (W, Adapter): f4h2  [wtime=32593ms btime=203883ms]
ply 119 (B, RubiChess): a2h2  [wtime=32593ms btime=203883ms]
ply 120 (W, Adapter): h3g4  [wtime=32593ms btime=203883ms]
ply 121 (B, RubiChess): h2h4  [wtime=32593ms btime=203883ms]
ply 122: game over, result=0-1 (Outcome(termination=<Termination.CHECKMATE: 1>, winner=False))
DONE, result: 0-1
