ply 0 (W, Adapter): e2e4  [wtime=600000ms btime=600000ms]
ply 1 (B, RubiChess): e7e5  [wtime=600000ms btime=563431ms]
ply 2 (W, Adapter): g1f3  [wtime=600000ms btime=563431ms]
ply 3 (B, RubiChess): b8c6  [wtime=600000ms btime=554216ms]
ply 4 (W, Adapter): b1c3  [wtime=600000ms btime=554216ms]
ply 5 (B, RubiChess): g8f6  [wtime=600000ms btime=546356ms]
ply 6 (W, Adapter): f1b5  [wtime=600000ms btime=546356ms]
ply 7 (B, RubiChess): c6d4  [wtime=600000ms btime=536843ms]
ply 8 (W, Adapter): b2b4  [wtime=536394ms btime=536843ms]
ply 9 (B, RubiChess): d4b5  [wtime=536394ms btime=526447ms]
ply 10 (W, Adapter): c3b5  [wtime=524405ms btime=526447ms]
ply 11 (B, RubiChess): a7a6  [wtime=524405ms btime=511008ms]
ply 12 (W, Adapter): b5c3  [wtime=498007ms btime=511008ms]
ply 13 (B, RubiChess): f8b4  [wtime=498007ms btime=504727ms]
ply 14 (W, Adapter): f3e5  [wtime=476146ms btime=504727ms]
ply 15 (B, RubiChess): d8e7  [wtime=476146ms btime=495986ms]
ply 16 (W, Adapter): e5d3  [wtime=454507ms btime=495986ms]
ply 17 (B, RubiChess): b4c3  [wtime=454507ms btime=487326ms]
ply 18 (W, Adapter): d2c3  [wtime=441092ms btime=487326ms]
ply 19 (B, RubiChess): e7e4  [wtime=441092ms btime=477020ms]
ply 20 (W, Adapter): d1e2  [wtime=426257ms btime=477020ms]
ply 21 (B, RubiChess): e4e2  [wtime=426257ms btime=469598ms]
ply 22 (W, Adapter): e1e2  [wtime=426144ms btime=469598ms]
ply 23 (B, RubiChess): d7d6  [wtime=426144ms btime=462836ms]
ply 24 (W, Adapter): e2f3  [wtime=404852ms btime=462836ms]
ply 25 (B, RubiChess): c8e6  [wtime=404852ms btime=446757ms]
ply 26 (W, Adapter): c1g5  [wtime=386261ms btime=446757ms]
ply 27 (B, RubiChess): f6d7  [wtime=386261ms btime=439726ms]
ply 28 (W, Adapter): g5e3  [wtime=359355ms btime=439726ms]
ply 29 (B, RubiChess): e8c8  [wtime=359355ms btime=428046ms]
ply 30 (W, Adapter): a2a4  [wtime=350046ms btime=428046ms]
ply 31 (B, RubiChess): d7e5  [wtime=350046ms btime=420373ms]
ply 32 (W, Adapter): f3g3  [wtime=345996ms btime=420373ms]
ply 33 (B, RubiChess): e6f5  [wtime=345996ms btime=412534ms]
ply 34 (W, Adapter): a1d1  [wtime=338117ms btime=412534ms]
ply 35 (B, RubiChess): e5c4  [wtime=338117ms btime=405478ms]
ply 36 (W, Adapter): h1e1  [wtime=332010ms btime=405478ms]
ply 37 (B, RubiChess): h8e8  [wtime=332010ms btime=400087ms]
ply 38 (W, Adapter): d1a1  [wtime=309278ms btime=400087ms]
ply 39 (B, RubiChess): a6a5  [wtime=309278ms btime=393578ms]
ply 40 (W, Adapter): h2h4  [wtime=288186ms btime=393578ms]
ply 41 (B, RubiChess): c4e3  [wtime=288186ms btime=386357ms]
ply 42 (W, Adapter): e1e3  [wtime=279204ms btime=386357ms]
ply 43 (B, RubiChess): e8e3  [wtime=279204ms btime=379062ms]
ply 44 (W, Adapter): f2e3  [wtime=276025ms btime=379062ms]
ply 45 (B, RubiChess): d8e8  [wtime=276025ms btime=373962ms]
ply 46 (W, Adapter): g3f4  [wtime=262990ms btime=373962ms]
ply 47 (B, RubiChess): f5e4  [wtime=262990ms btime=369146ms]
ply 48 (W, Adapter): d3f2  [wtime=246784ms btime=369146ms]
ply 49 (B, RubiChess): e4c2  [wtime=246784ms btime=360757ms]
ply 50 (W, Adapter): a1a2  [wtime=242866ms btime=360757ms]
ply 51 (B, RubiChess): c2b3  [wtime=242866ms btime=355716ms]
ply 52 (W, Adapter): a2a3  [wtime=238598ms btime=355716ms]
ply 53 (B, RubiChess): b3d5  [wtime=238598ms btime=350243ms]
ply 54 (W, Adapter): e3e4  [wtime=233581ms btime=350243ms]
ply 55 (B, RubiChess): d5c6  [wtime=233581ms btime=344392ms]
ply 56 (W, Adapter): a3a2  [wtime=223167ms btime=344392ms]
ply 57 (B, RubiChess): e8e5  [wtime=223167ms btime=340150ms]
ply 58 (W, Adapter): f4e3  [wtime=218976ms btime=340150ms]
ply 59 (B, RubiChess): f7f5  [wtime=218976ms btime=335541ms]
ply 60 (W, Adapter): g2g3  [wtime=202239ms btime=335541ms]
ply 61 (B, RubiChess): c6e4  [wtime=202239ms btime=330521ms]
ply 62 (W, Adapter): f2d3  [wtime=187397ms btime=330521ms]
ply 63 (B, RubiChess): e4d3  [wtime=187397ms btime=324363ms]
ply 64 (W, Adapter): e3d3  [wtime=184745ms btime=324363ms]
ply 65 (B, RubiChess): e5e4  [wtime=184745ms btime=319472ms]
ply 66 (W, Adapter): a2f2  [wtime=180837ms btime=319472ms]
ply 67 (B, RubiChess): g7g6  [wtime=180837ms btime=314294ms]
ply 68 (W, Adapter): f2f4  [wtime=172120ms btime=314294ms]
ply 69 (B, RubiChess): e4f4  [wtime=172120ms btime=308581ms]
ply 70 (W, Adapter): g3f4  [wtime=166470ms btime=308581ms]
ply 71 (B, RubiChess): c8d7  [wtime=166470ms btime=304707ms]
ply 72 (W, Adapter): d3d2  [wtime=158604ms btime=304707ms]
ply 73 (B, RubiChess): d7c6  [wtime=158604ms btime=299737ms]
ply 74 (W, Adapter): d2c2  [wtime=149039ms btime=299737ms]
ply 75 (B, RubiChess): b7b5  [wtime=149039ms btime=293472ms]
ply 76 (W, Adapter): a4b5  [wtime=146289ms btime=293472ms]
ply 77 (B, RubiChess): c6b5  [wtime=146289ms btime=285629ms]
ply 78 (W, Adapter): c2d1  [wtime=138377ms btime=285629ms]
ply 79 (B, RubiChess): b5c4  [wtime=138377ms btime=275535ms]
ply 80 (W, Adapter): d1d2  [wtime=119979ms btime=275535ms]
ply 81 (B, RubiChess): d6d5  [wtime=119979ms btime=271486ms]
ply 82 (W, Adapter): d2c2  [wtime=116126ms btime=271486ms]
ply 83 (B, RubiChess): a5a4  [wtime=116126ms btime=265004ms]
ply 84 (W, Adapter): c2b2  [wtime=99336ms btime=265004ms]
ply 85 (B, RubiChess): c7c5  [wtime=99336ms btime=256409ms]
ply 86 (W, Adapter): b2a3  [wtime=96220ms btime=256409ms]
ply 87 (B, RubiChess): c4c3  [wtime=96220ms btime=252777ms]
ply 88 (W, Adapter): a3a4  [wtime=87724ms btime=252777ms]
ply 89 (B, RubiChess): d5d4  [wtime=87724ms btime=252113ms]
ply 90 (W, Adapter): a4b5  [wtime=76805ms btime=252113ms]
ply 91 (B, RubiChess): c5c4  [wtime=76805ms btime=251820ms]
ply 92 (W, Adapter): b5c6  [wtime=66058ms btime=251820ms]
ply 93 (B, RubiChess): d4d3  [wtime=66058ms btime=251615ms]
ply 94 (W, Adapter): c6d6  [wtime=60191ms btime=251615ms]
ply 95 (B, RubiChess): d3d2  [wtime=60191ms btime=251530ms]
ply 96 (W, Adapter): d6e6  [wtime=49589ms btime=251530ms]
ply 97 (B, RubiChess): c3d3  [wtime=49589ms btime=251441ms]
ply 98 (W, Adapter): h4h5  [wtime=47048ms btime=251441ms]
ply 99 (B, RubiChess): c4c3  [wtime=47048ms btime=251373ms]
ply 100 (W, Adapter): e6e5  [wtime=37572ms btime=251373ms]
ply 101 (B, RubiChess): g6h5  [wtime=37572ms btime=251363ms]
ply 102 (W, Adapter): e5f5  [wtime=36921ms btime=251363ms]
ply 103 (B, RubiChess): d2d1q  [wtime=36921ms btime=251356ms]
ply 104 (W, Adapter): f5e5  [wtime=30874ms btime=251356ms]
ply 105 (B, RubiChess): c3c2  [wtime=30874ms btime=251349ms]
ply 106 (W, Adapter): e5d6  [wtime=27177ms btime=251349ms]
ply 107 (B, RubiChess): c2c1q  [wtime=27177ms btime=251348ms]
ply 108 (W, Adapter): d6e6  [wtime=22479ms btime=251348ms]
ply 109 (B, RubiChess): d1g4  [wtime=22479ms btime=251348ms]
ply 110 (W, Adapter): f4f5  [wtime=21009ms btime=251348ms]
ply 111 (B, RubiChess): c1c8  [wtime=21009ms btime=251348ms]
ply 112 (W, Adapter): e6e7  [wtime=19477ms btime=251348ms]
ply 113 (B, RubiChess): g4f5  [wtime=19477ms btime=251348ms]
ply 114 (W, Adapter): e7d6  [wtime=19412ms btime=251348ms]
ply 115 (B, RubiChess): c8c5  [wtime=19412ms btime=251348ms]
ply 116: game over, result=0-1 (Outcome(termination=<Termination.CHECKMATE: 1>, winner=False))
DONE, game 1 adapter_white= True result: 0-1
