ply 0 (W, Adapter): d2d4  [wtime=585738ms btime=600000ms]
ply 1 (B, RubiChess): d7d5  [wtime=585738ms btime=564871ms]
ply 2 (W, Adapter): b1c3  [wtime=491137ms btime=564871ms]
ply 3 (B, RubiChess): g8f6  [wtime=491137ms btime=551285ms]
ply 4 (W, Adapter): a2a3  [wtime=457820ms btime=551285ms]
ply 5 (B, RubiChess): c7c5  [wtime=457820ms btime=526195ms]
ply 6 (W, Adapter): e2e4  [wtime=447018ms btime=526195ms]
ply 7 (B, RubiChess): f6e4  [wtime=447018ms btime=514932ms]
ply 8 (W, Adapter): c3e4  [wtime=425565ms btime=514932ms]
ply 9 (B, RubiChess): d5e4  [wtime=425565ms btime=506837ms]
ply 10 (W, Adapter): d4d5  [wtime=419048ms btime=506837ms]
ply 11 (B, RubiChess): g7g6  [wtime=419048ms btime=495779ms]
ply 12 (W, Adapter): h2h3  [wtime=408807ms btime=495779ms]
ply 13 (B, RubiChess): f8g7  [wtime=408807ms btime=480710ms]
ply 14 (W, Adapter): g1e2  [wtime=401223ms btime=480710ms]
ply 15 (B, RubiChess): a7a6  [wtime=401223ms btime=456575ms]
ply 16 (W, Adapter): e2c3  [wtime=392643ms btime=456575ms]
ply 17 (B, RubiChess): f7f5  [wtime=392643ms btime=442903ms]
ply 18 (W, Adapter): a3a4  [wtime=386230ms btime=442903ms]
ply 19 (B, RubiChess): d8d6  [wtime=386230ms btime=418548ms]
ply 20 (W, Adapter): f1c4  [wtime=379857ms btime=418548ms]
ply 21 (B, RubiChess): b8d7  [wtime=379857ms btime=411017ms]
ply 22 (W, Adapter): c4a2  [wtime=372758ms btime=411017ms]
ply 23 (B, RubiChess): b7b5  [wtime=372758ms btime=401367ms]
ply 24 (W, Adapter): a4b5  [wtime=362505ms btime=401367ms]
ply 25 (B, RubiChess): g7c3  [wtime=362505ms btime=391066ms]
ply 26 (W, Adapter): b2c3  [wtime=356752ms btime=391066ms]
ply 27 (B, RubiChess): a6b5  [wtime=356752ms btime=385738ms]
ply 28 (W, Adapter): e1g1  [wtime=295758ms btime=385738ms]
ply 29 (B, RubiChess): c5c4  [wtime=295758ms btime=376424ms]
ply 30 (W, Adapter): g1h1  [wtime=265996ms btime=376424ms]
ply 31 (B, RubiChess): d7f6  [wtime=265996ms btime=368099ms]
ply 32 (W, Adapter): d1d4  [wtime=250265ms btime=368099ms]
ply 33 (B, RubiChess): e8f7  [wtime=250265ms btime=356629ms]
ply 34 (W, Adapter): c1g5  [wtime=223287ms btime=356629ms]
ply 35 (B, RubiChess): c8d7  [wtime=223287ms btime=344653ms]
ply 36 (W, Adapter): g2g3  [wtime=209688ms btime=344653ms]
ply 37 (B, RubiChess): h7h6  [wtime=209688ms btime=335534ms]
ply 38 (W, Adapter): g5f4  [wtime=196849ms btime=335534ms]
ply 39 (B, RubiChess): d6d5  [wtime=196849ms btime=327262ms]
ply 40 (W, Adapter): f4e3  [wtime=186513ms btime=327262ms]
ply 41 (B, RubiChess): d5d4  [wtime=186513ms btime=320611ms]
ply 42 (W, Adapter): e3d4  [wtime=181182ms btime=320611ms]
ply 43 (B, RubiChess): d7c6  [wtime=181182ms btime=303635ms]
ply 44 (W, Adapter): h1h2  [wtime=172206ms btime=303635ms]
ply 45 (B, RubiChess): g6g5  [wtime=172206ms btime=290050ms]
ply 46 (W, Adapter): h2g1  [wtime=162460ms btime=290050ms]
ply 47 (B, RubiChess): a8a4  [wtime=162460ms btime=273230ms]
ply 48 (W, Adapter): f1b1  [wtime=159819ms btime=273230ms]
ply 49 (B, RubiChess): h8a8  [wtime=159819ms btime=263515ms]
ply 50 (W, Adapter): b1b2  [wtime=155834ms btime=263515ms]
ply 51 (B, RubiChess): f6d7  [wtime=155834ms btime=252817ms]
ply 52 (W, Adapter): d4e3  [wtime=150299ms btime=252817ms]
ply 53 (B, RubiChess): d7e5  [wtime=150299ms btime=243573ms]
ply 54 (W, Adapter): e3b6  [wtime=147939ms btime=243573ms]
ply 55 (B, RubiChess): e5f3  [wtime=147939ms btime=229070ms]
ply 56 (W, Adapter): g1f1  [wtime=144599ms btime=229070ms]
ply 57 (B, RubiChess): h6h5  [wtime=144599ms btime=225562ms]
ply 58 (W, Adapter): b6e3  [wtime=134520ms btime=225562ms]
ply 59 (B, RubiChess): h5h4  [wtime=134520ms btime=217712ms]
ply 60 (W, Adapter): g3h4  [wtime=125458ms btime=217712ms]
ply 61 (B, RubiChess): f5f4  [wtime=125458ms btime=214257ms]
ply 62 (W, Adapter): e3d4  [wtime=121614ms btime=214257ms]
ply 63 (B, RubiChess): g5h4  [wtime=121614ms btime=208207ms]
ply 64 (W, Adapter): d4b6  [wtime=118074ms btime=208207ms]
ply 65 (B, RubiChess): c6d7  [wtime=118074ms btime=199013ms]
ply 66 (W, Adapter): f1e2  [wtime=115460ms btime=199013ms]
ply 67 (B, RubiChess): e7e5  [wtime=115460ms btime=185222ms]
ply 68 (W, Adapter): a1d1  [wtime=110806ms btime=185222ms]
ply 69 (B, RubiChess): d7h3  [wtime=110806ms btime=179274ms]
ply 70 (W, Adapter): a2b1  [wtime=107431ms btime=179274ms]
ply 71 (B, RubiChess): h3g4  [wtime=107431ms btime=176611ms]
ply 72 (W, Adapter): d1c1  [wtime=95501ms btime=176611ms]
ply 73 (B, RubiChess): h4h3  [wtime=95501ms btime=166746ms]
ply 74 (W, Adapter): c1h1  [wtime=93361ms btime=166746ms]
ply 75 (B, RubiChess): a4a6  [wtime=93361ms btime=157734ms]
ply 76 (W, Adapter): b6c7  [wtime=87759ms btime=157734ms]
ply 77 (B, RubiChess): a8a7  [wtime=87759ms btime=147973ms]
ply 78 (W, Adapter): e2d1  [wtime=80632ms btime=147973ms]
ply 79 (B, RubiChess): a7c7  [wtime=80632ms btime=129647ms]
ply 80 (W, Adapter): b2b4  [wtime=74609ms btime=129647ms]
ply 81 (B, RubiChess): a6g6  [wtime=74609ms btime=113888ms]
ply 82 (W, Adapter): b1a2  [wtime=72689ms btime=113888ms]
ply 83 (B, RubiChess): f7f6  [wtime=72689ms btime=101210ms]
ply 84 (W, Adapter): d1c1  [wtime=67409ms btime=101210ms]
ply 85 (B, RubiChess): c7a7  [wtime=67409ms btime=94463ms]
ply 86 (W, Adapter): c1b2  [wtime=65095ms btime=94463ms]
ply 87 (B, RubiChess): a7a2  [wtime=65095ms btime=85701ms]
ply 88 (W, Adapter): b2a2  [wtime=63545ms btime=85701ms]
ply 89 (B, RubiChess): e4e3  [wtime=63545ms btime=81472ms]
ply 90 (W, Adapter): f2e3  [wtime=60897ms btime=81472ms]
ply 91 (B, RubiChess): f4e3  [wtime=60897ms btime=78956ms]
ply 92 (W, Adapter): b4b5  [wtime=56870ms btime=78956ms]
ply 93 (B, RubiChess): e3e2  [wtime=56870ms btime=77065ms]
ply 94 (W, Adapter): b5b1  [wtime=55160ms btime=77065ms]
ply 95 (B, RubiChess): f6g5  [wtime=55160ms btime=75304ms]
ply 96 (W, Adapter): b1c1  [wtime=53500ms btime=75304ms]
ply 97 (B, RubiChess): g6a6  [wtime=53500ms btime=73353ms]
ply 98 (W, Adapter): a2b2  [wtime=50309ms btime=73353ms]
ply 99 (B, RubiChess): a6b6  [wtime=50309ms btime=66397ms]
ply 100 (W, Adapter): b2a1  [wtime=48577ms btime=66397ms]
ply 101 (B, RubiChess): g5f4  [wtime=48577ms btime=59684ms]
ply 102 (W, Adapter): a1a2  [wtime=47109ms btime=59684ms]
ply 103 (B, RubiChess): g4f5  [wtime=47109ms btime=55727ms]
ply 104 (W, Adapter): a2a3  [wtime=45783ms btime=55727ms]
ply 105 (B, RubiChess): e5e4  [wtime=45783ms btime=45426ms]
ply 106 (W, Adapter): a3a4  [wtime=44664ms btime=45426ms]
ply 107 (B, RubiChess): b6b8  [wtime=44664ms btime=41873ms]
ply 108 (W, Adapter): a4a5  [wtime=41929ms btime=41873ms]
ply 109 (B, RubiChess): e4e3  [wtime=41929ms btime=34891ms]
ply 110 (W, Adapter): a5a6  [wtime=40167ms btime=34891ms]
ply 111 (B, RubiChess): b8a8  [wtime=40167ms btime=30053ms]
ply 112 (W, Adapter): a6b5  [wtime=37594ms btime=30053ms]
ply 113 (B, RubiChess): a8b8  [wtime=37594ms btime=29040ms]
ply 114 (W, Adapter): b5a6  [wtime=36808ms btime=29040ms]
ply 115 (B, RubiChess): b8b2  [wtime=36808ms btime=25405ms]
ply 116 (W, Adapter): a6a7  [wtime=34591ms btime=25405ms]
ply 117 (B, RubiChess): b2a2  [wtime=34591ms btime=23667ms]
ply 118 (W, Adapter): a7b7  [wtime=33720ms btime=23667ms]
ply 119 (B, RubiChess): a2c2  [wtime=33720ms btime=21530ms]
ply 120 (W, Adapter): c1a1  [wtime=32623ms btime=21530ms]
ply 121 (B, RubiChess): c2b2  [wtime=32623ms btime=20122ms]
ply 122 (W, Adapter): b7a6  [wtime=28397ms btime=20122ms]
ply 123 (B, RubiChess): b2b1  [wtime=28397ms btime=18539ms]
ply 124 (W, Adapter): a1b1  [wtime=27463ms btime=18539ms]
ply 125 (B, RubiChess): f5b1  [wtime=27463ms btime=18101ms]
ply 126 (W, Adapter): h1b1  [wtime=24663ms btime=18101ms]
ply 127 (B, RubiChess): e2e1r  [wtime=24663ms btime=17117ms]
ply 128 (W, Adapter): b1b8  [wtime=23085ms btime=17117ms]
ply 129 (B, RubiChess): e1a1  [wtime=23085ms btime=16242ms]
ply 130 (W, Adapter): a6b7  [wtime=19367ms btime=16242ms]
ply 131 (B, RubiChess): a1b1  [wtime=19367ms btime=15086ms]
ply 132 (W, Adapter): b7a7  [wtime=17382ms btime=15086ms]
ply 133 (B, RubiChess): b1b8  [wtime=17382ms btime=14544ms]
ply 134 (W, Adapter): a7b8  [wtime=16905ms btime=14544ms]
ply 135 (B, RubiChess): e3e2  [wtime=16905ms btime=14262ms]
ply 136 (W, Adapter): b8c7  [wtime=15126ms btime=14262ms]
ply 137 (B, RubiChess): f3e5  [wtime=15126ms btime=13219ms]
ply 138 (W, Adapter): c7b6  [wtime=14724ms btime=13219ms]
ply 139 (B, RubiChess): e2e1q  [wtime=14724ms btime=12598ms]
ply 140 (W, Adapter): b6b5  [wtime=13677ms btime=12598ms]
ply 141 (B, RubiChess): e1c3  [wtime=13677ms btime=12181ms]
ply 142 (W, Adapter): b5c5  [wtime=12244ms btime=12181ms]
ply 143 (B, RubiChess): h3h2  [wtime=12244ms btime=11412ms]
ply 144 (W, Adapter): c5b5  [wtime=10951ms btime=11412ms]
ply 145 (B, RubiChess): h2h1q  [wtime=10951ms btime=11310ms]
ply 146 (W, Adapter): b5b6  [wtime=9792ms btime=11310ms]
ply 147 (B, RubiChess): h1c6  [wtime=9792ms btime=11274ms]
ply 148 (W, Adapter): b6a7  [wtime=9792ms btime=11274ms]
ply 149 (B, RubiChess): c3a5  [wtime=9792ms btime=11257ms]
ply 150 (W, Adapter): a7b8  [wtime=9792ms btime=11257ms]
ply 151 (B, RubiChess): e5d7  [wtime=9792ms btime=11250ms]
ply 152: game over, result=0-1 (Outcome(termination=<Termination.CHECKMATE: 1>, winner=False))
DONE, game 3 adapter_white= True result: 0-1
