ply 0 (W, Adapter): d2d4  [wtime=600000ms btime=600000ms]
ply 1 (B, RubiChess): d7d5  [wtime=600000ms btime=585049ms]
ply 2 (W, Adapter): g1f3  [wtime=600000ms btime=585049ms]
ply 3 (B, RubiChess): g8f6  [wtime=600000ms btime=570186ms]
ply 4 (W, Adapter): c1f4  [wtime=600000ms btime=570186ms]
ply 5 (B, RubiChess): c7c5  [wtime=600000ms btime=556974ms]
ply 6 (W, Adapter): e2e3  [wtime=600000ms btime=556974ms]
ply 7 (B, RubiChess): b8c6  [wtime=600000ms btime=547860ms]
ply 8 (W, Adapter): b1d2  [wtime=599998ms btime=547860ms]
ply 9 (B, RubiChess): c5d4  [wtime=599998ms btime=528405ms]
ply 10 (W, Adapter): e3d4  [wtime=585491ms btime=528405ms]
ply 11 (B, RubiChess): a7a6  [wtime=585491ms btime=502067ms]
ply 12 (W, Adapter): f1d3  [wtime=550137ms btime=502067ms]
ply 13 (B, RubiChess): c6b4  [wtime=550137ms btime=493870ms]
ply 14 (W, Adapter): f3e5  [wtime=541773ms btime=493870ms]
ply 15 (B, RubiChess): b4d3  [wtime=541773ms btime=486350ms]
ply 16 (W, Adapter): c2d3  [wtime=533344ms btime=486350ms]
ply 17 (B, RubiChess): e7e6  [wtime=533344ms btime=477934ms]
ply 18 (W, Adapter): a1c1  [wtime=504700ms btime=477934ms]
ply 19 (B, RubiChess): d8b6  [wtime=504700ms btime=453733ms]
ply 20 (W, Adapter): d2b3  [wtime=494311ms btime=453733ms]
ply 21 (B, RubiChess): f8b4  [wtime=494311ms btime=445364ms]
ply 22 (W, Adapter): e1e2  [wtime=486924ms btime=445364ms]
ply 23 (B, RubiChess): e8g8  [wtime=486924ms btime=430793ms]
ply 24 (W, Adapter): f4g3  [wtime=451920ms btime=430793ms]
ply 25 (B, RubiChess): b4e7  [wtime=451920ms btime=418713ms]
ply 26 (W, Adapter): d1c2  [wtime=426426ms btime=418713ms]
ply 27 (B, RubiChess): f6h5  [wtime=426426ms btime=405857ms]
ply 28 (W, Adapter): e5f3  [wtime=402622ms btime=405857ms]
ply 29 (B, RubiChess): h5g3  [wtime=402622ms btime=381191ms]
ply 30 (W, Adapter): h2g3  [wtime=390947ms btime=381191ms]
ply 31 (B, RubiChess): e7d6  [wtime=390947ms btime=375954ms]
ply 32 (W, Adapter): c2d2  [wtime=376486ms btime=375954ms]
ply 33 (B, RubiChess): f7f6  [wtime=376486ms btime=369920ms]
ply 34 (W, Adapter): d2a5  [wtime=367626ms btime=369920ms]
ply 35 (B, RubiChess): b6a7  [wtime=367626ms btime=361382ms]
ply 36 (W, Adapter): a5d2  [wtime=346433ms btime=361382ms]
ply 37 (B, RubiChess): a6a5  [wtime=346433ms btime=356230ms]
ply 38 (W, Adapter): b3a1  [wtime=312205ms btime=356230ms]
ply 39 (B, RubiChess): e6e5  [wtime=312205ms btime=349927ms]
ply 40 (W, Adapter): d2e3  [wtime=283284ms btime=349927ms]
ply 41 (B, RubiChess): a7a6  [wtime=283284ms btime=344577ms]
ply 42 (W, Adapter): e2d2  [wtime=259793ms btime=344577ms]
ply 43 (B, RubiChess): a6b5  [wtime=259793ms btime=336146ms]
ply 44 (W, Adapter): b2b3  [wtime=242118ms btime=336146ms]
ply 45 (B, RubiChess): a5a4  [wtime=242118ms btime=330109ms]
ply 46 (W, Adapter): a1c2  [wtime=236785ms btime=330109ms]
ply 47 (B, RubiChess): a4b3  [wtime=236785ms btime=324706ms]
ply 48 (W, Adapter): a2b3  [wtime=232916ms btime=324706ms]
ply 49 (B, RubiChess): a8a2  [wtime=232916ms btime=320001ms]
ply 50 (W, Adapter): d2d1  [wtime=201879ms btime=320001ms]
ply 51 (B, RubiChess): c8f5  [wtime=201879ms btime=312161ms]
ply 52 (W, Adapter): b3b4  [wtime=171473ms btime=312161ms]
ply 53 (B, RubiChess): f5d3  [wtime=171473ms btime=307203ms]
ply 54 (W, Adapter): f3e1  [wtime=163556ms btime=307203ms]
ply 55 (B, RubiChess): d3c4  [wtime=163556ms btime=299567ms]
ply 56 (W, Adapter): c1b1  [wtime=144077ms btime=299567ms]
ply 57 (B, RubiChess): f8c8  [wtime=144077ms btime=295578ms]
ply 58 (W, Adapter): e3f3  [wtime=128955ms btime=295578ms]
ply 59 (B, RubiChess): a2c2  [wtime=128955ms btime=291008ms]
ply 60 (W, Adapter): e1c2  [wtime=101865ms btime=291008ms]
ply 61 (B, RubiChess): c4d3  [wtime=101865ms btime=284291ms]
ply 62 (W, Adapter): b1b2  [wtime=84963ms btime=284291ms]
ply 63 (B, RubiChess): b5c4  [wtime=84963ms btime=280813ms]
ply 64 (W, Adapter): f3e3  [wtime=75861ms btime=280813ms]
ply 65 (B, RubiChess): d3c2  [wtime=75861ms btime=276174ms]
ply 66 (W, Adapter): d1c1  [wtime=71245ms btime=276174ms]
ply 67 (B, RubiChess): d6b4  [wtime=71245ms btime=276092ms]
ply 68 (W, Adapter): h1g1  [wtime=56775ms btime=276092ms]
ply 69 (B, RubiChess): c2g6  [wtime=56775ms btime=276086ms]
ply 70 (W, Adapter): c1d1  [wtime=52482ms btime=276086ms]
ply 71 (B, RubiChess): c8a8  [wtime=52482ms btime=276084ms]
ply 72 (W, Adapter): e3a3  [wtime=46993ms btime=276084ms]
ply 73 (B, RubiChess): a8a3  [wtime=46993ms btime=276081ms]
ply 74 (W, Adapter): b2b4  [wtime=44042ms btime=276081ms]
ply 75 (B, RubiChess): a3a1  [wtime=44042ms btime=276081ms]
ply 76 (W, Adapter): b4b1  [wtime=41283ms btime=276081ms]
ply 77 (B, RubiChess): a1b1  [wtime=41283ms btime=276080ms]
ply 78 (W, Adapter): d1d2  [wtime=41149ms btime=276080ms]
ply 79 (B, RubiChess): c4d3  [wtime=41149ms btime=276079ms]
ply 80: game over, result=0-1 (Outcome(termination=<Termination.CHECKMATE: 1>, winner=False))
DONE, game 1 adapter_white= True result: 0-1
