ply 0 (W, Adapter): d2d4  [wtime=599999ms btime=600000ms]
ply 1 (B, RubiChess): d7d5  [wtime=599999ms btime=585496ms]
ply 2 (W, Adapter): c2c4  [wtime=599995ms btime=585496ms]
ply 3 (B, RubiChess): e7e6  [wtime=599995ms btime=576379ms]
ply 4 (W, Adapter): b1c3  [wtime=599995ms btime=576379ms]
ply 5 (B, RubiChess): g8f6  [wtime=599995ms btime=561422ms]
ply 6 (W, Adapter): c1g5  [wtime=599995ms btime=561422ms]
ply 7 (B, RubiChess): f8e7  [wtime=599995ms btime=551215ms]
ply 8 (W, Adapter): e2e3  [wtime=599994ms btime=551215ms]
ply 9 (B, RubiChess): e8g8  [wtime=599994ms btime=537252ms]
ply 10 (W, Adapter): g1f3  [wtime=599994ms btime=537252ms]
ply 11 (B, RubiChess): h7h6  [wtime=599994ms btime=527635ms]
ply 12 (W, Adapter): g5h4  [wtime=599994ms btime=527635ms]
ply 13 (B, RubiChess): b7b6  [wtime=599994ms btime=515058ms]
ply 14 (W, Adapter): h4g3  [wtime=543331ms btime=515058ms]
ply 15 (B, RubiChess): c8a6  [wtime=543331ms btime=492819ms]
ply 16 (W, Adapter): h2h3  [wtime=533877ms btime=492819ms]
ply 17 (B, RubiChess): d5c4  [wtime=533877ms btime=479076ms]
ply 18 (W, Adapter): a1c1  [wtime=516955ms btime=479076ms]
ply 19 (B, RubiChess): c7c5  [wtime=516955ms btime=467235ms]
ply 20 (W, Adapter): f1e2  [wtime=505909ms btime=467235ms]
ply 21 (B, RubiChess): b8c6  [wtime=505909ms btime=458940ms]
ply 22 (W, Adapter): d1a4  [wtime=461151ms btime=458940ms]
ply 23 (B, RubiChess): c5d4  [wtime=461151ms btime=447873ms]
ply 24 (W, Adapter): a4a6  [wtime=446247ms btime=447873ms]
ply 25 (B, RubiChess): d4c3  [wtime=446247ms btime=441205ms]
ply 26 (W, Adapter): b2c3  [wtime=434883ms btime=441205ms]
ply 27 (B, RubiChess): c6a5  [wtime=434883ms btime=433471ms]
ply 28 (W, Adapter): f3d2  [wtime=414946ms btime=433471ms]
ply 29 (B, RubiChess): d8c8  [wtime=414946ms btime=425452ms]
ply 30 (W, Adapter): a6b5  [wtime=398998ms btime=425452ms]
ply 31 (B, RubiChess): f8d8  [wtime=398998ms btime=416757ms]
ply 32 (W, Adapter): e2f3  [wtime=386778ms btime=416757ms]
ply 33 (B, RubiChess): f6d5  [wtime=386778ms btime=409160ms]
ply 34 (W, Adapter): e3e4  [wtime=374271ms btime=409160ms]
ply 35 (B, RubiChess): d5f6  [wtime=374271ms btime=392409ms]
ply 36 (W, Adapter): c1d1  [wtime=351682ms btime=392409ms]
ply 37 (B, RubiChess): d8d3  [wtime=351682ms btime=384916ms]
ply 38 (W, Adapter): e1g1  [wtime=345389ms btime=384916ms]
ply 39 (B, RubiChess): c8d7  [wtime=345389ms btime=378429ms]
ply 40 (W, Adapter): b5d7  [wtime=337217ms btime=378429ms]
ply 41 (B, RubiChess): d3d7  [wtime=337217ms btime=372617ms]
ply 42 (W, Adapter): e4e5  [wtime=331164ms btime=372617ms]
ply 43 (B, RubiChess): f6d5  [wtime=331164ms btime=367520ms]
ply 44 (W, Adapter): d2e4  [wtime=326097ms btime=367520ms]
ply 45 (B, RubiChess): a8d8  [wtime=326097ms btime=359472ms]
ply 46 (W, Adapter): d1c1  [wtime=297074ms btime=359472ms]
ply 47 (B, RubiChess): e7a3  [wtime=297074ms btime=353274ms]
ply 48 (W, Adapter): c1d1  [wtime=274585ms btime=353274ms]
ply 49 (B, RubiChess): b6b5  [wtime=274585ms btime=345636ms]
ply 50 (W, Adapter): d1d2  [wtime=268880ms btime=345636ms]
ply 51 (B, RubiChess): a5c6  [wtime=268880ms btime=337284ms]
ply 52 (W, Adapter): f1b1  [wtime=252150ms btime=337284ms]
ply 53 (B, RubiChess): b5b4  [wtime=252150ms btime=329498ms]
ply 54 (W, Adapter): c3b4  [wtime=248120ms btime=329498ms]
ply 55 (B, RubiChess): c6b4  [wtime=248120ms btime=324434ms]
ply 56 (W, Adapter): b1d1  [wtime=243789ms btime=324434ms]
ply 57 (B, RubiChess): d8c8  [wtime=243789ms btime=317217ms]
ply 58 (W, Adapter): e4c3  [wtime=218468ms btime=317217ms]
ply 59 (B, RubiChess): d5c3  [wtime=218468ms btime=312876ms]
ply 60 (W, Adapter): d2d7  [wtime=209256ms btime=312876ms]
ply 61 (B, RubiChess): c3d1  [wtime=209256ms btime=304988ms]
ply 62 (W, Adapter): d7a7  [wtime=203588ms btime=304988ms]
ply 63 (B, RubiChess): d1c3  [wtime=203588ms btime=290417ms]
ply 64 (W, Adapter): a7a3  [wtime=195990ms btime=290417ms]
ply 65 (B, RubiChess): c3d5  [wtime=195990ms btime=284488ms]
ply 66 (W, Adapter): f3e4  [wtime=180937ms btime=284488ms]
ply 67 (B, RubiChess): c4c3  [wtime=180937ms btime=280669ms]
ply 68 (W, Adapter): h3h4  [wtime=149387ms btime=280669ms]
ply 69 (B, RubiChess): g7g5  [wtime=149387ms btime=276397ms]
ply 70 (W, Adapter): a3a4  [wtime=144725ms btime=276397ms]
ply 71 (B, RubiChess): g8g7  [wtime=144725ms btime=272437ms]
ply 72 (W, Adapter): a2a3  [wtime=140032ms btime=272437ms]
ply 73 (B, RubiChess): c3c2  [wtime=140032ms btime=267294ms]
ply 74 (W, Adapter): e4c2  [wtime=136718ms btime=267294ms]
ply 75 (B, RubiChess): b4c2  [wtime=136718ms btime=261692ms]
ply 76 (W, Adapter): a4a6  [wtime=130086ms btime=261692ms]
ply 77 (B, RubiChess): c8c3  [wtime=130086ms btime=251244ms]
ply 78 (W, Adapter): a3a4  [wtime=128120ms btime=251244ms]
ply 79 (B, RubiChess): c2d4  [wtime=128120ms btime=247985ms]
ply 80 (W, Adapter): g1h2  [wtime=126072ms btime=247985ms]
ply 81 (B, RubiChess): d4e2  [wtime=126072ms btime=242560ms]
ply 82 (W, Adapter): h4g5  [wtime=120731ms btime=242560ms]
ply 83 (B, RubiChess): h6g5  [wtime=120731ms btime=237569ms]
ply 84 (W, Adapter): a6a8  [wtime=114347ms btime=237569ms]
ply 85 (B, RubiChess): e2g3  [wtime=114347ms btime=232084ms]
ply 86 (W, Adapter): f2g3  [wtime=112600ms btime=232084ms]
ply 87 (B, RubiChess): d5e3  [wtime=112600ms btime=227349ms]
ply 88 (W, Adapter): a4a5  [wtime=108513ms btime=227349ms]
ply 89 (B, RubiChess): e3g4  [wtime=108513ms btime=224293ms]
ply 90 (W, Adapter): h2h3  [wtime=106217ms btime=224293ms]
ply 91 (B, RubiChess): g4e5  [wtime=106217ms btime=221375ms]
ply 92 (W, Adapter): a5a6  [wtime=104534ms btime=221375ms]
ply 93 (B, RubiChess): c3c1  [wtime=104534ms btime=216182ms]
ply 94 (W, Adapter): g3g4  [wtime=100728ms btime=216182ms]
ply 95 (B, RubiChess): c1c3  [wtime=100728ms btime=209211ms]
ply 96 (W, Adapter): g2g3  [wtime=98538ms btime=209211ms]
ply 97 (B, RubiChess): c3c2  [wtime=98538ms btime=203724ms]
ply 98 (W, Adapter): a8g8  [wtime=92241ms btime=203724ms]
ply 99 (B, RubiChess): g7g8  [wtime=92241ms btime=197251ms]
ply 100 (W, Adapter): a6a7  [wtime=92070ms btime=197251ms]
ply 101 (B, RubiChess): c2a2  [wtime=92070ms btime=195789ms]
ply 102 (W, Adapter): a7a8q  [wtime=90190ms btime=195789ms]
ply 103 (B, RubiChess): a2a8  [wtime=90190ms btime=195488ms]
ply 104 (W, Adapter): h3g2  [wtime=88016ms btime=195488ms]
ply 105 (B, RubiChess): e5g4  [wtime=88016ms btime=195230ms]
ply 106 (W, Adapter): g2f3  [wtime=77523ms btime=195230ms]
ply 107 (B, RubiChess): f7f5  [wtime=77523ms btime=195098ms]
ply 108 (W, Adapter): f3e2  [wtime=72969ms btime=195098ms]
ply 109 (B, RubiChess): a8a3  [wtime=72969ms btime=195028ms]
ply 110 (W, Adapter): e2e1  [wtime=67381ms btime=195028ms]
ply 111 (B, RubiChess): f5f4  [wtime=67381ms btime=194979ms]
ply 112 (W, Adapter): g3f4  [wtime=66202ms btime=194979ms]
ply 113 (B, RubiChess): g5f4  [wtime=66202ms btime=194971ms]
ply 114 (W, Adapter): e1d2  [wtime=65129ms btime=194971ms]
ply 115 (B, RubiChess): f4f3  [wtime=65129ms btime=194971ms]
ply 116 (W, Adapter): d2c2  [wtime=61044ms btime=194971ms]
ply 117 (B, RubiChess): f3f2  [wtime=61044ms btime=194951ms]
ply 118 (W, Adapter): c2b2  [wtime=56652ms btime=194951ms]
ply 119 (B, RubiChess): a3e3  [wtime=56652ms btime=194950ms]
ply 120 (W, Adapter): b2c2  [wtime=54910ms btime=194950ms]
ply 121 (B, RubiChess): f2f1q  [wtime=54910ms btime=194949ms]
ply 122 (W, Adapter): c2b2  [wtime=46330ms btime=194949ms]
ply 123 (B, RubiChess): f1g2  [wtime=46330ms btime=194949ms]
ply 124 (W, Adapter): b2c1  [wtime=43304ms btime=194949ms]
ply 125 (B, RubiChess): e3e1  [wtime=43304ms btime=194949ms]
ply 126: game over, result=0-1 (Outcome(termination=<Termination.CHECKMATE: 1>, winner=False))
DONE, game 3 adapter_white= True result: 0-1
