ply 0 (W, RubiChess): e2e4  [wtime=588776ms btime=600000ms]
ply 1 (B, Adapter): c7c6  [wtime=588776ms btime=599992ms]
ply 2 (W, RubiChess): d2d4  [wtime=579891ms btime=599992ms]
ply 3 (B, Adapter): d7d5  [wtime=579891ms btime=599992ms]
ply 4 (W, RubiChess): e4e5  [wtime=551335ms btime=599992ms]
ply 5 (B, Adapter): c8f5  [wtime=551335ms btime=599992ms]
ply 6 (W, RubiChess): h2h4  [wtime=543417ms btime=599992ms]
ply 7 (B, Adapter): e7e6  [wtime=543417ms btime=568231ms]
ply 8 (W, RubiChess): g2g4  [wtime=531061ms btime=568231ms]
ply 9 (B, Adapter): f5e4  [wtime=531061ms btime=545775ms]
ply 10 (W, RubiChess): f2f3  [wtime=520806ms btime=545775ms]
ply 11 (B, Adapter): e4g6  [wtime=520806ms btime=486003ms]
ply 12 (W, RubiChess): h4h5  [wtime=510436ms btime=486003ms]
ply 13 (B, Adapter): f8e7  [wtime=510436ms btime=464171ms]
ply 14 (W, RubiChess): h5g6  [wtime=501136ms btime=464171ms]
ply 15 (B, Adapter): e7h4  [wtime=501136ms btime=451254ms]
ply 16 (W, RubiChess): e1e2  [wtime=493037ms btime=451254ms]
ply 17 (B, Adapter): h7g6  [wtime=493037ms btime=439697ms]
ply 18 (W, RubiChess): f3f4  [wtime=481337ms btime=439697ms]
ply 19 (B, Adapter): h8h6  [wtime=481337ms btime=397146ms]
ply 20 (W, RubiChess): f1h3  [wtime=461214ms btime=397146ms]
ply 21 (B, Adapter): h4e7  [wtime=461214ms btime=378107ms]
ply 22 (W, RubiChess): c2c3  [wtime=431158ms btime=378107ms]
ply 23 (B, Adapter): c6c5  [wtime=431158ms btime=365395ms]
ply 24 (W, RubiChess): g1f3  [wtime=422523ms btime=365395ms]
ply 25 (B, Adapter): b8c6  [wtime=422523ms btime=358673ms]
ply 26 (W, RubiChess): c1e3  [wtime=402568ms btime=358673ms]
ply 27 (B, Adapter): d8b6  [wtime=402568ms btime=344360ms]
ply 28 (W, RubiChess): d1b3  [wtime=394547ms btime=344360ms]
ply 29 (B, Adapter): b6a6  [wtime=394547ms btime=321601ms]
ply 30 (W, RubiChess): e2f2  [wtime=389035ms btime=321601ms]
ply 31 (B, Adapter): c6a5  [wtime=389035ms btime=312660ms]
ply 32 (W, RubiChess): b3c2  [wtime=378299ms btime=312660ms]
ply 33 (B, Adapter): a5c4  [wtime=378299ms btime=304264ms]
ply 34 (W, RubiChess): b1d2  [wtime=373348ms btime=304264ms]
ply 35 (B, Adapter): c4e3  [wtime=373348ms btime=299017ms]
ply 36 (W, RubiChess): f2e3  [wtime=367671ms btime=299017ms]
ply 37 (B, Adapter): e8c8  [wtime=367671ms btime=281811ms]
ply 38 (W, RubiChess): g4g5  [wtime=357223ms btime=281811ms]
ply 39 (B, Adapter): h6h5  [wtime=357223ms btime=276912ms]
ply 40 (W, RubiChess): d2f1  [wtime=352117ms btime=276912ms]
ply 41 (B, Adapter): c8b8  [wtime=352117ms btime=271547ms]
ply 42 (W, RubiChess): f1g3  [wtime=347623ms btime=271547ms]
ply 43 (B, Adapter): h5h8  [wtime=347623ms btime=266577ms]
ply 44 (W, RubiChess): h3f1  [wtime=341606ms btime=266577ms]
ply 45 (B, Adapter): h8h1  [wtime=341606ms btime=259486ms]
ply 46 (W, RubiChess): f1a6  [wtime=334197ms btime=259486ms]
ply 47 (B, Adapter): h1a1  [wtime=334197ms btime=250053ms]
ply 48 (W, RubiChess): c2b3  [wtime=326617ms btime=250053ms]
ply 49 (B, Adapter): d8d7  [wtime=326617ms btime=197147ms]
ply 50 (W, RubiChess): b3a4  [wtime=321719ms btime=197147ms]
ply 51 (B, Adapter): d7c7  [wtime=321719ms btime=170925ms]
ply 52 (W, RubiChess): a4e8  [wtime=317839ms btime=170925ms]
ply 53 (B, Adapter): c7c8  [wtime=317839ms btime=165637ms]
ply 54 (W, RubiChess): e8b5  [wtime=312599ms btime=165637ms]
ply 55 (B, Adapter): c8c7  [wtime=312599ms btime=134921ms]
ply 56 (W, RubiChess): a6b7  [wtime=304855ms btime=134921ms]
ply 57 (B, Adapter): c7b7  [wtime=304855ms btime=128221ms]
ply 58 (W, RubiChess): b5e8  [wtime=300831ms btime=128221ms]
ply 59 (B, Adapter): b8c7  [wtime=300831ms btime=125285ms]
ply 60 (W, RubiChess): e8g8  [wtime=295078ms btime=125285ms]
ply 61 (B, Adapter): b7b6  [wtime=295078ms btime=111304ms]
ply 62 (W, RubiChess): g8f7  [wtime=290453ms btime=111304ms]
ply 63 (B, Adapter): c7d8  [wtime=290453ms btime=108135ms]
ply 64 (W, RubiChess): f7g6  [wtime=286723ms btime=108135ms]
ply 65 (B, Adapter): a1c1  [wtime=286723ms btime=106006ms]
ply 66 (W, RubiChess): g3e2  [wtime=281046ms btime=106006ms]
ply 67 (B, Adapter): c1a1  [wtime=281046ms btime=101832ms]
ply 68 (W, RubiChess): g6g7  [wtime=276770ms btime=101832ms]
ply 69 (B, Adapter): b6b2  [wtime=276770ms btime=92675ms]
ply 70 (W, RubiChess): g7g8  [wtime=273054ms btime=92675ms]
ply 71 (B, Adapter): d8d7  [wtime=273054ms btime=89479ms]
ply 72 (W, RubiChess): f4f5  [wtime=266655ms btime=89479ms]
ply 73 (B, Adapter): e6f5  [wtime=266655ms btime=86398ms]
ply 74 (W, RubiChess): g8d5  [wtime=262248ms btime=86398ms]
ply 75 (B, Adapter): d7e8  [wtime=262248ms btime=80923ms]
ply 76 (W, RubiChess): g5g6  [wtime=255411ms btime=80923ms]
ply 77 (B, Adapter): a1a2  [wtime=255411ms btime=76111ms]
ply 78 (W, RubiChess): e2f4  [wtime=252010ms btime=76111ms]
ply 79 (B, Adapter): e7g5  [wtime=252010ms btime=65038ms]
ply 80 (W, RubiChess): f3g5  [wtime=251259ms btime=65038ms]
ply 81 (B, Adapter): c5d4  [wtime=251259ms btime=50708ms]
ply 82 (W, RubiChess): c3d4  [wtime=251235ms btime=50708ms]
ply 83 (B, Adapter): a2a3  [wtime=251235ms btime=40350ms]
ply 84 (W, RubiChess): f4d3  [wtime=251203ms btime=40350ms]
ply 85 (B, Adapter): a3c3  [wtime=251203ms btime=32036ms]
ply 86 (W, RubiChess): g6g7  [wtime=251168ms btime=32036ms]
ply 87 (B, Adapter): f5f4  [wtime=251168ms btime=25800ms]
ply 88 (W, RubiChess): e3f4  [wtime=251165ms btime=25800ms]
ply 89 (B, Adapter): b2f2  [wtime=251165ms btime=20483ms]
ply 90 (W, RubiChess): d3f2  [wtime=251165ms btime=20483ms]
ply 91 (B, Adapter): c3f3  [wtime=251165ms btime=17197ms]
ply 92 (W, RubiChess): f4f3  [wtime=251165ms btime=17197ms]
ply 93 (B, Adapter): e8e7  [wtime=251165ms btime=16066ms]
ply 94 (W, RubiChess): g7g8q  [wtime=251165ms btime=16066ms]
ply 95 (B, Adapter): a7a6  [wtime=251165ms btime=14923ms]
ply 96 (W, RubiChess): d5f7  [wtime=251165ms btime=14923ms]
ply 97: game over, result=1-0 (Outcome(termination=<Termination.CHECKMATE: 1>, winner=True))
DONE, game 2 adapter_white= False result: 1-0
