ply 0 (W, RubiChess): e2e4  [wtime=586692ms btime=600000ms]
ply 1 (B, Adapter): d7d5  [wtime=586692ms btime=600000ms]
ply 2 (W, RubiChess): e4d5  [wtime=576304ms btime=600000ms]
ply 3 (B, Adapter): d8d5  [wtime=576304ms btime=600000ms]
ply 4 (W, RubiChess): b1c3  [wtime=567603ms btime=600000ms]
ply 5 (B, Adapter): d5a5  [wtime=567603ms btime=600000ms]
ply 6 (W, RubiChess): d2d4  [wtime=556256ms btime=600000ms]
ply 7 (B, Adapter): g8f6  [wtime=556256ms btime=600000ms]
ply 8 (W, RubiChess): g1f3  [wtime=542085ms btime=600000ms]
ply 9 (B, Adapter): c7c6  [wtime=542085ms btime=600000ms]
ply 10 (W, RubiChess): f1d3  [wtime=508122ms btime=600000ms]
ply 11 (B, Adapter): h7h5  [wtime=508122ms btime=564087ms]
ply 12 (W, RubiChess): c1d2  [wtime=489550ms btime=564087ms]
ply 13 (B, Adapter): e7e6  [wtime=489550ms btime=533410ms]
ply 14 (W, RubiChess): e1g1  [wtime=480599ms btime=533410ms]
ply 15 (B, Adapter): f8e7  [wtime=480599ms btime=487043ms]
ply 16 (W, RubiChess): f1e1  [wtime=472895ms btime=487043ms]
ply 17 (B, Adapter): a5c7  [wtime=472895ms btime=438511ms]
ply 18 (W, RubiChess): d1e2  [wtime=450711ms btime=438511ms]
ply 19 (B, Adapter): a7a5  [wtime=450711ms btime=430794ms]
ply 20 (W, RubiChess): f3e5  [wtime=444005ms btime=430794ms]
ply 21 (B, Adapter): c7b6  [wtime=444005ms btime=407247ms]
ply 22 (W, RubiChess): c3e4  [wtime=433599ms btime=407247ms]
ply 23 (B, Adapter): b6d4  [wtime=433599ms btime=401093ms]
ply 24 (W, RubiChess): d2c3  [wtime=426843ms btime=401093ms]
ply 25 (B, Adapter): d4d8  [wtime=426843ms btime=382006ms]
ply 26 (W, RubiChess): e4g5  [wtime=421342ms btime=382006ms]
ply 27 (B, Adapter): e8g8  [wtime=421342ms btime=363312ms]
ply 28 (W, RubiChess): e5f7  [wtime=415024ms btime=363312ms]
ply 29 (B, Adapter): f8f7  [wtime=415024ms btime=352582ms]
ply 30 (W, RubiChess): d3g6  [wtime=407083ms btime=352582ms]
ply 31 (B, Adapter): d8d5  [wtime=407083ms btime=304897ms]
ply 32 (W, RubiChess): g6f7  [wtime=401842ms btime=304897ms]
ply 33 (B, Adapter): g8f8  [wtime=401842ms btime=285342ms]
ply 34 (W, RubiChess): h2h4  [wtime=395491ms btime=285342ms]
ply 35 (B, Adapter): f6e4  [wtime=395491ms btime=275557ms]
ply 36 (W, RubiChess): c3g7  [wtime=375715ms btime=275557ms]
ply 37 (B, Adapter): f8g7  [wtime=375715ms btime=275366ms]
ply 38 (W, RubiChess): e2h5  [wtime=369995ms btime=275366ms]
ply 39 (B, Adapter): e7g5  [wtime=369995ms btime=261795ms]
ply 40 (W, RubiChess): h5g6  [wtime=364041ms btime=261795ms]
ply 41 (B, Adapter): g7f8  [wtime=364041ms btime=256779ms]
ply 42 (W, RubiChess): e1e4  [wtime=355639ms btime=256779ms]
ply 43 (B, Adapter): f8e7  [wtime=355639ms btime=235448ms]
ply 44 (W, RubiChess): h4g5  [wtime=347909ms btime=235448ms]
ply 45 (B, Adapter): e7d8  [wtime=347909ms btime=213462ms]
ply 46 (W, RubiChess): e4e1  [wtime=332892ms btime=213462ms]
ply 47 (B, Adapter): d8c7  [wtime=332892ms btime=205578ms]
ply 48 (W, RubiChess): a1d1  [wtime=327337ms btime=205578ms]
ply 49 (B, Adapter): d5c5  [wtime=327337ms btime=198083ms]
ply 50 (W, RubiChess): g6g8  [wtime=323018ms btime=198083ms]
ply 51 (B, Adapter): b8d7  [wtime=323018ms btime=192861ms]
ply 52 (W, RubiChess): g5g6  [wtime=316967ms btime=192861ms]
ply 53 (B, Adapter): c5e7  [wtime=316967ms btime=184123ms]
ply 54 (W, RubiChess): e1e6  [wtime=310929ms btime=184123ms]
ply 55 (B, Adapter): e7g5  [wtime=310929ms btime=164104ms]
ply 56 (W, RubiChess): g6g7  [wtime=307053ms btime=164104ms]
ply 57 (B, Adapter): b7b5  [wtime=307053ms btime=156827ms]
ply 58 (W, RubiChess): e6g6  [wtime=302195ms btime=156827ms]
ply 59 (B, Adapter): g5f5  [wtime=302195ms btime=152296ms]
ply 60 (W, RubiChess): g8e8  [wtime=295327ms btime=152296ms]
ply 61 (B, Adapter): f5c2  [wtime=295327ms btime=137824ms]
ply 62 (W, RubiChess): f7b3  [wtime=289343ms btime=137824ms]
ply 63 (B, Adapter): c2d1  [wtime=289343ms btime=130147ms]
ply 64 (W, RubiChess): b3d1  [wtime=285033ms btime=130147ms]
ply 65 (B, Adapter): c8b7  [wtime=285033ms btime=127319ms]
ply 66 (W, RubiChess): e8a8  [wtime=282850ms btime=127319ms]
ply 67 (B, Adapter): b7a8  [wtime=282850ms btime=121077ms]
ply 68 (W, RubiChess): g7g8q  [wtime=282675ms btime=121077ms]
ply 69 (B, Adapter): a8b7  [wtime=282675ms btime=109703ms]
ply 70 (W, RubiChess): g6g7  [wtime=282536ms btime=109703ms]
ply 71 (B, Adapter): a5a4  [wtime=282536ms btime=103598ms]
ply 72 (W, RubiChess): g8e6  [wtime=282528ms btime=103598ms]
ply 73 (B, Adapter): b7c8  [wtime=282528ms btime=83787ms]
ply 74 (W, RubiChess): d1f3  [wtime=282517ms btime=83787ms]
ply 75 (B, Adapter): c7b6  [wtime=282517ms btime=77525ms]
ply 76 (W, RubiChess): e6c6  [wtime=282511ms btime=77525ms]
ply 77 (B, Adapter): b6a5  [wtime=282511ms btime=68947ms]
ply 78 (W, RubiChess): c6c3  [wtime=282510ms btime=68947ms]
ply 79 (B, Adapter): b5b4  [wtime=282510ms btime=54390ms]
ply 80 (W, RubiChess): c3c7  [wtime=282509ms btime=54390ms]
ply 81 (B, Adapter): d7b6  [wtime=282509ms btime=47897ms]
ply 82 (W, RubiChess): c7c5  [wtime=282509ms btime=47897ms]
ply 83 (B, Adapter): a5a6  [wtime=282509ms btime=47815ms]
ply 84 (W, RubiChess): f3e2  [wtime=282509ms btime=47815ms]
ply 85 (B, Adapter): b6c4  [wtime=282509ms btime=47735ms]
ply 86 (W, RubiChess): e2c4  [wtime=282509ms btime=47735ms]
ply 87: game over, result=1-0 (Outcome(termination=<Termination.CHECKMATE: 1>, winner=True))
DONE, game 2 adapter_white= False result: 1-0
