ply 0 (W, Adapter): d2d4  [wtime=600000ms btime=600000ms]
ply 1 (B, RubiChess): g8f6  [wtime=600000ms btime=561449ms]
ply 2 (W, Adapter): c1g5  [wtime=600000ms btime=561449ms]
ply 3 (B, RubiChess): d7d5  [wtime=600000ms btime=548333ms]
ply 4 (W, Adapter): b1c3  [wtime=584748ms btime=548333ms]
ply 5 (B, RubiChess): h7h6  [wtime=584748ms btime=527196ms]
ply 6 (W, Adapter): g5f4  [wtime=573467ms btime=527196ms]
ply 7 (B, RubiChess): a7a6  [wtime=573467ms btime=519127ms]
ply 8 (W, Adapter): g1f3  [wtime=497188ms btime=519127ms]
ply 9 (B, RubiChess): e7e6  [wtime=497188ms btime=510019ms]
ply 10 (W, Adapter): f4g3  [wtime=480906ms btime=510019ms]
ply 11 (B, RubiChess): f8b4  [wtime=480906ms btime=496899ms]
ply 12 (W, Adapter): e2e3  [wtime=439299ms btime=496899ms]
ply 13 (B, RubiChess): f6e4  [wtime=439299ms btime=485756ms]
ply 14 (W, Adapter): a2a3  [wtime=424432ms btime=485756ms]
ply 15 (B, RubiChess): b4c3  [wtime=424432ms btime=476786ms]
ply 16 (W, Adapter): b2c3  [wtime=419138ms btime=476786ms]
ply 17 (B, RubiChess): e4c3  [wtime=419138ms btime=468220ms]
ply 18 (W, Adapter): d1d3  [wtime=409441ms btime=468220ms]
ply 19 (B, RubiChess): c3e4  [wtime=409441ms btime=460644ms]
ply 20 (W, Adapter): c2c4  [wtime=399681ms btime=460644ms]
ply 21 (B, RubiChess): c7c5  [wtime=399681ms btime=449993ms]
ply 22 (W, Adapter): e1c1  [wtime=391231ms btime=449993ms]
ply 23 (B, RubiChess): b8d7  [wtime=391231ms btime=437979ms]
ply 24 (W, Adapter): f1e2  [wtime=360971ms btime=437979ms]
ply 25 (B, RubiChess): e8g8  [wtime=360971ms btime=425543ms]
ply 26 (W, Adapter): f3d2  [wtime=329972ms btime=425543ms]
ply 27 (B, RubiChess): e4g3  [wtime=329972ms btime=419839ms]
ply 28 (W, Adapter): h2g3  [wtime=324323ms btime=419839ms]
ply 29 (B, RubiChess): b7b5  [wtime=324323ms btime=413656ms]
ply 30 (W, Adapter): c4d5  [wtime=313291ms btime=413656ms]
ply 31 (B, RubiChess): c5c4  [wtime=313291ms btime=406621ms]
ply 32 (W, Adapter): d3c3  [wtime=281688ms btime=406621ms]
ply 33 (B, RubiChess): e6d5  [wtime=281688ms btime=400997ms]
ply 34 (W, Adapter): e3e4  [wtime=269240ms btime=400997ms]
ply 35 (B, RubiChess): a6a5  [wtime=269240ms btime=393275ms]
ply 36 (W, Adapter): d1e1  [wtime=218904ms btime=393275ms]
ply 37 (B, RubiChess): b5b4  [wtime=218904ms btime=384775ms]
ply 38 (W, Adapter): a3b4  [wtime=214907ms btime=384775ms]
ply 39 (B, RubiChess): a5b4  [wtime=214907ms btime=376339ms]
ply 40 (W, Adapter): c3b4  [wtime=207679ms btime=376339ms]
ply 41 (B, RubiChess): d7f6  [wtime=207679ms btime=369768ms]
ply 42 (W, Adapter): b4c3  [wtime=191159ms btime=369768ms]
ply 43 (B, RubiChess): d5e4  [wtime=191159ms btime=356086ms]
ply 44 (W, Adapter): e2c4  [wtime=172838ms btime=356086ms]
ply 45 (B, RubiChess): c8e6  [wtime=172838ms btime=350213ms]
ply 46 (W, Adapter): d2b3  [wtime=167084ms btime=350213ms]
ply 47 (B, RubiChess): f6d5  [wtime=167084ms btime=345064ms]
ply 48 (W, Adapter): c4d5  [wtime=154141ms btime=345064ms]
ply 49 (B, RubiChess): d8d5  [wtime=154141ms btime=338880ms]
ply 50 (W, Adapter): e1e3  [wtime=140397ms btime=338880ms]
ply 51 (B, RubiChess): f8b8  [wtime=140397ms btime=333739ms]
ply 52 (W, Adapter): c3b2  [wtime=122451ms btime=333739ms]
ply 53 (B, RubiChess): d5g5  [wtime=122451ms btime=327967ms]
ply 54 (W, Adapter): d4d5  [wtime=114773ms btime=327967ms]
ply 55 (B, RubiChess): e6d5  [wtime=114773ms btime=320398ms]
ply 56 (W, Adapter): c1b1  [wtime=103009ms btime=320398ms]
ply 57 (B, RubiChess): g5f5  [wtime=103009ms btime=315618ms]
ply 58 (W, Adapter): g3g4  [wtime=99576ms btime=315618ms]
ply 59 (B, RubiChess): f5e6  [wtime=99576ms btime=308333ms]
ply 60 (W, Adapter): h1h3  [wtime=97936ms btime=308333ms]
ply 61 (B, RubiChess): e6a6  [wtime=97936ms btime=302660ms]
ply 62 (W, Adapter): g4g5  [wtime=85496ms btime=302660ms]
ply 63 (B, RubiChess): d5b3  [wtime=85496ms btime=298266ms]
ply 64 (W, Adapter): e3b3  [wtime=68249ms btime=298266ms]
ply 65 (B, RubiChess): a6f1  [wtime=68249ms btime=292919ms]
ply 66 (W, Adapter): b2c1  [wtime=52650ms btime=292919ms]
ply 67 (B, RubiChess): a8a1  [wtime=52650ms btime=292909ms]
ply 68 (W, Adapter): b1a1  [wtime=47335ms btime=292909ms]
ply 69 (B, RubiChess): f1c1  [wtime=47335ms btime=292899ms]
ply 70 (W, Adapter): a1a2  [wtime=45832ms btime=292899ms]
ply 71 (B, RubiChess): c1c2  [wtime=45832ms btime=292895ms]
ply 72 (W, Adapter): a2a3  [wtime=44645ms btime=292895ms]
ply 73 (B, RubiChess): b8a8  [wtime=44645ms btime=292895ms]
ply 74 (W, Adapter): a3b4  [wtime=44530ms btime=292895ms]
ply 75 (B, RubiChess): c2c6  [wtime=44530ms btime=292894ms]
ply 76 (W, Adapter): b3g3  [wtime=35470ms btime=292894ms]
ply 77 (B, RubiChess): a8b8  [wtime=35470ms btime=292894ms]
ply 78 (W, Adapter): b4a5  [wtime=30865ms btime=292894ms]
ply 79 (B, RubiChess): c6a8  [wtime=30865ms btime=292894ms]
ply 80: game over, result=0-1 (Outcome(termination=<Termination.CHECKMATE: 1>, winner=False))
DONE, game 3 adapter_white= True result: 0-1
