Indexing opening suite...
Started game 4 of 10000 (HeavyOpt vs Main)
Started game 2 of 10000 (HeavyOpt vs Main)
Started game 6 of 10000 (HeavyOpt vs Main)
Started game 7 of 10000 (Main vs HeavyOpt)
Started game 8 of 10000 (HeavyOpt vs Main)
Started game 12 of 10000 (HeavyOpt vs Main)
Started game 1 of 10000 (Main vs HeavyOpt)
Started game 10 of 10000 (HeavyOpt vs Main)
Started game 5 of 10000 (Main vs HeavyOpt)
Started game 11 of 10000 (Main vs HeavyOpt)
Started game 3 of 10000 (Main vs HeavyOpt)
Started game 9 of 10000 (Main vs HeavyOpt)
Started game 13 of 10000 (Main vs HeavyOpt)
Finished game 4 (HeavyOpt vs Main): 1/2-1/2 {Draw by 3-fold repetition}
Score of Main vs HeavyOpt: 0 - 0 - 1  [0.500] 1
Started game 14 of 10000 (HeavyOpt vs Main)
Finished game 12 (HeavyOpt vs Main): 1-0 {White wins by adjudication}
Score of Main vs HeavyOpt: 0 - 1 - 1  [0.250] 2
Started game 15 of 10000 (Main vs HeavyOpt)
Finished game 1 (Main vs HeavyOpt): 0-1 {Black wins by adjudication}
Score of Main vs HeavyOpt: 0 - 2 - 1  [0.167] 3
Started game 16 of 10000 (HeavyOpt vs Main)
Finished game 11 (Main vs HeavyOpt): 0-1 {Black wins by adjudication}
Score of Main vs HeavyOpt: 0 - 3 - 1  [0.125] 4
Started game 17 of 10000 (Main vs HeavyOpt)
Finished game 13 (Main vs HeavyOpt): 0-1 {Black wins by adjudication}
Score of Main vs HeavyOpt: 0 - 4 - 1  [0.100] 5
Started game 18 of 10000 (HeavyOpt vs Main)
Finished game 10 (HeavyOpt vs Main): 1-0 {White wins by adjudication}
Score of Main vs HeavyOpt: 0 - 5 - 1  [0.083] 6
Started game 19 of 10000 (Main vs HeavyOpt)
Finished game 7 (Main vs HeavyOpt): 1/2-1/2 {Draw by insufficient mating material}
Score of Main vs HeavyOpt: 0 - 5 - 2  [0.143] 7
Started game 20 of 10000 (HeavyOpt vs Main)
Finished game 3 (Main vs HeavyOpt): 0-1 {Black wins by adjudication}
Score of Main vs HeavyOpt: 0 - 6 - 2  [0.125] 8
Started game 21 of 10000 (Main vs HeavyOpt)
Finished game 2 (HeavyOpt vs Main): 1-0 {White wins by adjudication}
Score of Main vs HeavyOpt: 0 - 7 - 2  [0.111] 9
Started game 22 of 10000 (HeavyOpt vs Main)
Finished game 9 (Main vs HeavyOpt): 0-1 {Black wins by adjudication}
Score of Main vs HeavyOpt: 0 - 8 - 2  [0.100] 10
Started game 23 of 10000 (Main vs HeavyOpt)
Finished game 5 (Main vs HeavyOpt): 0-1 {Black wins by adjudication}
Score of Main vs HeavyOpt: 0 - 9 - 2  [0.091] 11
Started game 24 of 10000 (HeavyOpt vs Main)
Finished game 8 (HeavyOpt vs Main): 1-0 {White wins by adjudication}
Score of Main vs HeavyOpt: 0 - 10 - 2  [0.083] 12
Started game 25 of 10000 (Main vs HeavyOpt)
Finished game 6 (HeavyOpt vs Main): 1-0 {White wins by adjudication}
Score of Main vs HeavyOpt: 0 - 11 - 2  [0.077] 13
Started game 26 of 10000 (HeavyOpt vs Main)
Finished game 16 (HeavyOpt vs Main): 0-1 {Black wins by adjudication}
Score of Main vs HeavyOpt: 1 - 11 - 2  [0.143] 14
Started game 27 of 10000 (Main vs HeavyOpt)
Finished game 14 (HeavyOpt vs Main): 1-0 {White wins by adjudication}
Score of Main vs HeavyOpt: 1 - 12 - 2  [0.133] 15
Started game 28 of 10000 (HeavyOpt vs Main)
Finished game 15 (Main vs HeavyOpt): 0-1 {Black wins by adjudication}
Score of Main vs HeavyOpt: 1 - 13 - 2  [0.125] 16
Started game 29 of 10000 (Main vs HeavyOpt)
Finished game 18 (HeavyOpt vs Main): 1-0 {White wins by adjudication}
Score of Main vs HeavyOpt: 1 - 14 - 2  [0.118] 17
Started game 30 of 10000 (HeavyOpt vs Main)
Finished game 22 (HeavyOpt vs Main): 1-0 {White wins by adjudication}
Score of Main vs HeavyOpt: 1 - 15 - 2  [0.111] 18
Started game 31 of 10000 (Main vs HeavyOpt)
Finished game 19 (Main vs HeavyOpt): 0-1 {Black wins by adjudication}
Score of Main vs HeavyOpt: 1 - 16 - 2  [0.105] 19
Started game 32 of 10000 (HeavyOpt vs Main)
Finished game 23 (Main vs HeavyOpt): 0-1 {Black wins by adjudication}
Score of Main vs HeavyOpt: 1 - 17 - 2  [0.100] 20
Started game 33 of 10000 (Main vs HeavyOpt)
Finished game 24 (HeavyOpt vs Main): 1-0 {White wins by adjudication}
Score of Main vs HeavyOpt: 1 - 18 - 2  [0.095] 21
Started game 34 of 10000 (HeavyOpt vs Main)
Finished game 20 (HeavyOpt vs Main): 1-0 {White wins by adjudication}
Score of Main vs HeavyOpt: 1 - 19 - 2  [0.091] 22
Started game 35 of 10000 (Main vs HeavyOpt)
Finished game 17 (Main vs HeavyOpt): 1/2-1/2 {Draw by insufficient mating material}
Score of Main vs HeavyOpt: 1 - 19 - 3  [0.109] 23
Started game 36 of 10000 (HeavyOpt vs Main)
Finished game 21 (Main vs HeavyOpt): 1-0 {White wins by adjudication}
Score of Main vs HeavyOpt: 2 - 19 - 3  [0.146] 24
Started game 37 of 10000 (Main vs HeavyOpt)
Finished game 25 (Main vs HeavyOpt): 1/2-1/2 {Draw by insufficient mating material}
Score of Main vs HeavyOpt: 2 - 19 - 4  [0.160] 25
Started game 38 of 10000 (HeavyOpt vs Main)
Finished game 26 (HeavyOpt vs Main): 1-0 {White wins by adjudication}
Score of Main vs HeavyOpt: 2 - 20 - 4  [0.154] 26
Started game 39 of 10000 (Main vs HeavyOpt)
Finished game 27 (Main vs HeavyOpt): 0-1 {Black wins by adjudication}
Score of Main vs HeavyOpt: 2 - 21 - 4  [0.148] 27
Started game 40 of 10000 (HeavyOpt vs Main)
Finished game 29 (Main vs HeavyOpt): 0-1 {Black wins by adjudication}
Score of Main vs HeavyOpt: 2 - 22 - 4  [0.143] 28
Started game 41 of 10000 (Main vs HeavyOpt)
Finished game 28 (HeavyOpt vs Main): 1-0 {White wins by adjudication}
Score of Main vs HeavyOpt: 2 - 23 - 4  [0.138] 29
Started game 42 of 10000 (HeavyOpt vs Main)
Finished game 31 (Main vs HeavyOpt): 1/2-1/2 {Draw by adjudication}
Score of Main vs HeavyOpt: 2 - 23 - 5  [0.150] 30
Started game 43 of 10000 (Main vs HeavyOpt)
Finished game 30 (HeavyOpt vs Main): 0-1 {Black wins by adjudication}
Score of Main vs HeavyOpt: 3 - 23 - 5  [0.177] 31
Started game 44 of 10000 (HeavyOpt vs Main)
Finished game 33 (Main vs HeavyOpt): 0-1 {Black wins by adjudication}
Score of Main vs HeavyOpt: 3 - 24 - 5  [0.172] 32
Started game 45 of 10000 (Main vs HeavyOpt)
Finished game 35 (Main vs HeavyOpt): 0-1 {Black wins by adjudication}
Score of Main vs HeavyOpt: 3 - 25 - 5  [0.167] 33
Started game 46 of 10000 (HeavyOpt vs Main)
Finished game 34 (HeavyOpt vs Main): 1-0 {White wins by adjudication}
Score of Main vs HeavyOpt: 3 - 26 - 5  [0.162] 34
Started game 47 of 10000 (Main vs HeavyOpt)
Finished game 37 (Main vs HeavyOpt): 0-1 {Black wins by adjudication}
Score of Main vs HeavyOpt: 3 - 27 - 5  [0.157] 35
Started game 48 of 10000 (HeavyOpt vs Main)
Finished game 36 (HeavyOpt vs Main): 1-0 {White wins by adjudication}
Score of Main vs HeavyOpt: 3 - 28 - 5  [0.153] 36
Started game 49 of 10000 (Main vs HeavyOpt)
Finished game 39 (Main vs HeavyOpt): 0-1 {Black wins by adjudication}
Score of Main vs HeavyOpt: 3 - 29 - 5  [0.149] 37
Started game 50 of 10000 (HeavyOpt vs Main)
Finished game 38 (HeavyOpt vs Main): 1-0 {White wins by adjudication}
Score of Main vs HeavyOpt: 3 - 30 - 5  [0.145] 38
Started game 51 of 10000 (Main vs HeavyOpt)
Finished game 41 (Main vs HeavyOpt): 0-1 {Black wins by adjudication}
Score of Main vs HeavyOpt: 3 - 31 - 5  [0.141] 39
Started game 52 of 10000 (HeavyOpt vs Main)
Finished game 42 (HeavyOpt vs Main): 1-0 {White wins by adjudication}
Score of Main vs HeavyOpt: 3 - 32 - 5  [0.138] 40
Started game 53 of 10000 (Main vs HeavyOpt)
Finished game 44 (HeavyOpt vs Main): 1/2-1/2 {Draw by insufficient mating material}
Score of Main vs HeavyOpt: 3 - 32 - 6  [0.146] 41
Started game 54 of 10000 (HeavyOpt vs Main)
Finished game 32 (HeavyOpt vs Main): 1/2-1/2 {Draw by adjudication}
Score of Main vs HeavyOpt: 3 - 32 - 7  [0.155] 42
Started game 55 of 10000 (Main vs HeavyOpt)
Finished game 43 (Main vs HeavyOpt): 1/2-1/2 {Draw by adjudication}
Score of Main vs HeavyOpt: 3 - 32 - 8  [0.163] 43
Started game 56 of 10000 (HeavyOpt vs Main)
Finished game 40 (HeavyOpt vs Main): 1/2-1/2 {Draw by adjudication}
Score of Main vs HeavyOpt: 3 - 32 - 9  [0.170] 44
Started game 57 of 10000 (Main vs HeavyOpt)
Finished game 45 (Main vs HeavyOpt): 0-1 {Black wins by adjudication}
Score of Main vs HeavyOpt: 3 - 33 - 9  [0.167] 45
Started game 58 of 10000 (HeavyOpt vs Main)
Finished game 47 (Main vs HeavyOpt): 0-1 {Black wins by adjudication}
Score of Main vs HeavyOpt: 3 - 34 - 9  [0.163] 46
Started game 59 of 10000 (Main vs HeavyOpt)
Finished game 48 (HeavyOpt vs Main): 1-0 {White wins by adjudication}
Score of Main vs HeavyOpt: 3 - 35 - 9  [0.160] 47
Started game 60 of 10000 (HeavyOpt vs Main)
Finished game 49 (Main vs HeavyOpt): 0-1 {Black wins by adjudication}
Score of Main vs HeavyOpt: 3 - 36 - 9  [0.156] 48
Started game 61 of 10000 (Main vs HeavyOpt)
Finished game 50 (HeavyOpt vs Main): 1-0 {White wins by adjudication}
Score of Main vs HeavyOpt: 3 - 37 - 9  [0.153] 49
Started game 62 of 10000 (HeavyOpt vs Main)
Finished game 56 (HeavyOpt vs Main): 1-0 {White wins by adjudication}
Score of Main vs HeavyOpt: 3 - 38 - 9  [0.150] 50
Started game 63 of 10000 (Main vs HeavyOpt)
Finished game 52 (HeavyOpt vs Main): 1-0 {White wins by adjudication}
Score of Main vs HeavyOpt: 3 - 39 - 9  [0.147] 51
Started game 64 of 10000 (HeavyOpt vs Main)
Finished game 51 (Main vs HeavyOpt): 0-1 {Black wins by adjudication}
Score of Main vs HeavyOpt: 3 - 40 - 9  [0.144] 52
Started game 65 of 10000 (Main vs HeavyOpt)
Finished game 46 (HeavyOpt vs Main): 1/2-1/2 {Draw by adjudication}
Score of Main vs HeavyOpt: 3 - 40 - 10  [0.151] 53
Started game 66 of 10000 (HeavyOpt vs Main)
Finished game 58 (HeavyOpt vs Main): 1-0 {White wins by adjudication}
Score of Main vs HeavyOpt: 3 - 41 - 10  [0.148] 54
Started game 67 of 10000 (Main vs HeavyOpt)
Finished game 54 (HeavyOpt vs Main): 1-0 {White wins by adjudication}
Score of Main vs HeavyOpt: 3 - 42 - 10  [0.145] 55
Started game 68 of 10000 (HeavyOpt vs Main)
Finished game 57 (Main vs HeavyOpt): 0-1 {Black wins by adjudication}
Score of Main vs HeavyOpt: 3 - 43 - 10  [0.143] 56
Started game 69 of 10000 (Main vs HeavyOpt)
Finished game 55 (Main vs HeavyOpt): 1/2-1/2 {Draw by insufficient mating material}
Score of Main vs HeavyOpt: 3 - 43 - 11  [0.149] 57
Started game 70 of 10000 (HeavyOpt vs Main)
Finished game 53 (Main vs HeavyOpt): 1/2-1/2 {Draw by fifty moves rule}
Score of Main vs HeavyOpt: 3 - 43 - 12  [0.155] 58
Started game 71 of 10000 (Main vs HeavyOpt)
Finished game 61 (Main vs HeavyOpt): 0-1 {Black wins by adjudication}
Score of Main vs HeavyOpt: 3 - 44 - 12  [0.153] 59
Started game 72 of 10000 (HeavyOpt vs Main)
Finished game 59 (Main vs HeavyOpt): 1/2-1/2 {Draw by adjudication}
Score of Main vs HeavyOpt: 3 - 44 - 13  [0.158] 60
Started game 73 of 10000 (Main vs HeavyOpt)
Finished game 64 (HeavyOpt vs Main): 1-0 {White wins by adjudication}
Score of Main vs HeavyOpt: 3 - 45 - 13  [0.156] 61
Started game 74 of 10000 (HeavyOpt vs Main)
Finished game 63 (Main vs HeavyOpt): 0-1 {Black wins by adjudication}
Score of Main vs HeavyOpt: 3 - 46 - 13  [0.153] 62
Started game 75 of 10000 (Main vs HeavyOpt)
Finished game 62 (HeavyOpt vs Main): 1-0 {White wins by adjudication}
Score of Main vs HeavyOpt: 3 - 47 - 13  [0.151] 63
Started game 76 of 10000 (HeavyOpt vs Main)
Finished game 65 (Main vs HeavyOpt): 1/2-1/2 {Draw by insufficient mating material}
Score of Main vs HeavyOpt: 3 - 47 - 14  [0.156] 64
Started game 77 of 10000 (Main vs HeavyOpt)
Finished game 60 (HeavyOpt vs Main): 1-0 {White wins by adjudication}
Score of Main vs HeavyOpt: 3 - 48 - 14  [0.154] 65
Started game 78 of 10000 (HeavyOpt vs Main)
Finished game 66 (HeavyOpt vs Main): 1-0 {White wins by adjudication}
Score of Main vs HeavyOpt: 3 - 49 - 14  [0.152] 66
Started game 79 of 10000 (Main vs HeavyOpt)
Finished game 68 (HeavyOpt vs Main): 1-0 {White wins by adjudication}
Score of Main vs HeavyOpt: 3 - 50 - 14  [0.149] 67
Started game 80 of 10000 (HeavyOpt vs Main)
Finished game 67 (Main vs HeavyOpt): 0-1 {Black wins by adjudication}
Score of Main vs HeavyOpt: 3 - 51 - 14  [0.147] 68
Started game 81 of 10000 (Main vs HeavyOpt)
Finished game 70 (HeavyOpt vs Main): 1-0 {White wins by adjudication}
Score of Main vs HeavyOpt: 3 - 52 - 14  [0.145] 69
Started game 82 of 10000 (HeavyOpt vs Main)
Finished game 69 (Main vs HeavyOpt): 1/2-1/2 {Draw by insufficient mating material}
Score of Main vs HeavyOpt: 3 - 52 - 15  [0.150] 70
Started game 83 of 10000 (Main vs HeavyOpt)
Finished game 71 (Main vs HeavyOpt): 1/2-1/2 {Draw by 3-fold repetition}
Score of Main vs HeavyOpt: 3 - 52 - 16  [0.155] 71
Started game 84 of 10000 (HeavyOpt vs Main)
Finished game 75 (Main vs HeavyOpt): 0-1 {Black wins by adjudication}
Score of Main vs HeavyOpt: 3 - 53 - 16  [0.153] 72
Started game 85 of 10000 (Main vs HeavyOpt)
Finished game 77 (Main vs HeavyOpt): 0-1 {Black mates}
Score of Main vs HeavyOpt: 3 - 54 - 16  [0.151] 73
Started game 86 of 10000 (HeavyOpt vs Main)
Finished game 73 (Main vs HeavyOpt): 1-0 {White wins by adjudication}
Score of Main vs HeavyOpt: 4 - 54 - 16  [0.162] 74
Started game 87 of 10000 (Main vs HeavyOpt)
Finished game 72 (HeavyOpt vs Main): 1/2-1/2 {Draw by insufficient mating material}
Score of Main vs HeavyOpt: 4 - 54 - 17  [0.167] 75
Started game 88 of 10000 (HeavyOpt vs Main)
Finished game 74 (HeavyOpt vs Main): 1-0 {White wins by adjudication}
Score of Main vs HeavyOpt: 4 - 55 - 17  [0.164] 76
Started game 89 of 10000 (Main vs HeavyOpt)
Finished game 81 (Main vs HeavyOpt): 0-1 {Black wins by adjudication}
Score of Main vs HeavyOpt: 4 - 56 - 17  [0.162] 77
Started game 90 of 10000 (HeavyOpt vs Main)
Finished game 76 (HeavyOpt vs Main): 1-0 {White wins by adjudication}
Score of Main vs HeavyOpt: 4 - 57 - 17  [0.160] 78
Started game 91 of 10000 (Main vs HeavyOpt)
Finished game 82 (HeavyOpt vs Main): 1-0 {White wins by adjudication}
Score of Main vs HeavyOpt: 4 - 58 - 17  [0.158] 79
Started game 92 of 10000 (HeavyOpt vs Main)
Finished game 80 (HeavyOpt vs Main): 1-0 {White wins by adjudication}
Score of Main vs HeavyOpt: 4 - 59 - 17  [0.156] 80
Started game 93 of 10000 (Main vs HeavyOpt)
Finished game 79 (Main vs HeavyOpt): 0-1 {Black wins by adjudication}
Score of Main vs HeavyOpt: 4 - 60 - 17  [0.154] 81
Started game 94 of 10000 (HeavyOpt vs Main)
Finished game 78 (HeavyOpt vs Main): 1-0 {White wins by adjudication}
Score of Main vs HeavyOpt: 4 - 61 - 17  [0.152] 82
Started game 95 of 10000 (Main vs HeavyOpt)
Finished game 84 (HeavyOpt vs Main): 1-0 {White wins by adjudication}
Score of Main vs HeavyOpt: 4 - 62 - 17  [0.151] 83
Started game 96 of 10000 (HeavyOpt vs Main)
Finished game 86 (HeavyOpt vs Main): 1-0 {White wins by adjudication}
Score of Main vs HeavyOpt: 4 - 63 - 17  [0.149] 84
Started game 97 of 10000 (Main vs HeavyOpt)
Finished game 83 (Main vs HeavyOpt): 0-1 {Black wins by adjudication}
Score of Main vs HeavyOpt: 4 - 64 - 17  [0.147] 85
Started game 98 of 10000 (HeavyOpt vs Main)
Finished game 87 (Main vs HeavyOpt): 0-1 {Black wins by adjudication}
Score of Main vs HeavyOpt: 4 - 65 - 17  [0.145] 86
Started game 99 of 10000 (Main vs HeavyOpt)
Finished game 85 (Main vs HeavyOpt): 1-0 {White wins by adjudication}
Score of Main vs HeavyOpt: 5 - 65 - 17  [0.155] 87
Started game 100 of 10000 (HeavyOpt vs Main)
Finished game 88 (HeavyOpt vs Main): 1-0 {White wins by adjudication}
Score of Main vs HeavyOpt: 5 - 66 - 17  [0.153] 88
Started game 101 of 10000 (Main vs HeavyOpt)
Finished game 89 (Main vs HeavyOpt): 0-1 {Black wins by adjudication}
Score of Main vs HeavyOpt: 5 - 67 - 17  [0.152] 89
Started game 102 of 10000 (HeavyOpt vs Main)
Finished game 90 (HeavyOpt vs Main): 1-0 {White wins by adjudication}
Score of Main vs HeavyOpt: 5 - 68 - 17  [0.150] 90
Started game 103 of 10000 (Main vs HeavyOpt)
Finished game 92 (HeavyOpt vs Main): 1/2-1/2 {Draw by adjudication}
Score of Main vs HeavyOpt: 5 - 68 - 18  [0.154] 91
Started game 104 of 10000 (HeavyOpt vs Main)
Finished game 91 (Main vs HeavyOpt): 0-1 {Black mates}
Score of Main vs HeavyOpt: 5 - 69 - 18  [0.152] 92
Started game 105 of 10000 (Main vs HeavyOpt)
Finished game 93 (Main vs HeavyOpt): 0-1 {Black wins by adjudication}
Score of Main vs HeavyOpt: 5 - 70 - 18  [0.151] 93
Started game 106 of 10000 (HeavyOpt vs Main)
Finished game 95 (Main vs HeavyOpt): 0-1 {Black wins by adjudication}
Score of Main vs HeavyOpt: 5 - 71 - 18  [0.149] 94
Started game 107 of 10000 (Main vs HeavyOpt)
Finished game 94 (HeavyOpt vs Main): 1-0 {White wins by adjudication}
Score of Main vs HeavyOpt: 5 - 72 - 18  [0.147] 95
Started game 108 of 10000 (HeavyOpt vs Main)
Finished game 96 (HeavyOpt vs Main): 1-0 {White wins by adjudication}
Score of Main vs HeavyOpt: 5 - 73 - 18  [0.146] 96
Started game 109 of 10000 (Main vs HeavyOpt)
Finished game 99 (Main vs HeavyOpt): 1-0 {White wins by adjudication}
Score of Main vs HeavyOpt: 6 - 73 - 18  [0.155] 97
Started game 110 of 10000 (HeavyOpt vs Main)
Finished game 101 (Main vs HeavyOpt): 1-0 {White wins by adjudication}
Score of Main vs HeavyOpt: 7 - 73 - 18  [0.163] 98
Started game 111 of 10000 (Main vs HeavyOpt)
Finished game 102 (HeavyOpt vs Main): 1-0 {White wins by adjudication}
Score of Main vs HeavyOpt: 7 - 74 - 18  [0.162] 99
Started game 112 of 10000 (HeavyOpt vs Main)
Finished game 98 (HeavyOpt vs Main): 1/2-1/2 {Draw by insufficient mating material}
Score of Main vs HeavyOpt: 7 - 74 - 19  [0.165] 100
Started game 113 of 10000 (Main vs HeavyOpt)
Finished game 100 (HeavyOpt vs Main): 1-0 {White wins by adjudication}
Score of Main vs HeavyOpt: 7 - 75 - 19  [0.163] 101
Started game 114 of 10000 (HeavyOpt vs Main)
Finished game 97 (Main vs HeavyOpt): 0-1 {Black wins by adjudication}
Score of Main vs HeavyOpt: 7 - 76 - 19  [0.162] 102
Started game 115 of 10000 (Main vs HeavyOpt)
Finished game 103 (Main vs HeavyOpt): 1/2-1/2 {Draw by adjudication}
Score of Main vs HeavyOpt: 7 - 76 - 20  [0.165] 103
Started game 116 of 10000 (HeavyOpt vs Main)
Finished game 106 (HeavyOpt vs Main): 1-0 {White wins by adjudication}
Score of Main vs HeavyOpt: 7 - 77 - 20  [0.163] 104
Started game 117 of 10000 (Main vs HeavyOpt)
Finished game 107 (Main vs HeavyOpt): 0-1 {Black wins by adjudication}
Score of Main vs HeavyOpt: 7 - 78 - 20  [0.162] 105
Started game 118 of 10000 (HeavyOpt vs Main)
Finished game 108 (HeavyOpt vs Main): 1-0 {White wins by adjudication}
Score of Main vs HeavyOpt: 7 - 79 - 20  [0.160] 106
Started game 119 of 10000 (Main vs HeavyOpt)
Finished game 104 (HeavyOpt vs Main): 1-0 {White wins by adjudication}
Score of Main vs HeavyOpt: 7 - 80 - 20  [0.159] 107
Started game 120 of 10000 (HeavyOpt vs Main)
Finished game 105 (Main vs HeavyOpt): 0-1 {Black wins by adjudication}
Score of Main vs HeavyOpt: 7 - 81 - 20  [0.157] 108
Started game 121 of 10000 (Main vs HeavyOpt)
Finished game 110 (HeavyOpt vs Main): 1-0 {White wins by adjudication}
Score of Main vs HeavyOpt: 7 - 82 - 20  [0.156] 109
Started game 122 of 10000 (HeavyOpt vs Main)
Finished game 109 (Main vs HeavyOpt): 1-0 {White wins by adjudication}
Score of Main vs HeavyOpt: 8 - 82 - 20  [0.164] 110
Started game 123 of 10000 (Main vs HeavyOpt)
Finished game 115 (Main vs HeavyOpt): 0-1 {Black wins by adjudication}
Score of Main vs HeavyOpt: 8 - 83 - 20  [0.162] 111
Started game 124 of 10000 (HeavyOpt vs Main)
Finished game 114 (HeavyOpt vs Main): 1/2-1/2 {Draw by 3-fold repetition}
Score of Main vs HeavyOpt: 8 - 83 - 21  [0.165] 112
Started game 125 of 10000 (Main vs HeavyOpt)
Finished game 116 (HeavyOpt vs Main): 1-0 {White wins by adjudication}
Score of Main vs HeavyOpt: 8 - 84 - 21  [0.164] 113
Started game 126 of 10000 (HeavyOpt vs Main)
Finished game 113 (Main vs HeavyOpt): 0-1 {Black wins by adjudication}
Score of Main vs HeavyOpt: 8 - 85 - 21  [0.162] 114
Started game 127 of 10000 (Main vs HeavyOpt)
Finished game 111 (Main vs HeavyOpt): 0-1 {Black wins by adjudication}
Score of Main vs HeavyOpt: 8 - 86 - 21  [0.161] 115
Started game 128 of 10000 (HeavyOpt vs Main)
Finished game 112 (HeavyOpt vs Main): 1/2-1/2 {Draw by adjudication}
Score of Main vs HeavyOpt: 8 - 86 - 22  [0.164] 116
Started game 129 of 10000 (Main vs HeavyOpt)
Finished game 117 (Main vs HeavyOpt): 0-1 {Black wins by adjudication}
Score of Main vs HeavyOpt: 8 - 87 - 22  [0.162] 117
Started game 130 of 10000 (HeavyOpt vs Main)
Finished game 119 (Main vs HeavyOpt): 1/2-1/2 {Draw by 3-fold repetition}
Score of Main vs HeavyOpt: 8 - 87 - 23  [0.165] 118
Started game 131 of 10000 (Main vs HeavyOpt)
Finished game 121 (Main vs HeavyOpt): 1/2-1/2 {Draw by 3-fold repetition}
Score of Main vs HeavyOpt: 8 - 87 - 24  [0.168] 119
Started game 132 of 10000 (HeavyOpt vs Main)
Finished game 120 (HeavyOpt vs Main): 1-0 {White wins by adjudication}
Score of Main vs HeavyOpt: 8 - 88 - 24  [0.167] 120
Started game 133 of 10000 (Main vs HeavyOpt)
Finished game 124 (HeavyOpt vs Main): 1-0 {White wins by adjudication}
Score of Main vs HeavyOpt: 8 - 89 - 24  [0.165] 121
Started game 134 of 10000 (HeavyOpt vs Main)
Finished game 118 (HeavyOpt vs Main): 0-1 {Black wins by adjudication}
Score of Main vs HeavyOpt: 9 - 89 - 24  [0.172] 122
Started game 135 of 10000 (Main vs HeavyOpt)
Finished game 123 (Main vs HeavyOpt): 0-1 {Black wins by adjudication}
Score of Main vs HeavyOpt: 9 - 90 - 24  [0.171] 123
Started game 136 of 10000 (HeavyOpt vs Main)
Finished game 127 (Main vs HeavyOpt): 0-1 {Black wins by adjudication}
Score of Main vs HeavyOpt: 9 - 91 - 24  [0.169] 124
Started game 137 of 10000 (Main vs HeavyOpt)
Finished game 128 (HeavyOpt vs Main): 1-0 {White wins by adjudication}
Score of Main vs HeavyOpt: 9 - 92 - 24  [0.168] 125
Started game 138 of 10000 (HeavyOpt vs Main)
Finished game 125 (Main vs HeavyOpt): 1/2-1/2 {Draw by adjudication}
Score of Main vs HeavyOpt: 9 - 92 - 25  [0.171] 126
Started game 139 of 10000 (Main vs HeavyOpt)
Finished game 129 (Main vs HeavyOpt): 0-1 {Black wins by adjudication}
Score of Main vs HeavyOpt: 9 - 93 - 25  [0.169] 127
Started game 140 of 10000 (HeavyOpt vs Main)
Finished game 130 (HeavyOpt vs Main): 1/2-1/2 {Draw by adjudication}
Score of Main vs HeavyOpt: 9 - 93 - 26  [0.172] 128
Started game 141 of 10000 (Main vs HeavyOpt)
Finished game 126 (HeavyOpt vs Main): 1/2-1/2 {Draw by fifty moves rule}
Score of Main vs HeavyOpt: 9 - 93 - 27  [0.174] 129
Started game 142 of 10000 (HeavyOpt vs Main)
Finished game 122 (HeavyOpt vs Main): 1-0 {White wins by adjudication}
Score of Main vs HeavyOpt: 9 - 94 - 27  [0.173] 130
Started game 143 of 10000 (Main vs HeavyOpt)
Finished game 133 (Main vs HeavyOpt): 1-0 {White wins by adjudication}
Score of Main vs HeavyOpt: 10 - 94 - 27  [0.179] 131
Started game 144 of 10000 (HeavyOpt vs Main)
Finished game 132 (HeavyOpt vs Main): 0-1 {Black wins by adjudication}
Score of Main vs HeavyOpt: 11 - 94 - 27  [0.186] 132
Started game 145 of 10000 (Main vs HeavyOpt)
Finished game 134 (HeavyOpt vs Main): 1/2-1/2 {Draw by insufficient mating material}
Score of Main vs HeavyOpt: 11 - 94 - 28  [0.188] 133
Started game 146 of 10000 (HeavyOpt vs Main)
Finished game 135 (Main vs HeavyOpt): 1/2-1/2 {Draw by insufficient mating material}
Score of Main vs HeavyOpt: 11 - 94 - 29  [0.190] 134
Started game 147 of 10000 (Main vs HeavyOpt)
Finished game 141 (Main vs HeavyOpt): 0-1 {Black wins by adjudication}
Score of Main vs HeavyOpt: 11 - 95 - 29  [0.189] 135
Started game 148 of 10000 (HeavyOpt vs Main)
Finished game 138 (HeavyOpt vs Main): 1-0 {White wins by adjudication}
Score of Main vs HeavyOpt: 11 - 96 - 29  [0.188] 136
Started game 149 of 10000 (Main vs HeavyOpt)
Finished game 139 (Main vs HeavyOpt): 0-1 {Black wins by adjudication}
Score of Main vs HeavyOpt: 11 - 97 - 29  [0.186] 137
Started game 150 of 10000 (HeavyOpt vs Main)
Finished game 137 (Main vs HeavyOpt): 0-1 {Black wins by adjudication}
Score of Main vs HeavyOpt: 11 - 98 - 29  [0.185] 138
Started game 151 of 10000 (Main vs HeavyOpt)
Finished game 136 (HeavyOpt vs Main): 1-0 {White wins by adjudication}
Score of Main vs HeavyOpt: 11 - 99 - 29  [0.183] 139
Started game 152 of 10000 (HeavyOpt vs Main)
Finished game 140 (HeavyOpt vs Main): 1-0 {White wins by adjudication}
Score of Main vs HeavyOpt: 11 - 100 - 29  [0.182] 140
Started game 153 of 10000 (Main vs HeavyOpt)
Finished game 144 (HeavyOpt vs Main): 1-0 {White wins by adjudication}
Score of Main vs HeavyOpt: 11 - 101 - 29  [0.181] 141
Started game 154 of 10000 (HeavyOpt vs Main)
Finished game 131 (Main vs HeavyOpt): 1/2-1/2 {Draw by insufficient mating material}
Score of Main vs HeavyOpt: 11 - 101 - 30  [0.183] 142
Started game 155 of 10000 (Main vs HeavyOpt)
Finished game 143 (Main vs HeavyOpt): 0-1 {Black wins by adjudication}
Score of Main vs HeavyOpt: 11 - 102 - 30  [0.182] 143
Started game 156 of 10000 (HeavyOpt vs Main)
Finished game 142 (HeavyOpt vs Main): 1-0 {White wins by adjudication}
Score of Main vs HeavyOpt: 11 - 103 - 30  [0.181] 144
Started game 157 of 10000 (Main vs HeavyOpt)
Finished game 145 (Main vs HeavyOpt): 0-1 {Black wins by adjudication}
Score of Main vs HeavyOpt: 11 - 104 - 30  [0.179] 145
Started game 158 of 10000 (HeavyOpt vs Main)
Finished game 146 (HeavyOpt vs Main): 1-0 {White wins by adjudication}
Score of Main vs HeavyOpt: 11 - 105 - 30  [0.178] 146
Started game 159 of 10000 (Main vs HeavyOpt)
Finished game 148 (HeavyOpt vs Main): 1-0 {White wins by adjudication}
Score of Main vs HeavyOpt: 11 - 106 - 30  [0.177] 147
Started game 160 of 10000 (HeavyOpt vs Main)
Finished game 147 (Main vs HeavyOpt): 0-1 {Black wins by adjudication}
Score of Main vs HeavyOpt: 11 - 107 - 30  [0.176] 148
Started game 161 of 10000 (Main vs HeavyOpt)
Finished game 150 (HeavyOpt vs Main): 1-0 {White wins by adjudication}
Score of Main vs HeavyOpt: 11 - 108 - 30  [0.174] 149
Started game 162 of 10000 (HeavyOpt vs Main)
Finished game 151 (Main vs HeavyOpt): 0-1 {Black wins by adjudication}
Score of Main vs HeavyOpt: 11 - 109 - 30  [0.173] 150
Started game 163 of 10000 (Main vs HeavyOpt)
Finished game 149 (Main vs HeavyOpt): 1/2-1/2 {Draw by adjudication}
Score of Main vs HeavyOpt: 11 - 109 - 31  [0.175] 151
Started game 164 of 10000 (HeavyOpt vs Main)
Finished game 152 (HeavyOpt vs Main): 1-0 {White wins by adjudication}
Score of Main vs HeavyOpt: 11 - 110 - 31  [0.174] 152
Started game 165 of 10000 (Main vs HeavyOpt)
Finished game 154 (HeavyOpt vs Main): 1/2-1/2 {Draw by 3-fold repetition}
Score of Main vs HeavyOpt: 11 - 110 - 32  [0.176] 153
Started game 166 of 10000 (HeavyOpt vs Main)
Finished game 155 (Main vs HeavyOpt): 1/2-1/2 {Draw by 3-fold repetition}
Score of Main vs HeavyOpt: 11 - 110 - 33  [0.179] 154
Started game 167 of 10000 (Main vs HeavyOpt)
Finished game 153 (Main vs HeavyOpt): 0-1 {Black wins by adjudication}
Score of Main vs HeavyOpt: 11 - 111 - 33  [0.177] 155
Started game 168 of 10000 (HeavyOpt vs Main)
Finished game 158 (HeavyOpt vs Main): 1-0 {White wins by adjudication}
Score of Main vs HeavyOpt: 11 - 112 - 33  [0.176] 156
Started game 169 of 10000 (Main vs HeavyOpt)
Finished game 156 (HeavyOpt vs Main): 1-0 {White wins by adjudication}
Score of Main vs HeavyOpt: 11 - 113 - 33  [0.175] 157
Started game 170 of 10000 (HeavyOpt vs Main)
Finished game 160 (HeavyOpt vs Main): 1-0 {White wins by adjudication}
Score of Main vs HeavyOpt: 11 - 114 - 33  [0.174] 158
Started game 171 of 10000 (Main vs HeavyOpt)
Finished game 159 (Main vs HeavyOpt): 0-1 {Black wins by adjudication}
Score of Main vs HeavyOpt: 11 - 115 - 33  [0.173] 159
Started game 172 of 10000 (HeavyOpt vs Main)
Finished game 157 (Main vs HeavyOpt): 1/2-1/2 {Draw by adjudication}
Score of Main vs HeavyOpt: 11 - 115 - 34  [0.175] 160
Started game 173 of 10000 (Main vs HeavyOpt)
Finished game 166 (HeavyOpt vs Main): 1-0 {White wins by adjudication}
Score of Main vs HeavyOpt: 11 - 116 - 34  [0.174] 161
Started game 174 of 10000 (HeavyOpt vs Main)
Finished game 163 (Main vs HeavyOpt): 0-1 {Black wins by adjudication}
Score of Main vs HeavyOpt: 11 - 117 - 34  [0.173] 162
Started game 175 of 10000 (Main vs HeavyOpt)
Finished game 162 (HeavyOpt vs Main): 1/2-1/2 {Draw by insufficient mating material}
Score of Main vs HeavyOpt: 11 - 117 - 35  [0.175] 163
Started game 176 of 10000 (HeavyOpt vs Main)
Finished game 165 (Main vs HeavyOpt): 1-0 {White wins by adjudication}
Score of Main vs HeavyOpt: 12 - 117 - 35  [0.180] 164
Started game 177 of 10000 (Main vs HeavyOpt)
Finished game 167 (Main vs HeavyOpt): 0-1 {Black wins by adjudication}
Score of Main vs HeavyOpt: 12 - 118 - 35  [0.179] 165
Started game 178 of 10000 (HeavyOpt vs Main)
Finished game 161 (Main vs HeavyOpt): 1-0 {White wins by adjudication}
Score of Main vs HeavyOpt: 13 - 118 - 35  [0.184] 166
Started game 179 of 10000 (Main vs HeavyOpt)
Finished game 164 (HeavyOpt vs Main): 0-1 {Black wins by adjudication}
Score of Main vs HeavyOpt: 14 - 118 - 35  [0.189] 167
Started game 180 of 10000 (HeavyOpt vs Main)
Finished game 168 (HeavyOpt vs Main): 1-0 {White wins by adjudication}
Score of Main vs HeavyOpt: 14 - 119 - 35  [0.188] 168
Started game 181 of 10000 (Main vs HeavyOpt)
Finished game 169 (Main vs HeavyOpt): 0-1 {Black wins by adjudication}
Score of Main vs HeavyOpt: 14 - 120 - 35  [0.186] 169
Started game 182 of 10000 (HeavyOpt vs Main)
Finished game 170 (HeavyOpt vs Main): 1-0 {White wins by adjudication}
Score of Main vs HeavyOpt: 14 - 121 - 35  [0.185] 170
Started game 183 of 10000 (Main vs HeavyOpt)
Finished game 171 (Main vs HeavyOpt): 0-1 {Black wins by adjudication}
Score of Main vs HeavyOpt: 14 - 122 - 35  [0.184] 171
Started game 184 of 10000 (HeavyOpt vs Main)
Finished game 173 (Main vs HeavyOpt): 0-1 {Black wins by adjudication}
Score of Main vs HeavyOpt: 14 - 123 - 35  [0.183] 172
Started game 185 of 10000 (Main vs HeavyOpt)
Finished game 174 (HeavyOpt vs Main): 1-0 {White wins by adjudication}
Score of Main vs HeavyOpt: 14 - 124 - 35  [0.182] 173
Started game 186 of 10000 (HeavyOpt vs Main)
Finished game 172 (HeavyOpt vs Main): 1/2-1/2 {Draw by insufficient mating material}
Score of Main vs HeavyOpt: 14 - 124 - 36  [0.184] 174
Started game 187 of 10000 (Main vs HeavyOpt)
Finished game 179 (Main vs HeavyOpt): 0-1 {Black wins by adjudication}
Score of Main vs HeavyOpt: 14 - 125 - 36  [0.183] 175
Started game 188 of 10000 (HeavyOpt vs Main)
Finished game 177 (Main vs HeavyOpt): 1-0 {White mates}
Score of Main vs HeavyOpt: 15 - 125 - 36  [0.188] 176
Started game 189 of 10000 (Main vs HeavyOpt)
Finished game 182 (HeavyOpt vs Main): 1-0 {White wins by adjudication}
Score of Main vs HeavyOpt: 15 - 126 - 36  [0.186] 177
Started game 190 of 10000 (HeavyOpt vs Main)
Finished game 178 (HeavyOpt vs Main): 1/2-1/2 {Draw by insufficient mating material}
Score of Main vs HeavyOpt: 15 - 126 - 37  [0.188] 178
Started game 191 of 10000 (Main vs HeavyOpt)
Finished game 183 (Main vs HeavyOpt): 1-0 {White wins by adjudication}
Score of Main vs HeavyOpt: 16 - 126 - 37  [0.193] 179
Started game 192 of 10000 (HeavyOpt vs Main)
Finished game 175 (Main vs HeavyOpt): 1/2-1/2 {Draw by fifty moves rule}
Score of Main vs HeavyOpt: 16 - 126 - 38  [0.194] 180
Started game 193 of 10000 (Main vs HeavyOpt)
Finished game 176 (HeavyOpt vs Main): 1-0 {White wins by adjudication}
Score of Main vs HeavyOpt: 16 - 127 - 38  [0.193] 181
Started game 194 of 10000 (HeavyOpt vs Main)
Finished game 181 (Main vs HeavyOpt): 1/2-1/2 {Draw by adjudication}
Score of Main vs HeavyOpt: 16 - 127 - 39  [0.195] 182
Started game 195 of 10000 (Main vs HeavyOpt)
Finished game 187 (Main vs HeavyOpt): 0-1 {Black wins by adjudication}
Score of Main vs HeavyOpt: 16 - 128 - 39  [0.194] 183
Started game 196 of 10000 (HeavyOpt vs Main)
Finished game 180 (HeavyOpt vs Main): 1-0 {White wins by adjudication}
Score of Main vs HeavyOpt: 16 - 129 - 39  [0.193] 184
Started game 197 of 10000 (Main vs HeavyOpt)
Finished game 189 (Main vs HeavyOpt): 1/2-1/2 {Draw by 3-fold repetition}
Score of Main vs HeavyOpt: 16 - 129 - 40  [0.195] 185
Started game 198 of 10000 (HeavyOpt vs Main)
Finished game 185 (Main vs HeavyOpt): 0-1 {Black wins by adjudication}
Score of Main vs HeavyOpt: 16 - 130 - 40  [0.194] 186
Started game 199 of 10000 (Main vs HeavyOpt)
Finished game 188 (HeavyOpt vs Main): 1-0 {White wins by adjudication}
Score of Main vs HeavyOpt: 16 - 131 - 40  [0.193] 187
Started game 200 of 10000 (HeavyOpt vs Main)
Finished game 186 (HeavyOpt vs Main): 1-0 {White wins by adjudication}
Score of Main vs HeavyOpt: 16 - 132 - 40  [0.191] 188
Started game 201 of 10000 (Main vs HeavyOpt)
Finished game 190 (HeavyOpt vs Main): 1-0 {White wins by adjudication}
Score of Main vs HeavyOpt: 16 - 133 - 40  [0.190] 189
Started game 202 of 10000 (HeavyOpt vs Main)
Finished game 191 (Main vs HeavyOpt): 0-1 {Black wins by adjudication}
Score of Main vs HeavyOpt: 16 - 134 - 40  [0.189] 190
Started game 203 of 10000 (Main vs HeavyOpt)
Finished game 184 (HeavyOpt vs Main): 1-0 {White wins by adjudication}
Score of Main vs HeavyOpt: 16 - 135 - 40  [0.188] 191
Started game 204 of 10000 (HeavyOpt vs Main)
Finished game 193 (Main vs HeavyOpt): 0-1 {Black mates}
Score of Main vs HeavyOpt: 16 - 136 - 40  [0.188] 192
Started game 205 of 10000 (Main vs HeavyOpt)
Finished game 192 (HeavyOpt vs Main): 1-0 {White wins by adjudication}
Score of Main vs HeavyOpt: 16 - 137 - 40  [0.187] 193
Started game 206 of 10000 (HeavyOpt vs Main)
Finished game 199 (Main vs HeavyOpt): 0-1 {Black wins by adjudication}
Score of Main vs HeavyOpt: 16 - 138 - 40  [0.186] 194
Started game 207 of 10000 (Main vs HeavyOpt)
Finished game 194 (HeavyOpt vs Main): 1/2-1/2 {Draw by insufficient mating material}
Score of Main vs HeavyOpt: 16 - 138 - 41  [0.187] 195
Started game 208 of 10000 (HeavyOpt vs Main)
Finished game 196 (HeavyOpt vs Main): 1-0 {White wins by adjudication}
Score of Main vs HeavyOpt: 16 - 139 - 41  [0.186] 196
Started game 209 of 10000 (Main vs HeavyOpt)
Finished game 198 (HeavyOpt vs Main): 1-0 {White mates}
Score of Main vs HeavyOpt: 16 - 140 - 41  [0.185] 197
Started game 210 of 10000 (HeavyOpt vs Main)
Finished game 202 (HeavyOpt vs Main): 1/2-1/2 {Draw by 3-fold repetition}
Score of Main vs HeavyOpt: 16 - 140 - 42  [0.187] 198
Started game 211 of 10000 (Main vs HeavyOpt)
Finished game 195 (Main vs HeavyOpt): 1/2-1/2 {Draw by adjudication}
Score of Main vs HeavyOpt: 16 - 140 - 43  [0.188] 199
Started game 212 of 10000 (HeavyOpt vs Main)
Finished game 200 (HeavyOpt vs Main): 1-0 {White wins by adjudication}
Score of Main vs HeavyOpt: 16 - 141 - 43  [0.188] 200
Started game 213 of 10000 (Main vs HeavyOpt)
Finished game 197 (Main vs HeavyOpt): 1/2-1/2 {Draw by adjudication}
Score of Main vs HeavyOpt: 16 - 141 - 44  [0.189] 201
Started game 214 of 10000 (HeavyOpt vs Main)
Finished game 201 (Main vs HeavyOpt): 0-1 {Black mates}
Score of Main vs HeavyOpt: 16 - 142 - 44  [0.188] 202
Started game 215 of 10000 (Main vs HeavyOpt)
Finished game 203 (Main vs HeavyOpt): 1-0 {White wins by adjudication}
Score of Main vs HeavyOpt: 17 - 142 - 44  [0.192] 203
Started game 216 of 10000 (HeavyOpt vs Main)
Finished game 204 (HeavyOpt vs Main): 1-0 {White wins by adjudication}
Score of Main vs HeavyOpt: 17 - 143 - 44  [0.191] 204
Started game 217 of 10000 (Main vs HeavyOpt)
Finished game 207 (Main vs HeavyOpt): 1/2-1/2 {Draw by 3-fold repetition}
Score of Main vs HeavyOpt: 17 - 143 - 45  [0.193] 205
Started game 218 of 10000 (HeavyOpt vs Main)
Finished game 206 (HeavyOpt vs Main): 0-1 {Black wins by adjudication}
Score of Main vs HeavyOpt: 18 - 143 - 45  [0.197] 206
Started game 219 of 10000 (Main vs HeavyOpt)
Finished game 208 (HeavyOpt vs Main): 1/2-1/2 {Draw by 3-fold repetition}
Score of Main vs HeavyOpt: 18 - 143 - 46  [0.198] 207
Started game 220 of 10000 (HeavyOpt vs Main)
Finished game 205 (Main vs HeavyOpt): 1/2-1/2 {Draw by adjudication}
Score of Main vs HeavyOpt: 18 - 143 - 47  [0.200] 208
Started game 221 of 10000 (Main vs HeavyOpt)
Finished game 210 (HeavyOpt vs Main): 1-0 {White wins by adjudication}
Score of Main vs HeavyOpt: 18 - 144 - 47  [0.199] 209
Started game 222 of 10000 (HeavyOpt vs Main)
Finished game 214 (HeavyOpt vs Main): 1-0 {White wins by adjudication}
Score of Main vs HeavyOpt: 18 - 145 - 47  [0.198] 210
Started game 223 of 10000 (Main vs HeavyOpt)
Finished game 218 (HeavyOpt vs Main): 1-0 {White wins by adjudication}
Score of Main vs HeavyOpt: 18 - 146 - 47  [0.197] 211
Finished game 219 (Main vs HeavyOpt): * {No result}
Score of Main vs HeavyOpt: 18 - 146 - 47  [0.197] 211
Finished game 223 (Main vs HeavyOpt): * {No result}
Score of Main vs HeavyOpt: 18 - 146 - 47  [0.197] 211
Finished game 213 (Main vs HeavyOpt): * {No result}
Score of Main vs HeavyOpt: 18 - 146 - 47  [0.197] 211
Finished game 212 (HeavyOpt vs Main): * {No result}
Score of Main vs HeavyOpt: 18 - 146 - 47  [0.197] 211
Finished game 209 (Main vs HeavyOpt): * {No result}
Score of Main vs HeavyOpt: 18 - 146 - 47  [0.197] 211
Finished game 221 (Main vs HeavyOpt): * {No result}
Score of Main vs HeavyOpt: 18 - 146 - 47  [0.197] 211
Finished game 211 (Main vs HeavyOpt): * {No result}
Score of Main vs HeavyOpt: 18 - 146 - 47  [0.197] 211
Finished game 215 (Main vs HeavyOpt): * {No result}
Score of Main vs HeavyOpt: 18 - 146 - 47  [0.197] 211
Finished game 217 (Main vs HeavyOpt): * {No result}
Score of Main vs HeavyOpt: 18 - 146 - 47  [0.197] 211
Finished game 222 (HeavyOpt vs Main): * {No result}
Score of Main vs HeavyOpt: 18 - 146 - 47  [0.197] 211
Finished game 216 (HeavyOpt vs Main): * {No result}
Score of Main vs HeavyOpt: 18 - 146 - 47  [0.197] 211
Finished game 220 (HeavyOpt vs Main): * {No result}
Score of Main vs HeavyOpt: 18 - 146 - 47  [0.197] 211
...      Main playing White: 12 - 65 - 27  [0.245] 104
...      Main playing Black: 6 - 81 - 20  [0.150] 107
...      White vs Black: 93 - 71 - 47  [0.552] 211
Elo difference: -244.4 +/- 48.0, LOS: 0.0 %, DrawRatio: 22.3 %
SPRT: llr -2.95 (-100.3%), lbound -2.94, ubound 2.94 - H0 was accepted

Player: Main
   "Draw by 3-fold repetition": 11
   "Draw by adjudication": 17
   "Draw by fifty moves rule": 3
   "Draw by insufficient mating material": 16
   "Loss: Black mates": 4
   "Loss: Black wins by adjudication": 61
   "Loss: White mates": 1
   "Loss: White wins by adjudication": 80
   "No result": 12
   "Win: Black wins by adjudication": 6
   "Win: White mates": 1
   "Win: White wins by adjudication": 11
Player: HeavyOpt
   "Draw by 3-fold repetition": 11
   "Draw by adjudication": 17
   "Draw by fifty moves rule": 3
   "Draw by insufficient mating material": 16
   "Loss: Black wins by adjudication": 6
   "Loss: White mates": 1
   "Loss: White wins by adjudication": 11
   "No result": 12
   "Win: Black mates": 4
   "Win: Black wins by adjudication": 61
   "Win: White mates": 1
   "Win: White wins by adjudication": 80
Finished match
