Indexing opening suite...
Started game 1 of 1000 (Baseline vs Accelerated)
Started game 7 of 1000 (Baseline vs Accelerated)
Started game 3 of 1000 (Baseline vs Accelerated)
Started game 5 of 1000 (Baseline vs Accelerated)
Started game 6 of 1000 (Accelerated vs Baseline)
Started game 4 of 1000 (Accelerated vs Baseline)
Started game 2 of 1000 (Accelerated vs Baseline)
Finished game 7 (Baseline vs Accelerated): 0-1 {Black wins by adjudication}
Score of Baseline vs Accelerated: 0 - 1 - 0  [0.000] 1
Started game 8 of 1000 (Accelerated vs Baseline)
Finished game 1 (Baseline vs Accelerated): 0-1 {Black wins by adjudication}
Score of Baseline vs Accelerated: 0 - 2 - 0  [0.000] 2
Started game 9 of 1000 (Baseline vs Accelerated)
Finished game 6 (Accelerated vs Baseline): 0-1 {Black wins by adjudication}
Score of Baseline vs Accelerated: 1 - 2 - 0  [0.333] 3
Started game 10 of 1000 (Accelerated vs Baseline)
Finished game 4 (Accelerated vs Baseline): 0-1 {Black wins by adjudication}
Score of Baseline vs Accelerated: 2 - 2 - 0  [0.500] 4
Started game 11 of 1000 (Baseline vs Accelerated)
Finished game 3 (Baseline vs Accelerated): 1-0 {White wins by adjudication}
Score of Baseline vs Accelerated: 3 - 2 - 0  [0.600] 5
Started game 12 of 1000 (Accelerated vs Baseline)
Finished game 5 (Baseline vs Accelerated): 1-0 {White wins by adjudication}
Score of Baseline vs Accelerated: 4 - 2 - 0  [0.667] 6
Started game 13 of 1000 (Baseline vs Accelerated)
Finished game 2 (Accelerated vs Baseline): 1/2-1/2 {Draw by adjudication}
Score of Baseline vs Accelerated: 4 - 2 - 1  [0.643] 7
Started game 14 of 1000 (Accelerated vs Baseline)
Finished game 11 (Baseline vs Accelerated): 0-1 {Black wins by adjudication}
Score of Baseline vs Accelerated: 4 - 3 - 1  [0.563] 8
Started game 15 of 1000 (Baseline vs Accelerated)
Finished game 10 (Accelerated vs Baseline): 1/2-1/2 {Draw by 3-fold repetition}
Score of Baseline vs Accelerated: 4 - 3 - 2  [0.556] 9
Started game 16 of 1000 (Accelerated vs Baseline)
Finished game 12 (Accelerated vs Baseline): 0-1 {Black wins by adjudication}
Score of Baseline vs Accelerated: 5 - 3 - 2  [0.600] 10
Started game 17 of 1000 (Baseline vs Accelerated)
Finished game 8 (Accelerated vs Baseline): 1/2-1/2 {Draw by insufficient mating material}
Score of Baseline vs Accelerated: 5 - 3 - 3  [0.591] 11
Started game 18 of 1000 (Accelerated vs Baseline)
Finished game 13 (Baseline vs Accelerated): 1-0 {White wins by adjudication}
Score of Baseline vs Accelerated: 6 - 3 - 3  [0.625] 12
Started game 19 of 1000 (Baseline vs Accelerated)
Finished game 9 (Baseline vs Accelerated): 0-1 {Black wins by adjudication}
Score of Baseline vs Accelerated: 6 - 4 - 3  [0.577] 13
Started game 20 of 1000 (Accelerated vs Baseline)
Finished game 14 (Accelerated vs Baseline): 1/2-1/2 {Draw by 3-fold repetition}
Score of Baseline vs Accelerated: 6 - 4 - 4  [0.571] 14
Started game 21 of 1000 (Baseline vs Accelerated)
Finished game 15 (Baseline vs Accelerated): 1/2-1/2 {Draw by insufficient mating material}
Score of Baseline vs Accelerated: 6 - 4 - 5  [0.567] 15
Started game 22 of 1000 (Accelerated vs Baseline)
Finished game 16 (Accelerated vs Baseline): 1-0 {White wins by adjudication}
Score of Baseline vs Accelerated: 6 - 5 - 5  [0.531] 16
Started game 23 of 1000 (Baseline vs Accelerated)
Finished game 21 (Baseline vs Accelerated): 1-0 {White wins by adjudication}
Score of Baseline vs Accelerated: 7 - 5 - 5  [0.559] 17
Started game 24 of 1000 (Accelerated vs Baseline)
Finished game 20 (Accelerated vs Baseline): 1/2-1/2 {Draw by 3-fold repetition}
Score of Baseline vs Accelerated: 7 - 5 - 6  [0.556] 18
Started game 25 of 1000 (Baseline vs Accelerated)
Finished game 19 (Baseline vs Accelerated): 1/2-1/2 {Draw by fifty moves rule}
Score of Baseline vs Accelerated: 7 - 5 - 7  [0.553] 19
Started game 26 of 1000 (Accelerated vs Baseline)
Finished game 18 (Accelerated vs Baseline): 1-0 {White wins by adjudication}
Score of Baseline vs Accelerated: 7 - 6 - 7  [0.525] 20
Started game 27 of 1000 (Baseline vs Accelerated)
Finished game 17 (Baseline vs Accelerated): 1/2-1/2 {Draw by adjudication}
Score of Baseline vs Accelerated: 7 - 6 - 8  [0.524] 21
Started game 28 of 1000 (Accelerated vs Baseline)
Finished game 22 (Accelerated vs Baseline): 0-1 {Black wins by adjudication}
Score of Baseline vs Accelerated: 8 - 6 - 8  [0.545] 22
Started game 29 of 1000 (Baseline vs Accelerated)
Finished game 24 (Accelerated vs Baseline): 1-0 {White wins by adjudication}
Score of Baseline vs Accelerated: 8 - 7 - 8  [0.522] 23
Started game 30 of 1000 (Accelerated vs Baseline)
Finished game 23 (Baseline vs Accelerated): 1/2-1/2 {Draw by insufficient mating material}
Score of Baseline vs Accelerated: 8 - 7 - 9  [0.521] 24
Started game 31 of 1000 (Baseline vs Accelerated)
Finished game 25 (Baseline vs Accelerated): 0-1 {Black wins by adjudication}
Score of Baseline vs Accelerated: 8 - 8 - 9  [0.500] 25
Started game 32 of 1000 (Accelerated vs Baseline)
Finished game 26 (Accelerated vs Baseline): 0-1 {Black wins by adjudication}
Score of Baseline vs Accelerated: 9 - 8 - 9  [0.519] 26
Started game 33 of 1000 (Baseline vs Accelerated)
Finished game 28 (Accelerated vs Baseline): 1/2-1/2 {Draw by adjudication}
Score of Baseline vs Accelerated: 9 - 8 - 10  [0.519] 27
Started game 34 of 1000 (Accelerated vs Baseline)
Finished game 27 (Baseline vs Accelerated): 1-0 {White wins by adjudication}
Score of Baseline vs Accelerated: 10 - 8 - 10  [0.536] 28
Started game 35 of 1000 (Baseline vs Accelerated)
Finished game 30 (Accelerated vs Baseline): 1-0 {White wins by adjudication}
Score of Baseline vs Accelerated: 10 - 9 - 10  [0.517] 29
Started game 36 of 1000 (Accelerated vs Baseline)
Finished game 29 (Baseline vs Accelerated): 1-0 {White wins by adjudication}
Score of Baseline vs Accelerated: 11 - 9 - 10  [0.533] 30
Started game 37 of 1000 (Baseline vs Accelerated)
Finished game 31 (Baseline vs Accelerated): 1-0 {White wins by adjudication}
Score of Baseline vs Accelerated: 12 - 9 - 10  [0.548] 31
Started game 38 of 1000 (Accelerated vs Baseline)
Finished game 32 (Accelerated vs Baseline): 0-1 {Black wins by adjudication}
Score of Baseline vs Accelerated: 13 - 9 - 10  [0.563] 32
Started game 39 of 1000 (Baseline vs Accelerated)
Finished game 36 (Accelerated vs Baseline): 0-1 {Black wins by adjudication}
Score of Baseline vs Accelerated: 14 - 9 - 10  [0.576] 33
Started game 40 of 1000 (Accelerated vs Baseline)
Finished game 34 (Accelerated vs Baseline): 0-1 {Black wins by adjudication}
Score of Baseline vs Accelerated: 15 - 9 - 10  [0.588] 34
Started game 41 of 1000 (Baseline vs Accelerated)
Finished game 35 (Baseline vs Accelerated): 0-1 {Black wins by adjudication}
Score of Baseline vs Accelerated: 15 - 10 - 10  [0.571] 35
Started game 42 of 1000 (Accelerated vs Baseline)
Finished game 33 (Baseline vs Accelerated): 1/2-1/2 {Draw by fifty moves rule}
Score of Baseline vs Accelerated: 15 - 10 - 11  [0.569] 36
Started game 43 of 1000 (Baseline vs Accelerated)
Finished game 37 (Baseline vs Accelerated): 1-0 {White wins by adjudication}
Score of Baseline vs Accelerated: 16 - 10 - 11  [0.581] 37
Started game 44 of 1000 (Accelerated vs Baseline)
Finished game 38 (Accelerated vs Baseline): 1/2-1/2 {Draw by 3-fold repetition}
Score of Baseline vs Accelerated: 16 - 10 - 12  [0.579] 38
Started game 45 of 1000 (Baseline vs Accelerated)
Finished game 39 (Baseline vs Accelerated): 1/2-1/2 {Draw by 3-fold repetition}
Score of Baseline vs Accelerated: 16 - 10 - 13  [0.577] 39
Started game 46 of 1000 (Accelerated vs Baseline)
Finished game 40 (Accelerated vs Baseline): 1/2-1/2 {Draw by 3-fold repetition}
Score of Baseline vs Accelerated: 16 - 10 - 14  [0.575] 40
Started game 47 of 1000 (Baseline vs Accelerated)
Finished game 41 (Baseline vs Accelerated): 1-0 {White wins by adjudication}
Score of Baseline vs Accelerated: 17 - 10 - 14  [0.585] 41
Started game 48 of 1000 (Accelerated vs Baseline)
Finished game 44 (Accelerated vs Baseline): 1-0 {White wins by adjudication}
Score of Baseline vs Accelerated: 17 - 11 - 14  [0.571] 42
Started game 49 of 1000 (Baseline vs Accelerated)
Finished game 42 (Accelerated vs Baseline): 0-1 {Black wins by adjudication}
Score of Baseline vs Accelerated: 18 - 11 - 14  [0.581] 43
Started game 50 of 1000 (Accelerated vs Baseline)
Finished game 43 (Baseline vs Accelerated): 1-0 {White wins by adjudication}
Score of Baseline vs Accelerated: 19 - 11 - 14  [0.591] 44
Started game 51 of 1000 (Baseline vs Accelerated)
Finished game 45 (Baseline vs Accelerated): 1/2-1/2 {Draw by 3-fold repetition}
Score of Baseline vs Accelerated: 19 - 11 - 15  [0.589] 45
Started game 52 of 1000 (Accelerated vs Baseline)
Finished game 46 (Accelerated vs Baseline): 1/2-1/2 {Draw by adjudication}
Score of Baseline vs Accelerated: 19 - 11 - 16  [0.587] 46
Started game 53 of 1000 (Baseline vs Accelerated)
Finished game 48 (Accelerated vs Baseline): 0-1 {Black wins by adjudication}
Score of Baseline vs Accelerated: 20 - 11 - 16  [0.596] 47
Started game 54 of 1000 (Accelerated vs Baseline)
Finished game 47 (Baseline vs Accelerated): 0-1 {Black wins by adjudication}
Score of Baseline vs Accelerated: 20 - 12 - 16  [0.583] 48
Started game 55 of 1000 (Baseline vs Accelerated)
Finished game 49 (Baseline vs Accelerated): 0-1 {Black wins by adjudication}
Score of Baseline vs Accelerated: 20 - 13 - 16  [0.571] 49
Started game 56 of 1000 (Accelerated vs Baseline)
Finished game 50 (Accelerated vs Baseline): 1-0 {White wins by adjudication}
Score of Baseline vs Accelerated: 20 - 14 - 16  [0.560] 50
Started game 57 of 1000 (Baseline vs Accelerated)
Finished game 51 (Baseline vs Accelerated): 1/2-1/2 {Draw by insufficient mating material}
Score of Baseline vs Accelerated: 20 - 14 - 17  [0.559] 51
Started game 58 of 1000 (Accelerated vs Baseline)
Finished game 54 (Accelerated vs Baseline): 1-0 {White wins by adjudication}
Score of Baseline vs Accelerated: 20 - 15 - 17  [0.548] 52
Started game 59 of 1000 (Baseline vs Accelerated)
Finished game 52 (Accelerated vs Baseline): 1/2-1/2 {Draw by fifty moves rule}
Score of Baseline vs Accelerated: 20 - 15 - 18  [0.547] 53
Started game 60 of 1000 (Accelerated vs Baseline)
Finished game 53 (Baseline vs Accelerated): 0-1 {Black wins by adjudication}
Score of Baseline vs Accelerated: 20 - 16 - 18  [0.537] 54
Started game 61 of 1000 (Baseline vs Accelerated)
Finished game 56 (Accelerated vs Baseline): 0-1 {Black wins by adjudication}
Score of Baseline vs Accelerated: 21 - 16 - 18  [0.545] 55
Started game 62 of 1000 (Accelerated vs Baseline)
Finished game 57 (Baseline vs Accelerated): 0-1 {Black wins by adjudication}
Score of Baseline vs Accelerated: 21 - 17 - 18  [0.536] 56
Started game 63 of 1000 (Baseline vs Accelerated)
Finished game 55 (Baseline vs Accelerated): 1/2-1/2 {Draw by insufficient mating material}
Score of Baseline vs Accelerated: 21 - 17 - 19  [0.535] 57
Started game 64 of 1000 (Accelerated vs Baseline)
Finished game 58 (Accelerated vs Baseline): 1-0 {White wins by adjudication}
Score of Baseline vs Accelerated: 21 - 18 - 19  [0.526] 58
Started game 65 of 1000 (Baseline vs Accelerated)
Finished game 61 (Baseline vs Accelerated): 0-1 {Black wins by adjudication}
Score of Baseline vs Accelerated: 21 - 19 - 19  [0.517] 59
Started game 66 of 1000 (Accelerated vs Baseline)
Finished game 62 (Accelerated vs Baseline): 0-1 {Black wins by adjudication}
Score of Baseline vs Accelerated: 22 - 19 - 19  [0.525] 60
Started game 67 of 1000 (Baseline vs Accelerated)
Finished game 59 (Baseline vs Accelerated): 1-0 {White wins by adjudication}
Score of Baseline vs Accelerated: 23 - 19 - 19  [0.533] 61
Started game 68 of 1000 (Accelerated vs Baseline)
Finished game 60 (Accelerated vs Baseline): 1/2-1/2 {Draw by fifty moves rule}
Score of Baseline vs Accelerated: 23 - 19 - 20  [0.532] 62
Started game 69 of 1000 (Baseline vs Accelerated)
Finished game 63 (Baseline vs Accelerated): 1-0 {White wins by adjudication}
Score of Baseline vs Accelerated: 24 - 19 - 20  [0.540] 63
Started game 70 of 1000 (Accelerated vs Baseline)
Finished game 64 (Accelerated vs Baseline): 1-0 {White wins by adjudication}
Score of Baseline vs Accelerated: 24 - 20 - 20  [0.531] 64
Started game 71 of 1000 (Baseline vs Accelerated)
Finished game 65 (Baseline vs Accelerated): 0-1 {Black wins by adjudication}
Score of Baseline vs Accelerated: 24 - 21 - 20  [0.523] 65
Started game 72 of 1000 (Accelerated vs Baseline)
Finished game 66 (Accelerated vs Baseline): 1-0 {White wins by adjudication}
Score of Baseline vs Accelerated: 24 - 22 - 20  [0.515] 66
Started game 73 of 1000 (Baseline vs Accelerated)
Finished game 67 (Baseline vs Accelerated): 1/2-1/2 {Draw by adjudication}
Score of Baseline vs Accelerated: 24 - 22 - 21  [0.515] 67
Started game 74 of 1000 (Accelerated vs Baseline)
Finished game 70 (Accelerated vs Baseline): 1-0 {White wins by adjudication}
Score of Baseline vs Accelerated: 24 - 23 - 21  [0.507] 68
Started game 75 of 1000 (Baseline vs Accelerated)
Finished game 68 (Accelerated vs Baseline): 0-1 {Black wins by adjudication}
Score of Baseline vs Accelerated: 25 - 23 - 21  [0.514] 69
Started game 76 of 1000 (Accelerated vs Baseline)
Finished game 71 (Baseline vs Accelerated): 0-1 {Black wins by adjudication}
Score of Baseline vs Accelerated: 25 - 24 - 21  [0.507] 70
Started game 77 of 1000 (Baseline vs Accelerated)
Finished game 69 (Baseline vs Accelerated): 1/2-1/2 {Draw by fifty moves rule}
Score of Baseline vs Accelerated: 25 - 24 - 22  [0.507] 71
Started game 78 of 1000 (Accelerated vs Baseline)
Finished game 72 (Accelerated vs Baseline): 1-0 {White wins by adjudication}
Score of Baseline vs Accelerated: 25 - 25 - 22  [0.500] 72
Started game 79 of 1000 (Baseline vs Accelerated)
Finished game 76 (Accelerated vs Baseline): 0-1 {Black wins by adjudication}
Score of Baseline vs Accelerated: 26 - 25 - 22  [0.507] 73
Started game 80 of 1000 (Accelerated vs Baseline)
Finished game 75 (Baseline vs Accelerated): 1/2-1/2 {Draw by 3-fold repetition}
Score of Baseline vs Accelerated: 26 - 25 - 23  [0.507] 74
Started game 81 of 1000 (Baseline vs Accelerated)
Finished game 74 (Accelerated vs Baseline): 1/2-1/2 {Draw by adjudication}
Score of Baseline vs Accelerated: 26 - 25 - 24  [0.507] 75
Started game 82 of 1000 (Accelerated vs Baseline)
Finished game 73 (Baseline vs Accelerated): 0-1 {Black wins by adjudication}
Score of Baseline vs Accelerated: 26 - 26 - 24  [0.500] 76
Started game 83 of 1000 (Baseline vs Accelerated)
Finished game 77 (Baseline vs Accelerated): 1/2-1/2 {Draw by 3-fold repetition}
Score of Baseline vs Accelerated: 26 - 26 - 25  [0.500] 77
Started game 84 of 1000 (Accelerated vs Baseline)
Finished game 79 (Baseline vs Accelerated): 1-0 {White wins by adjudication}
Score of Baseline vs Accelerated: 27 - 26 - 25  [0.506] 78
Started game 85 of 1000 (Baseline vs Accelerated)
Finished game 78 (Accelerated vs Baseline): 1/2-1/2 {Draw by adjudication}
Score of Baseline vs Accelerated: 27 - 26 - 26  [0.506] 79
Started game 86 of 1000 (Accelerated vs Baseline)
Finished game 82 (Accelerated vs Baseline): 1/2-1/2 {Draw by 3-fold repetition}
Score of Baseline vs Accelerated: 27 - 26 - 27  [0.506] 80
Started game 87 of 1000 (Baseline vs Accelerated)
Finished game 83 (Baseline vs Accelerated): 1-0 {White wins by adjudication}
Score of Baseline vs Accelerated: 28 - 26 - 27  [0.512] 81
Started game 88 of 1000 (Accelerated vs Baseline)
Finished game 80 (Accelerated vs Baseline): 1-0 {White wins by adjudication}
Score of Baseline vs Accelerated: 28 - 27 - 27  [0.506] 82
Started game 89 of 1000 (Baseline vs Accelerated)
Finished game 81 (Baseline vs Accelerated): 1/2-1/2 {Draw by adjudication}
Score of Baseline vs Accelerated: 28 - 27 - 28  [0.506] 83
Started game 90 of 1000 (Accelerated vs Baseline)
Finished game 85 (Baseline vs Accelerated): 1-0 {White wins by adjudication}
Score of Baseline vs Accelerated: 29 - 27 - 28  [0.512] 84
Started game 91 of 1000 (Baseline vs Accelerated)
Finished game 86 (Accelerated vs Baseline): 1-0 {White wins by adjudication}
Score of Baseline vs Accelerated: 29 - 28 - 28  [0.506] 85
Started game 92 of 1000 (Accelerated vs Baseline)
Finished game 87 (Baseline vs Accelerated): 0-1 {Black wins by adjudication}
Score of Baseline vs Accelerated: 29 - 29 - 28  [0.500] 86
Started game 93 of 1000 (Baseline vs Accelerated)
Finished game 84 (Accelerated vs Baseline): 1/2-1/2 {Draw by adjudication}
Score of Baseline vs Accelerated: 29 - 29 - 29  [0.500] 87
Started game 94 of 1000 (Accelerated vs Baseline)
Finished game 88 (Accelerated vs Baseline): 1/2-1/2 {Draw by adjudication}
Score of Baseline vs Accelerated: 29 - 29 - 30  [0.500] 88
Started game 95 of 1000 (Baseline vs Accelerated)
Finished game 89 (Baseline vs Accelerated): 0-1 {Black wins by adjudication}
Score of Baseline vs Accelerated: 29 - 30 - 30  [0.494] 89
Started game 96 of 1000 (Accelerated vs Baseline)
Finished game 91 (Baseline vs Accelerated): 0-1 {Black wins by adjudication}
Score of Baseline vs Accelerated: 29 - 31 - 30  [0.489] 90
Started game 97 of 1000 (Baseline vs Accelerated)
Finished game 93 (Baseline vs Accelerated): 0-1 {Black wins by adjudication}
Score of Baseline vs Accelerated: 29 - 32 - 30  [0.484] 91
Started game 98 of 1000 (Accelerated vs Baseline)
Finished game 90 (Accelerated vs Baseline): 1/2-1/2 {Draw by adjudication}
Score of Baseline vs Accelerated: 29 - 32 - 31  [0.484] 92
Started game 99 of 1000 (Baseline vs Accelerated)
Finished game 92 (Accelerated vs Baseline): 0-1 {Black wins by adjudication}
Score of Baseline vs Accelerated: 30 - 32 - 31  [0.489] 93
Started game 100 of 1000 (Accelerated vs Baseline)
Finished game 95 (Baseline vs Accelerated): 1/2-1/2 {Draw by 3-fold repetition}
Score of Baseline vs Accelerated: 30 - 32 - 32  [0.489] 94
Started game 101 of 1000 (Baseline vs Accelerated)
Finished game 94 (Accelerated vs Baseline): 1/2-1/2 {Draw by adjudication}
Score of Baseline vs Accelerated: 30 - 32 - 33  [0.489] 95
Started game 102 of 1000 (Accelerated vs Baseline)
Finished game 96 (Accelerated vs Baseline): 1-0 {White wins by adjudication}
Score of Baseline vs Accelerated: 30 - 33 - 33  [0.484] 96
Started game 103 of 1000 (Baseline vs Accelerated)
Finished game 99 (Baseline vs Accelerated): 0-1 {Black wins by adjudication}
Score of Baseline vs Accelerated: 30 - 34 - 33  [0.479] 97
Started game 104 of 1000 (Accelerated vs Baseline)
Finished game 98 (Accelerated vs Baseline): 0-1 {Black wins by adjudication}
Score of Baseline vs Accelerated: 31 - 34 - 33  [0.485] 98
Started game 105 of 1000 (Baseline vs Accelerated)
Finished game 97 (Baseline vs Accelerated): 1/2-1/2 {Draw by insufficient mating material}
Score of Baseline vs Accelerated: 31 - 34 - 34  [0.485] 99
Started game 106 of 1000 (Accelerated vs Baseline)
Finished game 100 (Accelerated vs Baseline): 1/2-1/2 {Draw by insufficient mating material}
Score of Baseline vs Accelerated: 31 - 34 - 35  [0.485] 100
Started game 107 of 1000 (Baseline vs Accelerated)
Finished game 102 (Accelerated vs Baseline): 1-0 {White wins by adjudication}
Score of Baseline vs Accelerated: 31 - 35 - 35  [0.480] 101
Started game 108 of 1000 (Accelerated vs Baseline)
Finished game 104 (Accelerated vs Baseline): 0-1 {Black wins by adjudication}
Score of Baseline vs Accelerated: 32 - 35 - 35  [0.485] 102
Started game 109 of 1000 (Baseline vs Accelerated)
Finished game 105 (Baseline vs Accelerated): 1/2-1/2 {Draw by insufficient mating material}
Score of Baseline vs Accelerated: 32 - 35 - 36  [0.485] 103
Started game 110 of 1000 (Accelerated vs Baseline)
Finished game 101 (Baseline vs Accelerated): 1/2-1/2 {Draw by fifty moves rule}
Score of Baseline vs Accelerated: 32 - 35 - 37  [0.486] 104
Started game 111 of 1000 (Baseline vs Accelerated)
Finished game 103 (Baseline vs Accelerated): 1/2-1/2 {Draw by insufficient mating material}
Score of Baseline vs Accelerated: 32 - 35 - 38  [0.486] 105
Started game 112 of 1000 (Accelerated vs Baseline)
Finished game 106 (Accelerated vs Baseline): 0-1 {Black wins by adjudication}
Score of Baseline vs Accelerated: 33 - 35 - 38  [0.491] 106
Started game 113 of 1000 (Baseline vs Accelerated)
Finished game 108 (Accelerated vs Baseline): 1-0 {White wins by adjudication}
Score of Baseline vs Accelerated: 33 - 36 - 38  [0.486] 107
Started game 114 of 1000 (Accelerated vs Baseline)
Finished game 107 (Baseline vs Accelerated): 1/2-1/2 {Draw by insufficient mating material}
Score of Baseline vs Accelerated: 33 - 36 - 39  [0.486] 108
Started game 115 of 1000 (Baseline vs Accelerated)
Finished game 111 (Baseline vs Accelerated): 1-0 {White wins by adjudication}
Score of Baseline vs Accelerated: 34 - 36 - 39  [0.491] 109
Started game 116 of 1000 (Accelerated vs Baseline)
Finished game 112 (Accelerated vs Baseline): 1-0 {White wins by adjudication}
Score of Baseline vs Accelerated: 34 - 37 - 39  [0.486] 110
Started game 117 of 1000 (Baseline vs Accelerated)
Finished game 109 (Baseline vs Accelerated): 1/2-1/2 {Draw by adjudication}
Score of Baseline vs Accelerated: 34 - 37 - 40  [0.486] 111
Started game 118 of 1000 (Accelerated vs Baseline)
Finished game 110 (Accelerated vs Baseline): 1/2-1/2 {Draw by insufficient mating material}
Score of Baseline vs Accelerated: 34 - 37 - 41  [0.487] 112
Started game 119 of 1000 (Baseline vs Accelerated)
Finished game 113 (Baseline vs Accelerated): 0-1 {Black wins by adjudication}
Score of Baseline vs Accelerated: 34 - 38 - 41  [0.482] 113
Started game 120 of 1000 (Accelerated vs Baseline)
Finished game 115 (Baseline vs Accelerated): 1-0 {White wins by adjudication}
Score of Baseline vs Accelerated: 35 - 38 - 41  [0.487] 114
Started game 121 of 1000 (Baseline vs Accelerated)
Finished game 114 (Accelerated vs Baseline): 0-1 {Black wins by adjudication}
Score of Baseline vs Accelerated: 36 - 38 - 41  [0.491] 115
Started game 122 of 1000 (Accelerated vs Baseline)
Finished game 116 (Accelerated vs Baseline): 0-1 {Black wins by adjudication}
Score of Baseline vs Accelerated: 37 - 38 - 41  [0.496] 116
Started game 123 of 1000 (Baseline vs Accelerated)
Finished game 117 (Baseline vs Accelerated): 1/2-1/2 {Draw by 3-fold repetition}
Score of Baseline vs Accelerated: 37 - 38 - 42  [0.496] 117
Started game 124 of 1000 (Accelerated vs Baseline)
Finished game 119 (Baseline vs Accelerated): 1-0 {White wins by adjudication}
Score of Baseline vs Accelerated: 38 - 38 - 42  [0.500] 118
Started game 125 of 1000 (Baseline vs Accelerated)
Finished game 120 (Accelerated vs Baseline): 1-0 {White wins by adjudication}
Score of Baseline vs Accelerated: 38 - 39 - 42  [0.496] 119
Started game 126 of 1000 (Accelerated vs Baseline)
Finished game 122 (Accelerated vs Baseline): 0-1 {Black wins by adjudication}
Score of Baseline vs Accelerated: 39 - 39 - 42  [0.500] 120
Started game 127 of 1000 (Baseline vs Accelerated)
Finished game 121 (Baseline vs Accelerated): 1/2-1/2 {Draw by insufficient mating material}
Score of Baseline vs Accelerated: 39 - 39 - 43  [0.500] 121
Started game 128 of 1000 (Accelerated vs Baseline)
Finished game 118 (Accelerated vs Baseline): 1/2-1/2 {Draw by 3-fold repetition}
Score of Baseline vs Accelerated: 39 - 39 - 44  [0.500] 122
Started game 129 of 1000 (Baseline vs Accelerated)
Finished game 123 (Baseline vs Accelerated): 1/2-1/2 {Draw by adjudication}
Score of Baseline vs Accelerated: 39 - 39 - 45  [0.500] 123
Started game 130 of 1000 (Accelerated vs Baseline)
Finished game 126 (Accelerated vs Baseline): 1/2-1/2 {Draw by 3-fold repetition}
Score of Baseline vs Accelerated: 39 - 39 - 46  [0.500] 124
Started game 131 of 1000 (Baseline vs Accelerated)
Finished game 124 (Accelerated vs Baseline): 1/2-1/2 {Draw by adjudication}
Score of Baseline vs Accelerated: 39 - 39 - 47  [0.500] 125
Started game 132 of 1000 (Accelerated vs Baseline)
Finished game 125 (Baseline vs Accelerated): 1-0 {White wins by adjudication}
Score of Baseline vs Accelerated: 40 - 39 - 47  [0.504] 126
Started game 133 of 1000 (Baseline vs Accelerated)
Finished game 129 (Baseline vs Accelerated): 1-0 {White wins by adjudication}
Score of Baseline vs Accelerated: 41 - 39 - 47  [0.508] 127
Started game 134 of 1000 (Accelerated vs Baseline)
Finished game 127 (Baseline vs Accelerated): 1/2-1/2 {Draw by adjudication}
Score of Baseline vs Accelerated: 41 - 39 - 48  [0.508] 128
Started game 135 of 1000 (Baseline vs Accelerated)
Finished game 132 (Accelerated vs Baseline): 1/2-1/2 {Draw by 3-fold repetition}
Score of Baseline vs Accelerated: 41 - 39 - 49  [0.508] 129
Started game 136 of 1000 (Accelerated vs Baseline)
Finished game 128 (Accelerated vs Baseline): 0-1 {Black wins by adjudication}
Score of Baseline vs Accelerated: 42 - 39 - 49  [0.512] 130
Started game 137 of 1000 (Baseline vs Accelerated)
Finished game 130 (Accelerated vs Baseline): 0-1 {Black wins by adjudication}
Score of Baseline vs Accelerated: 43 - 39 - 49  [0.515] 131
Started game 138 of 1000 (Accelerated vs Baseline)
Finished game 131 (Baseline vs Accelerated): 1/2-1/2 {Draw by insufficient mating material}
Score of Baseline vs Accelerated: 43 - 39 - 50  [0.515] 132
Started game 139 of 1000 (Baseline vs Accelerated)
Finished game 133 (Baseline vs Accelerated): 1-0 {White wins by adjudication}
Score of Baseline vs Accelerated: 44 - 39 - 50  [0.519] 133
Started game 140 of 1000 (Accelerated vs Baseline)
Finished game 134 (Accelerated vs Baseline): 1-0 {White wins by adjudication}
Score of Baseline vs Accelerated: 44 - 40 - 50  [0.515] 134
Started game 141 of 1000 (Baseline vs Accelerated)
Finished game 136 (Accelerated vs Baseline): 1-0 {White wins by adjudication}
Score of Baseline vs Accelerated: 44 - 41 - 50  [0.511] 135
Started game 142 of 1000 (Accelerated vs Baseline)
Finished game 137 (Baseline vs Accelerated): 1/2-1/2 {Draw by 3-fold repetition}
Score of Baseline vs Accelerated: 44 - 41 - 51  [0.511] 136
Started game 143 of 1000 (Baseline vs Accelerated)
Finished game 138 (Accelerated vs Baseline): 1/2-1/2 {Draw by 3-fold repetition}
Score of Baseline vs Accelerated: 44 - 41 - 52  [0.511] 137
Started game 144 of 1000 (Accelerated vs Baseline)
Finished game 135 (Baseline vs Accelerated): 1/2-1/2 {Draw by adjudication}
Score of Baseline vs Accelerated: 44 - 41 - 53  [0.511] 138
Started game 145 of 1000 (Baseline vs Accelerated)
Finished game 139 (Baseline vs Accelerated): 1/2-1/2 {Draw by 3-fold repetition}
Score of Baseline vs Accelerated: 44 - 41 - 54  [0.511] 139
Started game 146 of 1000 (Accelerated vs Baseline)
Finished game 140 (Accelerated vs Baseline): 1-0 {White wins by adjudication}
Score of Baseline vs Accelerated: 44 - 42 - 54  [0.507] 140
Started game 147 of 1000 (Baseline vs Accelerated)
Finished game 141 (Baseline vs Accelerated): 1/2-1/2 {Draw by 3-fold repetition}
Score of Baseline vs Accelerated: 44 - 42 - 55  [0.507] 141
Started game 148 of 1000 (Accelerated vs Baseline)
Finished game 143 (Baseline vs Accelerated): 0-1 {Black wins by adjudication}
Score of Baseline vs Accelerated: 44 - 43 - 55  [0.504] 142
Started game 149 of 1000 (Baseline vs Accelerated)
Finished game 145 (Baseline vs Accelerated): 1-0 {White wins by adjudication}
Score of Baseline vs Accelerated: 45 - 43 - 55  [0.507] 143
Started game 150 of 1000 (Accelerated vs Baseline)
Finished game 146 (Accelerated vs Baseline): 1-0 {White wins by adjudication}
Score of Baseline vs Accelerated: 45 - 44 - 55  [0.503] 144
Started game 151 of 1000 (Baseline vs Accelerated)
Finished game 144 (Accelerated vs Baseline): 0-1 {Black wins by adjudication}
Score of Baseline vs Accelerated: 46 - 44 - 55  [0.507] 145
Started game 152 of 1000 (Accelerated vs Baseline)
