Indexing opening suite...
Started game 5 of 1000 (Main vs KnownFullOnly)
Started game 1 of 1000 (Main vs KnownFullOnly)
Started game 4 of 1000 (KnownFullOnly vs Main)
Started game 6 of 1000 (KnownFullOnly vs Main)
Started game 3 of 1000 (Main vs KnownFullOnly)
Started game 2 of 1000 (KnownFullOnly vs Main)
Started game 7 of 1000 (Main vs KnownFullOnly)
Finished game 7 (Main vs KnownFullOnly): 1-0 {White wins by adjudication}
Score of Main vs KnownFullOnly: 1 - 0 - 0  [1.000] 1
Started game 8 of 1000 (KnownFullOnly vs Main)
Finished game 2 (KnownFullOnly vs Main): 1-0 {White wins by adjudication}
Score of Main vs KnownFullOnly: 1 - 1 - 0  [0.500] 2
Started game 9 of 1000 (Main vs KnownFullOnly)
Finished game 4 (KnownFullOnly vs Main): 1-0 {White wins by adjudication}
Score of Main vs KnownFullOnly: 1 - 2 - 0  [0.333] 3
Started game 10 of 1000 (KnownFullOnly vs Main)
Finished game 6 (KnownFullOnly vs Main): 1-0 {White wins by adjudication}
Score of Main vs KnownFullOnly: 1 - 3 - 0  [0.250] 4
Started game 11 of 1000 (Main vs KnownFullOnly)
Finished game 3 (Main vs KnownFullOnly): 1/2-1/2 {Draw by 3-fold repetition}
Score of Main vs KnownFullOnly: 1 - 3 - 1  [0.300] 5
Started game 12 of 1000 (KnownFullOnly vs Main)
Finished game 1 (Main vs KnownFullOnly): 1/2-1/2 {Draw by insufficient mating material}
Score of Main vs KnownFullOnly: 1 - 3 - 2  [0.333] 6
Started game 13 of 1000 (Main vs KnownFullOnly)
Finished game 8 (KnownFullOnly vs Main): 1-0 {White wins by adjudication}
Score of Main vs KnownFullOnly: 1 - 4 - 2  [0.286] 7
Started game 14 of 1000 (KnownFullOnly vs Main)
Finished game 10 (KnownFullOnly vs Main): 1-0 {White wins by adjudication}
Score of Main vs KnownFullOnly: 1 - 5 - 2  [0.250] 8
Started game 15 of 1000 (Main vs KnownFullOnly)
Finished game 5 (Main vs KnownFullOnly): 1-0 {White wins by adjudication}
Score of Main vs KnownFullOnly: 2 - 5 - 2  [0.333] 9
Started game 16 of 1000 (KnownFullOnly vs Main)
Finished game 11 (Main vs KnownFullOnly): 1/2-1/2 {Draw by 3-fold repetition}
Score of Main vs KnownFullOnly: 2 - 5 - 3  [0.350] 10
Started game 17 of 1000 (Main vs KnownFullOnly)
Finished game 9 (Main vs KnownFullOnly): 0-1 {Black wins by adjudication}
Score of Main vs KnownFullOnly: 2 - 6 - 3  [0.318] 11
Started game 18 of 1000 (KnownFullOnly vs Main)
Finished game 13 (Main vs KnownFullOnly): 0-1 {Black wins by adjudication}
Score of Main vs KnownFullOnly: 2 - 7 - 3  [0.292] 12
Started game 19 of 1000 (Main vs KnownFullOnly)
Finished game 15 (Main vs KnownFullOnly): 1/2-1/2 {Draw by 3-fold repetition}
Score of Main vs KnownFullOnly: 2 - 7 - 4  [0.308] 13
Started game 20 of 1000 (KnownFullOnly vs Main)
Finished game 14 (KnownFullOnly vs Main): 1/2-1/2 {Draw by insufficient mating material}
Score of Main vs KnownFullOnly: 2 - 7 - 5  [0.321] 14
Started game 21 of 1000 (Main vs KnownFullOnly)
Finished game 12 (KnownFullOnly vs Main): 1/2-1/2 {Draw by adjudication}
Score of Main vs KnownFullOnly: 2 - 7 - 6  [0.333] 15
Started game 22 of 1000 (KnownFullOnly vs Main)
Finished game 16 (KnownFullOnly vs Main): 1-0 {White wins by adjudication}
Score of Main vs KnownFullOnly: 2 - 8 - 6  [0.313] 16
Started game 23 of 1000 (Main vs KnownFullOnly)
Finished game 18 (KnownFullOnly vs Main): 1-0 {White wins by adjudication}
Score of Main vs KnownFullOnly: 2 - 9 - 6  [0.294] 17
Started game 24 of 1000 (KnownFullOnly vs Main)
Finished game 17 (Main vs KnownFullOnly): 1/2-1/2 {Draw by adjudication}
Score of Main vs KnownFullOnly: 2 - 9 - 7  [0.306] 18
Started game 25 of 1000 (Main vs KnownFullOnly)
Finished game 19 (Main vs KnownFullOnly): 1-0 {White wins by adjudication}
Score of Main vs KnownFullOnly: 3 - 9 - 7  [0.342] 19
Started game 26 of 1000 (KnownFullOnly vs Main)
Finished game 22 (KnownFullOnly vs Main): 1/2-1/2 {Draw by 3-fold repetition}
Score of Main vs KnownFullOnly: 3 - 9 - 8  [0.350] 20
Started game 27 of 1000 (Main vs KnownFullOnly)
Finished game 20 (KnownFullOnly vs Main): 1-0 {White wins by adjudication}
Score of Main vs KnownFullOnly: 3 - 10 - 8  [0.333] 21
Started game 28 of 1000 (KnownFullOnly vs Main)
Finished game 23 (Main vs KnownFullOnly): 0-1 {Black wins by adjudication}
Score of Main vs KnownFullOnly: 3 - 11 - 8  [0.318] 22
Started game 29 of 1000 (Main vs KnownFullOnly)
Finished game 21 (Main vs KnownFullOnly): 0-1 {Black wins by adjudication}
Score of Main vs KnownFullOnly: 3 - 12 - 8  [0.304] 23
Started game 30 of 1000 (KnownFullOnly vs Main)
Finished game 24 (KnownFullOnly vs Main): 1-0 {White wins by adjudication}
Score of Main vs KnownFullOnly: 3 - 13 - 8  [0.292] 24
Started game 31 of 1000 (Main vs KnownFullOnly)
Finished game 25 (Main vs KnownFullOnly): 0-1 {Black wins by adjudication}
Score of Main vs KnownFullOnly: 3 - 14 - 8  [0.280] 25
Started game 32 of 1000 (KnownFullOnly vs Main)
Finished game 26 (KnownFullOnly vs Main): 1/2-1/2 {Draw by insufficient mating material}
Score of Main vs KnownFullOnly: 3 - 14 - 9  [0.288] 26
Started game 33 of 1000 (Main vs KnownFullOnly)
Finished game 30 (KnownFullOnly vs Main): 1-0 {White mates}
Score of Main vs KnownFullOnly: 3 - 15 - 9  [0.278] 27
Started game 34 of 1000 (KnownFullOnly vs Main)
Finished game 27 (Main vs KnownFullOnly): 0-1 {Black wins by adjudication}
Score of Main vs KnownFullOnly: 3 - 16 - 9  [0.268] 28
Started game 35 of 1000 (Main vs KnownFullOnly)
Finished game 31 (Main vs KnownFullOnly): 0-1 {Black wins by adjudication}
Score of Main vs KnownFullOnly: 3 - 17 - 9  [0.259] 29
Started game 36 of 1000 (KnownFullOnly vs Main)
Finished game 28 (KnownFullOnly vs Main): 1-0 {White wins by adjudication}
Score of Main vs KnownFullOnly: 3 - 18 - 9  [0.250] 30
Started game 37 of 1000 (Main vs KnownFullOnly)
Finished game 29 (Main vs KnownFullOnly): 0-1 {Black wins by adjudication}
Score of Main vs KnownFullOnly: 3 - 19 - 9  [0.242] 31
Started game 38 of 1000 (KnownFullOnly vs Main)
Finished game 34 (KnownFullOnly vs Main): 1-0 {White wins by adjudication}
Score of Main vs KnownFullOnly: 3 - 20 - 9  [0.234] 32
Started game 39 of 1000 (Main vs KnownFullOnly)
Finished game 32 (KnownFullOnly vs Main): 1/2-1/2 {Draw by insufficient mating material}
Score of Main vs KnownFullOnly: 3 - 20 - 10  [0.242] 33
Started game 40 of 1000 (KnownFullOnly vs Main)
Finished game 35 (Main vs KnownFullOnly): 0-1 {Black wins by adjudication}
Score of Main vs KnownFullOnly: 3 - 21 - 10  [0.235] 34
Started game 41 of 1000 (Main vs KnownFullOnly)
Finished game 36 (KnownFullOnly vs Main): 1/2-1/2 {Draw by insufficient mating material}
Score of Main vs KnownFullOnly: 3 - 21 - 11  [0.243] 35
Started game 42 of 1000 (KnownFullOnly vs Main)
Finished game 33 (Main vs KnownFullOnly): 1/2-1/2 {Draw by insufficient mating material}
Score of Main vs KnownFullOnly: 3 - 21 - 12  [0.250] 36
Started game 43 of 1000 (Main vs KnownFullOnly)
Finished game 38 (KnownFullOnly vs Main): 1-0 {White wins by adjudication}
Score of Main vs KnownFullOnly: 3 - 22 - 12  [0.243] 37
Started game 44 of 1000 (KnownFullOnly vs Main)
Finished game 39 (Main vs KnownFullOnly): 1-0 {White wins by adjudication}
Score of Main vs KnownFullOnly: 4 - 22 - 12  [0.263] 38
Started game 45 of 1000 (Main vs KnownFullOnly)
Finished game 40 (KnownFullOnly vs Main): 1-0 {White wins by adjudication}
Score of Main vs KnownFullOnly: 4 - 23 - 12  [0.256] 39
Started game 46 of 1000 (KnownFullOnly vs Main)
Finished game 37 (Main vs KnownFullOnly): 1/2-1/2 {Draw by adjudication}
Score of Main vs KnownFullOnly: 4 - 23 - 13  [0.263] 40
Started game 47 of 1000 (Main vs KnownFullOnly)
Finished game 43 (Main vs KnownFullOnly): 0-1 {Black wins by adjudication}
Score of Main vs KnownFullOnly: 4 - 24 - 13  [0.256] 41
Started game 48 of 1000 (KnownFullOnly vs Main)
Finished game 42 (KnownFullOnly vs Main): 1-0 {White wins by adjudication}
Score of Main vs KnownFullOnly: 4 - 25 - 13  [0.250] 42
Started game 49 of 1000 (Main vs KnownFullOnly)
Finished game 44 (KnownFullOnly vs Main): 1-0 {White wins by adjudication}
Score of Main vs KnownFullOnly: 4 - 26 - 13  [0.244] 43
Started game 50 of 1000 (KnownFullOnly vs Main)
Finished game 45 (Main vs KnownFullOnly): 0-1 {Black wins by adjudication}
Score of Main vs KnownFullOnly: 4 - 27 - 13  [0.239] 44
Started game 51 of 1000 (Main vs KnownFullOnly)
Finished game 41 (Main vs KnownFullOnly): 1/2-1/2 {Draw by fifty moves rule}
Score of Main vs KnownFullOnly: 4 - 27 - 14  [0.244] 45
Started game 52 of 1000 (KnownFullOnly vs Main)
Finished game 46 (KnownFullOnly vs Main): 1-0 {White wins by adjudication}
Score of Main vs KnownFullOnly: 4 - 28 - 14  [0.239] 46
Started game 53 of 1000 (Main vs KnownFullOnly)
Finished game 47 (Main vs KnownFullOnly): 0-1 {Black wins by adjudication}
Score of Main vs KnownFullOnly: 4 - 29 - 14  [0.234] 47
Started game 54 of 1000 (KnownFullOnly vs Main)
Finished game 48 (KnownFullOnly vs Main): 1-0 {White wins by adjudication}
Score of Main vs KnownFullOnly: 4 - 30 - 14  [0.229] 48
Started game 55 of 1000 (Main vs KnownFullOnly)
Finished game 50 (KnownFullOnly vs Main): 1-0 {White wins by adjudication}
Score of Main vs KnownFullOnly: 4 - 31 - 14  [0.224] 49
Started game 56 of 1000 (KnownFullOnly vs Main)
Finished game 51 (Main vs KnownFullOnly): 0-1 {Black wins by adjudication}
Score of Main vs KnownFullOnly: 4 - 32 - 14  [0.220] 50
Started game 57 of 1000 (Main vs KnownFullOnly)
Finished game 49 (Main vs KnownFullOnly): 1-0 {White wins by adjudication}
Score of Main vs KnownFullOnly: 5 - 32 - 14  [0.235] 51
Started game 58 of 1000 (KnownFullOnly vs Main)
Finished game 52 (KnownFullOnly vs Main): 1-0 {White wins by adjudication}
Score of Main vs KnownFullOnly: 5 - 33 - 14  [0.231] 52
Started game 59 of 1000 (Main vs KnownFullOnly)
Finished game 54 (KnownFullOnly vs Main): 1/2-1/2 {Draw by 3-fold repetition}
Score of Main vs KnownFullOnly: 5 - 33 - 15  [0.236] 53
Started game 60 of 1000 (KnownFullOnly vs Main)
Finished game 53 (Main vs KnownFullOnly): 0-1 {Black wins by adjudication}
Score of Main vs KnownFullOnly: 5 - 34 - 15  [0.231] 54
Started game 61 of 1000 (Main vs KnownFullOnly)
Finished game 57 (Main vs KnownFullOnly): 0-1 {Black wins by adjudication}
Score of Main vs KnownFullOnly: 5 - 35 - 15  [0.227] 55
Started game 62 of 1000 (KnownFullOnly vs Main)
Finished game 56 (KnownFullOnly vs Main): 1-0 {White wins by adjudication}
Score of Main vs KnownFullOnly: 5 - 36 - 15  [0.223] 56
Started game 63 of 1000 (Main vs KnownFullOnly)
Finished game 60 (KnownFullOnly vs Main): 1-0 {White wins by adjudication}
Score of Main vs KnownFullOnly: 5 - 37 - 15  [0.219] 57
Started game 64 of 1000 (KnownFullOnly vs Main)
Finished game 55 (Main vs KnownFullOnly): 1-0 {White wins by adjudication}
Score of Main vs KnownFullOnly: 6 - 37 - 15  [0.233] 58
Started game 65 of 1000 (Main vs KnownFullOnly)
Finished game 58 (KnownFullOnly vs Main): 1-0 {White wins by adjudication}
Score of Main vs KnownFullOnly: 6 - 38 - 15  [0.229] 59
Started game 66 of 1000 (KnownFullOnly vs Main)
Finished game 59 (Main vs KnownFullOnly): 0-1 {Black wins by adjudication}
Score of Main vs KnownFullOnly: 6 - 39 - 15  [0.225] 60
Started game 67 of 1000 (Main vs KnownFullOnly)
Finished game 61 (Main vs KnownFullOnly): 0-1 {Black wins by adjudication}
Score of Main vs KnownFullOnly: 6 - 40 - 15  [0.221] 61
Started game 68 of 1000 (KnownFullOnly vs Main)
Finished game 62 (KnownFullOnly vs Main): 1/2-1/2 {Draw by 3-fold repetition}
Score of Main vs KnownFullOnly: 6 - 40 - 16  [0.226] 62
Started game 69 of 1000 (Main vs KnownFullOnly)
Finished game 63 (Main vs KnownFullOnly): 1/2-1/2 {Draw by insufficient mating material}
Score of Main vs KnownFullOnly: 6 - 40 - 17  [0.230] 63
Started game 70 of 1000 (KnownFullOnly vs Main)
Finished game 64 (KnownFullOnly vs Main): 1-0 {White wins by adjudication}
Score of Main vs KnownFullOnly: 6 - 41 - 17  [0.227] 64
Started game 71 of 1000 (Main vs KnownFullOnly)
Finished game 65 (Main vs KnownFullOnly): 0-1 {Black wins by adjudication}
Score of Main vs KnownFullOnly: 6 - 42 - 17  [0.223] 65
Started game 72 of 1000 (KnownFullOnly vs Main)
Finished game 66 (KnownFullOnly vs Main): 1-0 {White wins by adjudication}
Score of Main vs KnownFullOnly: 6 - 43 - 17  [0.220] 66
Started game 73 of 1000 (Main vs KnownFullOnly)
Finished game 67 (Main vs KnownFullOnly): 1-0 {White wins by adjudication}
Score of Main vs KnownFullOnly: 7 - 43 - 17  [0.231] 67
Started game 74 of 1000 (KnownFullOnly vs Main)
Finished game 68 (KnownFullOnly vs Main): 1-0 {White wins by adjudication}
Score of Main vs KnownFullOnly: 7 - 44 - 17  [0.228] 68
Started game 75 of 1000 (Main vs KnownFullOnly)
Finished game 69 (Main vs KnownFullOnly): 1/2-1/2 {Draw by insufficient mating material}
Score of Main vs KnownFullOnly: 7 - 44 - 18  [0.232] 69
Started game 76 of 1000 (KnownFullOnly vs Main)
Finished game 70 (KnownFullOnly vs Main): 1-0 {White wins by adjudication}
Score of Main vs KnownFullOnly: 7 - 45 - 18  [0.229] 70
Started game 77 of 1000 (Main vs KnownFullOnly)
Finished game 71 (Main vs KnownFullOnly): 1/2-1/2 {Draw by 3-fold repetition}
Score of Main vs KnownFullOnly: 7 - 45 - 19  [0.232] 71
Started game 78 of 1000 (KnownFullOnly vs Main)
Finished game 72 (KnownFullOnly vs Main): 1-0 {White wins by adjudication}
Score of Main vs KnownFullOnly: 7 - 46 - 19  [0.229] 72
Started game 79 of 1000 (Main vs KnownFullOnly)
Finished game 74 (KnownFullOnly vs Main): 1-0 {White wins by adjudication}
Score of Main vs KnownFullOnly: 7 - 47 - 19  [0.226] 73
Started game 80 of 1000 (KnownFullOnly vs Main)
Finished game 73 (Main vs KnownFullOnly): 0-1 {Black wins by adjudication}
Score of Main vs KnownFullOnly: 7 - 48 - 19  [0.223] 74
Started game 81 of 1000 (Main vs KnownFullOnly)
Finished game 75 (Main vs KnownFullOnly): 0-1 {Black wins by adjudication}
Score of Main vs KnownFullOnly: 7 - 49 - 19  [0.220] 75
Started game 82 of 1000 (KnownFullOnly vs Main)
Finished game 76 (KnownFullOnly vs Main): 1-0 {White wins by adjudication}
Score of Main vs KnownFullOnly: 7 - 50 - 19  [0.217] 76
Started game 83 of 1000 (Main vs KnownFullOnly)
Finished game 81 (Main vs KnownFullOnly): 1/2-1/2 {Draw by 3-fold repetition}
Score of Main vs KnownFullOnly: 7 - 50 - 20  [0.221] 77
Started game 84 of 1000 (KnownFullOnly vs Main)
Finished game 79 (Main vs KnownFullOnly): 0-1 {Black wins by adjudication}
Score of Main vs KnownFullOnly: 7 - 51 - 20  [0.218] 78
Started game 85 of 1000 (Main vs KnownFullOnly)
Finished game 78 (KnownFullOnly vs Main): 1-0 {White wins by adjudication}
Score of Main vs KnownFullOnly: 7 - 52 - 20  [0.215] 79
Started game 86 of 1000 (KnownFullOnly vs Main)
Finished game 77 (Main vs KnownFullOnly): 1/2-1/2 {Draw by fifty moves rule}
Score of Main vs KnownFullOnly: 7 - 52 - 21  [0.219] 80
Started game 87 of 1000 (Main vs KnownFullOnly)
Finished game 80 (KnownFullOnly vs Main): 1-0 {White wins by adjudication}
Score of Main vs KnownFullOnly: 7 - 53 - 21  [0.216] 81
Started game 88 of 1000 (KnownFullOnly vs Main)
Finished game 83 (Main vs KnownFullOnly): 0-1 {Black wins by adjudication}
Score of Main vs KnownFullOnly: 7 - 54 - 21  [0.213] 82
Started game 89 of 1000 (Main vs KnownFullOnly)
Finished game 84 (KnownFullOnly vs Main): 1-0 {White wins by adjudication}
Score of Main vs KnownFullOnly: 7 - 55 - 21  [0.211] 83
Started game 90 of 1000 (KnownFullOnly vs Main)
Finished game 82 (KnownFullOnly vs Main): 0-1 {Black wins by adjudication}
Score of Main vs KnownFullOnly: 8 - 55 - 21  [0.220] 84
Started game 91 of 1000 (Main vs KnownFullOnly)
Finished game 85 (Main vs KnownFullOnly): 0-1 {Black wins by adjudication}
Score of Main vs KnownFullOnly: 8 - 56 - 21  [0.218] 85
Started game 92 of 1000 (KnownFullOnly vs Main)
Finished game 86 (KnownFullOnly vs Main): 1/2-1/2 {Draw by adjudication}
Score of Main vs KnownFullOnly: 8 - 56 - 22  [0.221] 86
Started game 93 of 1000 (Main vs KnownFullOnly)
Finished game 88 (KnownFullOnly vs Main): 1-0 {White wins by adjudication}
Score of Main vs KnownFullOnly: 8 - 57 - 22  [0.218] 87
Started game 94 of 1000 (KnownFullOnly vs Main)
Finished game 87 (Main vs KnownFullOnly): 1/2-1/2 {Draw by insufficient mating material}
Score of Main vs KnownFullOnly: 8 - 57 - 23  [0.222] 88
Started game 95 of 1000 (Main vs KnownFullOnly)
Finished game 92 (KnownFullOnly vs Main): 1-0 {White wins by adjudication}
Score of Main vs KnownFullOnly: 8 - 58 - 23  [0.219] 89
Started game 96 of 1000 (KnownFullOnly vs Main)
Finished game 90 (KnownFullOnly vs Main): 1-0 {White wins by adjudication}
Score of Main vs KnownFullOnly: 8 - 59 - 23  [0.217] 90
Started game 97 of 1000 (Main vs KnownFullOnly)
Finished game 91 (Main vs KnownFullOnly): 0-1 {Black wins by adjudication}
Score of Main vs KnownFullOnly: 8 - 60 - 23  [0.214] 91
Started game 98 of 1000 (KnownFullOnly vs Main)
Finished game 89 (Main vs KnownFullOnly): 1/2-1/2 {Draw by fifty moves rule}
Score of Main vs KnownFullOnly: 8 - 60 - 24  [0.217] 92
Started game 99 of 1000 (Main vs KnownFullOnly)
Finished game 93 (Main vs KnownFullOnly): 0-1 {Black wins by adjudication}
Score of Main vs KnownFullOnly: 8 - 61 - 24  [0.215] 93
Started game 100 of 1000 (KnownFullOnly vs Main)
Finished game 94 (KnownFullOnly vs Main): 1-0 {White wins by adjudication}
Score of Main vs KnownFullOnly: 8 - 62 - 24  [0.213] 94
Started game 101 of 1000 (Main vs KnownFullOnly)
Finished game 96 (KnownFullOnly vs Main): 1-0 {White wins by adjudication}
Score of Main vs KnownFullOnly: 8 - 63 - 24  [0.211] 95
Started game 102 of 1000 (KnownFullOnly vs Main)
Finished game 95 (Main vs KnownFullOnly): 0-1 {Black wins by adjudication}
Score of Main vs KnownFullOnly: 8 - 64 - 24  [0.208] 96
Started game 103 of 1000 (Main vs KnownFullOnly)
Finished game 97 (Main vs KnownFullOnly): 0-1 {Black wins by adjudication}
Score of Main vs KnownFullOnly: 8 - 65 - 24  [0.206] 97
Started game 104 of 1000 (KnownFullOnly vs Main)
Finished game 101 (Main vs KnownFullOnly): 0-1 {Black wins by adjudication}
Score of Main vs KnownFullOnly: 8 - 66 - 24  [0.204] 98
Started game 105 of 1000 (Main vs KnownFullOnly)
Finished game 99 (Main vs KnownFullOnly): 0-1 {Black wins by adjudication}
Score of Main vs KnownFullOnly: 8 - 67 - 24  [0.202] 99
Started game 106 of 1000 (KnownFullOnly vs Main)
Finished game 98 (KnownFullOnly vs Main): 1/2-1/2 {Draw by insufficient mating material}
Score of Main vs KnownFullOnly: 8 - 67 - 25  [0.205] 100
Started game 107 of 1000 (Main vs KnownFullOnly)
Finished game 100 (KnownFullOnly vs Main): 1/2-1/2 {Draw by 3-fold repetition}
Score of Main vs KnownFullOnly: 8 - 67 - 26  [0.208] 101
Started game 108 of 1000 (KnownFullOnly vs Main)
Finished game 102 (KnownFullOnly vs Main): 1-0 {White wins by adjudication}
Score of Main vs KnownFullOnly: 8 - 68 - 26  [0.206] 102
Started game 109 of 1000 (Main vs KnownFullOnly)
Finished game 103 (Main vs KnownFullOnly): 1-0 {White wins by adjudication}
Score of Main vs KnownFullOnly: 9 - 68 - 26  [0.214] 103
Started game 110 of 1000 (KnownFullOnly vs Main)
Finished game 104 (KnownFullOnly vs Main): 1/2-1/2 {Draw by adjudication}
Score of Main vs KnownFullOnly: 9 - 68 - 27  [0.216] 104
Started game 111 of 1000 (Main vs KnownFullOnly)
Finished game 106 (KnownFullOnly vs Main): 1-0 {White wins by adjudication}
Score of Main vs KnownFullOnly: 9 - 69 - 27  [0.214] 105
Started game 112 of 1000 (KnownFullOnly vs Main)
Finished game 107 (Main vs KnownFullOnly): 0-1 {Black wins by adjudication}
Score of Main vs KnownFullOnly: 9 - 70 - 27  [0.212] 106
Started game 113 of 1000 (Main vs KnownFullOnly)
Finished game 105 (Main vs KnownFullOnly): 0-1 {Black wins by adjudication}
Score of Main vs KnownFullOnly: 9 - 71 - 27  [0.210] 107
Started game 114 of 1000 (KnownFullOnly vs Main)
Finished game 108 (KnownFullOnly vs Main): 1-0 {White wins by adjudication}
Score of Main vs KnownFullOnly: 9 - 72 - 27  [0.208] 108
Started game 115 of 1000 (Main vs KnownFullOnly)
Finished game 109 (Main vs KnownFullOnly): 0-1 {Black wins by adjudication}
Score of Main vs KnownFullOnly: 9 - 73 - 27  [0.206] 109
Started game 116 of 1000 (KnownFullOnly vs Main)
Finished game 110 (KnownFullOnly vs Main): 0-1 {Black wins by adjudication}
Score of Main vs KnownFullOnly: 10 - 73 - 27  [0.214] 110
Started game 117 of 1000 (Main vs KnownFullOnly)
Finished game 111 (Main vs KnownFullOnly): 1/2-1/2 {Draw by insufficient mating material}
Score of Main vs KnownFullOnly: 10 - 73 - 28  [0.216] 111
Started game 118 of 1000 (KnownFullOnly vs Main)
Finished game 112 (KnownFullOnly vs Main): 1-0 {White wins by adjudication}
Score of Main vs KnownFullOnly: 10 - 74 - 28  [0.214] 112
Started game 119 of 1000 (Main vs KnownFullOnly)
Finished game 113 (Main vs KnownFullOnly): 0-1 {Black wins by adjudication}
Score of Main vs KnownFullOnly: 10 - 75 - 28  [0.212] 113
Started game 120 of 1000 (KnownFullOnly vs Main)
Finished game 115 (Main vs KnownFullOnly): 0-1 {Black wins by adjudication}
Score of Main vs KnownFullOnly: 10 - 76 - 28  [0.211] 114
Started game 121 of 1000 (Main vs KnownFullOnly)
Finished game 114 (KnownFullOnly vs Main): 1-0 {White wins by adjudication}
Score of Main vs KnownFullOnly: 10 - 77 - 28  [0.209] 115
Started game 122 of 1000 (KnownFullOnly vs Main)
Finished game 116 (KnownFullOnly vs Main): 1/2-1/2 {Draw by adjudication}
Score of Main vs KnownFullOnly: 10 - 77 - 29  [0.211] 116
Started game 123 of 1000 (Main vs KnownFullOnly)
Finished game 117 (Main vs KnownFullOnly): 1-0 {White wins by adjudication}
Score of Main vs KnownFullOnly: 11 - 77 - 29  [0.218] 117
Started game 124 of 1000 (KnownFullOnly vs Main)
Finished game 119 (Main vs KnownFullOnly): 0-1 {Black wins by adjudication}
Score of Main vs KnownFullOnly: 11 - 78 - 29  [0.216] 118
Started game 125 of 1000 (Main vs KnownFullOnly)
Finished game 118 (KnownFullOnly vs Main): 1/2-1/2 {Draw by 3-fold repetition}
Score of Main vs KnownFullOnly: 11 - 78 - 30  [0.218] 119
Started game 126 of 1000 (KnownFullOnly vs Main)
Finished game 120 (KnownFullOnly vs Main): 1/2-1/2 {Draw by adjudication}
Score of Main vs KnownFullOnly: 11 - 78 - 31  [0.221] 120
Started game 127 of 1000 (Main vs KnownFullOnly)
Finished game 121 (Main vs KnownFullOnly): 0-1 {Black wins by adjudication}
Score of Main vs KnownFullOnly: 11 - 79 - 31  [0.219] 121
Started game 128 of 1000 (KnownFullOnly vs Main)
Finished game 122 (KnownFullOnly vs Main): 1-0 {White wins by adjudication}
Score of Main vs KnownFullOnly: 11 - 80 - 31  [0.217] 122
Started game 129 of 1000 (Main vs KnownFullOnly)
Finished game 124 (KnownFullOnly vs Main): 1-0 {White wins by adjudication}
Score of Main vs KnownFullOnly: 11 - 81 - 31  [0.215] 123
Started game 130 of 1000 (KnownFullOnly vs Main)
Finished game 123 (Main vs KnownFullOnly): 1/2-1/2 {Draw by adjudication}
Score of Main vs KnownFullOnly: 11 - 81 - 32  [0.218] 124
Started game 131 of 1000 (Main vs KnownFullOnly)
Finished game 127 (Main vs KnownFullOnly): 0-1 {Black wins by adjudication}
Score of Main vs KnownFullOnly: 11 - 82 - 32  [0.216] 125
Started game 132 of 1000 (KnownFullOnly vs Main)
Finished game 128 (KnownFullOnly vs Main): 0-1 {Black wins by adjudication}
Score of Main vs KnownFullOnly: 12 - 82 - 32  [0.222] 126
Started game 133 of 1000 (Main vs KnownFullOnly)
Finished game 125 (Main vs KnownFullOnly): 1/2-1/2 {Draw by fifty moves rule}
Score of Main vs KnownFullOnly: 12 - 82 - 33  [0.224] 127
Started game 134 of 1000 (KnownFullOnly vs Main)
Finished game 130 (KnownFullOnly vs Main): 1-0 {White wins by adjudication}
Score of Main vs KnownFullOnly: 12 - 83 - 33  [0.223] 128
Started game 135 of 1000 (Main vs KnownFullOnly)
Finished game 126 (KnownFullOnly vs Main): 1/2-1/2 {Draw by fifty moves rule}
Score of Main vs KnownFullOnly: 12 - 83 - 34  [0.225] 129
Started game 136 of 1000 (KnownFullOnly vs Main)
Finished game 131 (Main vs KnownFullOnly): 1-0 {White wins by adjudication}
Score of Main vs KnownFullOnly: 13 - 83 - 34  [0.231] 130
Started game 137 of 1000 (Main vs KnownFullOnly)
Finished game 132 (KnownFullOnly vs Main): 1-0 {White wins by adjudication}
Score of Main vs KnownFullOnly: 13 - 84 - 34  [0.229] 131
Started game 138 of 1000 (KnownFullOnly vs Main)
Finished game 129 (Main vs KnownFullOnly): 0-1 {Black wins by adjudication}
Score of Main vs KnownFullOnly: 13 - 85 - 34  [0.227] 132
Started game 139 of 1000 (Main vs KnownFullOnly)
Finished game 133 (Main vs KnownFullOnly): 0-1 {Black wins by adjudication}
Score of Main vs KnownFullOnly: 13 - 86 - 34  [0.226] 133
Started game 140 of 1000 (KnownFullOnly vs Main)
Finished game 137 (Main vs KnownFullOnly): 0-1 {Black wins by adjudication}
Score of Main vs KnownFullOnly: 13 - 87 - 34  [0.224] 134
Started game 141 of 1000 (Main vs KnownFullOnly)
Finished game 135 (Main vs KnownFullOnly): 0-1 {Black wins by adjudication}
Score of Main vs KnownFullOnly: 13 - 88 - 34  [0.222] 135
Started game 142 of 1000 (KnownFullOnly vs Main)
Finished game 134 (KnownFullOnly vs Main): 1/2-1/2 {Draw by 3-fold repetition}
Score of Main vs KnownFullOnly: 13 - 88 - 35  [0.224] 136
Started game 143 of 1000 (Main vs KnownFullOnly)
Finished game 138 (KnownFullOnly vs Main): 1-0 {White wins by adjudication}
Score of Main vs KnownFullOnly: 13 - 89 - 35  [0.223] 137
Started game 144 of 1000 (KnownFullOnly vs Main)
Finished game 139 (Main vs KnownFullOnly): 1-0 {White wins by adjudication}
Score of Main vs KnownFullOnly: 14 - 89 - 35  [0.228] 138
Started game 145 of 1000 (Main vs KnownFullOnly)
Finished game 140 (KnownFullOnly vs Main): 1-0 {White wins by adjudication}
Score of Main vs KnownFullOnly: 14 - 90 - 35  [0.227] 139
Started game 146 of 1000 (KnownFullOnly vs Main)
Finished game 136 (KnownFullOnly vs Main): 1/2-1/2 {Draw by fifty moves rule}
Score of Main vs KnownFullOnly: 14 - 90 - 36  [0.229] 140
Started game 147 of 1000 (Main vs KnownFullOnly)
Finished game 142 (KnownFullOnly vs Main): 1-0 {White wins by adjudication}
Score of Main vs KnownFullOnly: 14 - 91 - 36  [0.227] 141
Started game 148 of 1000 (KnownFullOnly vs Main)
Finished game 141 (Main vs KnownFullOnly): 1/2-1/2 {Draw by adjudication}
Score of Main vs KnownFullOnly: 14 - 91 - 37  [0.229] 142
Started game 149 of 1000 (Main vs KnownFullOnly)
Finished game 143 (Main vs KnownFullOnly): 0-1 {Black wins by adjudication}
Score of Main vs KnownFullOnly: 14 - 92 - 37  [0.227] 143
Started game 150 of 1000 (KnownFullOnly vs Main)
Finished game 144 (KnownFullOnly vs Main): 1-0 {White wins by adjudication}
Score of Main vs KnownFullOnly: 14 - 93 - 37  [0.226] 144
Started game 151 of 1000 (Main vs KnownFullOnly)
Finished game 145 (Main vs KnownFullOnly): 0-1 {Black wins by adjudication}
Score of Main vs KnownFullOnly: 14 - 94 - 37  [0.224] 145
Started game 152 of 1000 (KnownFullOnly vs Main)
Finished game 148 (KnownFullOnly vs Main): 1-0 {White wins by adjudication}
Score of Main vs KnownFullOnly: 14 - 95 - 37  [0.223] 146
Started game 153 of 1000 (Main vs KnownFullOnly)
Finished game 147 (Main vs KnownFullOnly): 1/2-1/2 {Draw by insufficient mating material}
Score of Main vs KnownFullOnly: 14 - 95 - 38  [0.224] 147
Started game 154 of 1000 (KnownFullOnly vs Main)
Finished game 146 (KnownFullOnly vs Main): 1-0 {White wins by adjudication}
Score of Main vs KnownFullOnly: 14 - 96 - 38  [0.223] 148
Started game 155 of 1000 (Main vs KnownFullOnly)
Finished game 150 (KnownFullOnly vs Main): 1-0 {White wins by adjudication}
Score of Main vs KnownFullOnly: 14 - 97 - 38  [0.221] 149
Started game 156 of 1000 (KnownFullOnly vs Main)
Finished game 149 (Main vs KnownFullOnly): 0-1 {Black wins by adjudication}
Score of Main vs KnownFullOnly: 14 - 98 - 38  [0.220] 150
Started game 157 of 1000 (Main vs KnownFullOnly)
Finished game 151 (Main vs KnownFullOnly): 0-1 {Black wins by adjudication}
Score of Main vs KnownFullOnly: 14 - 99 - 38  [0.219] 151
Started game 158 of 1000 (KnownFullOnly vs Main)
Finished game 152 (KnownFullOnly vs Main): 1/2-1/2 {Draw by insufficient mating material}
Score of Main vs KnownFullOnly: 14 - 99 - 39  [0.220] 152
Started game 159 of 1000 (Main vs KnownFullOnly)
Finished game 153 (Main vs KnownFullOnly): 0-1 {Black wins by adjudication}
Score of Main vs KnownFullOnly: 14 - 100 - 39  [0.219] 153
Started game 160 of 1000 (KnownFullOnly vs Main)
Finished game 157 (Main vs KnownFullOnly): 0-1 {Black wins by adjudication}
Score of Main vs KnownFullOnly: 14 - 101 - 39  [0.218] 154
Started game 161 of 1000 (Main vs KnownFullOnly)
Finished game 154 (KnownFullOnly vs Main): 1/2-1/2 {Draw by 3-fold repetition}
Score of Main vs KnownFullOnly: 14 - 101 - 40  [0.219] 155
Started game 162 of 1000 (KnownFullOnly vs Main)
Finished game 155 (Main vs KnownFullOnly): 1/2-1/2 {Draw by adjudication}
Score of Main vs KnownFullOnly: 14 - 101 - 41  [0.221] 156
Started game 163 of 1000 (Main vs KnownFullOnly)
Finished game 156 (KnownFullOnly vs Main): 1-0 {White wins by adjudication}
Score of Main vs KnownFullOnly: 14 - 102 - 41  [0.220] 157
Started game 164 of 1000 (KnownFullOnly vs Main)
Finished game 159 (Main vs KnownFullOnly): 0-1 {Black wins by adjudication}
Score of Main vs KnownFullOnly: 14 - 103 - 41  [0.218] 158
Started game 165 of 1000 (Main vs KnownFullOnly)
Finished game 160 (KnownFullOnly vs Main): 1-0 {White wins by adjudication}
Score of Main vs KnownFullOnly: 14 - 104 - 41  [0.217] 159
Started game 166 of 1000 (KnownFullOnly vs Main)
Finished game 162 (KnownFullOnly vs Main): 1-0 {White wins by adjudication}
Score of Main vs KnownFullOnly: 14 - 105 - 41  [0.216] 160
Started game 167 of 1000 (Main vs KnownFullOnly)
Finished game 158 (KnownFullOnly vs Main): 1/2-1/2 {Draw by adjudication}
Score of Main vs KnownFullOnly: 14 - 105 - 42  [0.217] 161
Started game 168 of 1000 (KnownFullOnly vs Main)
Finished game 164 (KnownFullOnly vs Main): 1-0 {White wins by adjudication}
Score of Main vs KnownFullOnly: 14 - 106 - 42  [0.216] 162
Started game 169 of 1000 (Main vs KnownFullOnly)
Finished game 163 (Main vs KnownFullOnly): 0-1 {Black wins by adjudication}
Score of Main vs KnownFullOnly: 14 - 107 - 42  [0.215] 163
Started game 170 of 1000 (KnownFullOnly vs Main)
Finished game 161 (Main vs KnownFullOnly): 0-1 {Black wins by adjudication}
Score of Main vs KnownFullOnly: 14 - 108 - 42  [0.213] 164
Started game 171 of 1000 (Main vs KnownFullOnly)
Finished game 166 (KnownFullOnly vs Main): 1-0 {White wins by adjudication}
Score of Main vs KnownFullOnly: 14 - 109 - 42  [0.212] 165
Started game 172 of 1000 (KnownFullOnly vs Main)
Finished game 165 (Main vs KnownFullOnly): 0-1 {Black wins by adjudication}
Score of Main vs KnownFullOnly: 14 - 110 - 42  [0.211] 166
Started game 173 of 1000 (Main vs KnownFullOnly)
Finished game 168 (KnownFullOnly vs Main): 1-0 {White wins by adjudication}
Score of Main vs KnownFullOnly: 14 - 111 - 42  [0.210] 167
Started game 174 of 1000 (KnownFullOnly vs Main)
Finished game 167 (Main vs KnownFullOnly): 1-0 {White wins by adjudication}
Score of Main vs KnownFullOnly: 15 - 111 - 42  [0.214] 168
Started game 175 of 1000 (Main vs KnownFullOnly)
Finished game 169 (Main vs KnownFullOnly): 1/2-1/2 {Draw by adjudication}
Score of Main vs KnownFullOnly: 15 - 111 - 43  [0.216] 169
Started game 176 of 1000 (KnownFullOnly vs Main)
Finished game 170 (KnownFullOnly vs Main): 1/2-1/2 {Draw by insufficient mating material}
Score of Main vs KnownFullOnly: 15 - 111 - 44  [0.218] 170
Started game 177 of 1000 (Main vs KnownFullOnly)
Finished game 171 (Main vs KnownFullOnly): 0-1 {Black wins by adjudication}
Score of Main vs KnownFullOnly: 15 - 112 - 44  [0.216] 171
Started game 178 of 1000 (KnownFullOnly vs Main)
Finished game 173 (Main vs KnownFullOnly): 0-1 {Black wins by adjudication}
Score of Main vs KnownFullOnly: 15 - 113 - 44  [0.215] 172
Started game 179 of 1000 (Main vs KnownFullOnly)
Finished game 174 (KnownFullOnly vs Main): 1-0 {White wins by adjudication}
Score of Main vs KnownFullOnly: 15 - 114 - 44  [0.214] 173
Started game 180 of 1000 (KnownFullOnly vs Main)
Finished game 172 (KnownFullOnly vs Main): 1/2-1/2 {Draw by adjudication}
Score of Main vs KnownFullOnly: 15 - 114 - 45  [0.216] 174
Started game 181 of 1000 (Main vs KnownFullOnly)
Finished game 178 (KnownFullOnly vs Main): 1-0 {White wins by adjudication}
Score of Main vs KnownFullOnly: 15 - 115 - 45  [0.214] 175
Started game 182 of 1000 (KnownFullOnly vs Main)
Finished game 175 (Main vs KnownFullOnly): 0-1 {Black wins by adjudication}
Score of Main vs KnownFullOnly: 15 - 116 - 45  [0.213] 176
Started game 183 of 1000 (Main vs KnownFullOnly)
Finished game 179 (Main vs KnownFullOnly): 1-0 {White wins by adjudication}
Score of Main vs KnownFullOnly: 16 - 116 - 45  [0.218] 177
Started game 184 of 1000 (KnownFullOnly vs Main)
Finished game 176 (KnownFullOnly vs Main): 1-0 {White wins by adjudication}
Score of Main vs KnownFullOnly: 16 - 117 - 45  [0.216] 178
Started game 185 of 1000 (Main vs KnownFullOnly)
Finished game 177 (Main vs KnownFullOnly): 1-0 {White wins by adjudication}
Score of Main vs KnownFullOnly: 17 - 117 - 45  [0.221] 179
Started game 186 of 1000 (KnownFullOnly vs Main)
Finished game 180 (KnownFullOnly vs Main): 1-0 {White wins by adjudication}
Score of Main vs KnownFullOnly: 17 - 118 - 45  [0.219] 180
Started game 187 of 1000 (Main vs KnownFullOnly)
Finished game 181 (Main vs KnownFullOnly): 0-1 {Black wins by adjudication}
Score of Main vs KnownFullOnly: 17 - 119 - 45  [0.218] 181
Started game 188 of 1000 (KnownFullOnly vs Main)
Finished game 182 (KnownFullOnly vs Main): 0-1 {Black wins by adjudication}
Score of Main vs KnownFullOnly: 18 - 119 - 45  [0.223] 182
Started game 189 of 1000 (Main vs KnownFullOnly)
Finished game 185 (Main vs KnownFullOnly): 1-0 {White wins by adjudication}
Score of Main vs KnownFullOnly: 19 - 119 - 45  [0.227] 183
Started game 190 of 1000 (KnownFullOnly vs Main)
Finished game 183 (Main vs KnownFullOnly): 1/2-1/2 {Draw by insufficient mating material}
Score of Main vs KnownFullOnly: 19 - 119 - 46  [0.228] 184
Started game 191 of 1000 (Main vs KnownFullOnly)
Finished game 186 (KnownFullOnly vs Main): 1-0 {White wins by adjudication}
Score of Main vs KnownFullOnly: 19 - 120 - 46  [0.227] 185
Started game 192 of 1000 (KnownFullOnly vs Main)
Finished game 184 (KnownFullOnly vs Main): 1-0 {White wins by adjudication}
Score of Main vs KnownFullOnly: 19 - 121 - 46  [0.226] 186
Started game 193 of 1000 (Main vs KnownFullOnly)
Finished game 187 (Main vs KnownFullOnly): 0-1 {Black wins by adjudication}
Score of Main vs KnownFullOnly: 19 - 122 - 46  [0.225] 187
Started game 194 of 1000 (KnownFullOnly vs Main)
Finished game 188 (KnownFullOnly vs Main): 0-1 {Black wins by adjudication}
Score of Main vs KnownFullOnly: 20 - 122 - 46  [0.229] 188
Started game 195 of 1000 (Main vs KnownFullOnly)
Finished game 189 (Main vs KnownFullOnly): 0-1 {Black wins by adjudication}
Score of Main vs KnownFullOnly: 20 - 123 - 46  [0.228] 189
Started game 196 of 1000 (KnownFullOnly vs Main)
Finished game 192 (KnownFullOnly vs Main): 1-0 {White wins by adjudication}
Score of Main vs KnownFullOnly: 20 - 124 - 46  [0.226] 190
Started game 197 of 1000 (Main vs KnownFullOnly)
Finished game 191 (Main vs KnownFullOnly): 0-1 {Black wins by adjudication}
Score of Main vs KnownFullOnly: 20 - 125 - 46  [0.225] 191
Started game 198 of 1000 (KnownFullOnly vs Main)
Finished game 190 (KnownFullOnly vs Main): 1-0 {White wins by adjudication}
Score of Main vs KnownFullOnly: 20 - 126 - 46  [0.224] 192
Started game 199 of 1000 (Main vs KnownFullOnly)
Finished game 193 (Main vs KnownFullOnly): 0-1 {Black wins by adjudication}
Score of Main vs KnownFullOnly: 20 - 127 - 46  [0.223] 193
Started game 200 of 1000 (KnownFullOnly vs Main)
Finished game 195 (Main vs KnownFullOnly): 0-1 {Black wins by adjudication}
Score of Main vs KnownFullOnly: 20 - 128 - 46  [0.222] 194
Started game 201 of 1000 (Main vs KnownFullOnly)
Finished game 194 (KnownFullOnly vs Main): 0-1 {Black wins by adjudication}
Score of Main vs KnownFullOnly: 21 - 128 - 46  [0.226] 195
Started game 202 of 1000 (KnownFullOnly vs Main)
Finished game 196 (KnownFullOnly vs Main): 1-0 {White wins by adjudication}
Score of Main vs KnownFullOnly: 21 - 129 - 46  [0.224] 196
Started game 203 of 1000 (Main vs KnownFullOnly)
Finished game 197 (Main vs KnownFullOnly): 0-1 {Black wins by adjudication}
Score of Main vs KnownFullOnly: 21 - 130 - 46  [0.223] 197
Started game 204 of 1000 (KnownFullOnly vs Main)
Finished game 200 (KnownFullOnly vs Main): 1-0 {White wins by adjudication}
Score of Main vs KnownFullOnly: 21 - 131 - 46  [0.222] 198
Started game 205 of 1000 (Main vs KnownFullOnly)
Finished game 199 (Main vs KnownFullOnly): 0-1 {Black wins by adjudication}
Score of Main vs KnownFullOnly: 21 - 132 - 46  [0.221] 199
Started game 206 of 1000 (KnownFullOnly vs Main)
Finished game 198 (KnownFullOnly vs Main): 1-0 {White wins by adjudication}
Score of Main vs KnownFullOnly: 21 - 133 - 46  [0.220] 200
Started game 207 of 1000 (Main vs KnownFullOnly)
Finished game 201 (Main vs KnownFullOnly): 0-1 {Black wins by adjudication}
Score of Main vs KnownFullOnly: 21 - 134 - 46  [0.219] 201
Started game 208 of 1000 (KnownFullOnly vs Main)
Finished game 202 (KnownFullOnly vs Main): 1-0 {White wins by adjudication}
Score of Main vs KnownFullOnly: 21 - 135 - 46  [0.218] 202
Started game 209 of 1000 (Main vs KnownFullOnly)
Finished game 204 (KnownFullOnly vs Main): 1-0 {White wins by adjudication}
Score of Main vs KnownFullOnly: 21 - 136 - 46  [0.217] 203
Started game 210 of 1000 (KnownFullOnly vs Main)
Finished game 205 (Main vs KnownFullOnly): 0-1 {Black wins by adjudication}
Score of Main vs KnownFullOnly: 21 - 137 - 46  [0.216] 204
Started game 211 of 1000 (Main vs KnownFullOnly)
Finished game 206 (KnownFullOnly vs Main): 1-0 {White wins by adjudication}
Score of Main vs KnownFullOnly: 21 - 138 - 46  [0.215] 205
Started game 212 of 1000 (KnownFullOnly vs Main)
Finished game 203 (Main vs KnownFullOnly): 1/2-1/2 {Draw by 3-fold repetition}
Score of Main vs KnownFullOnly: 21 - 138 - 47  [0.216] 206
Started game 213 of 1000 (Main vs KnownFullOnly)
Finished game 207 (Main vs KnownFullOnly): 0-1 {Black wins by adjudication}
Score of Main vs KnownFullOnly: 21 - 139 - 47  [0.215] 207
Started game 214 of 1000 (KnownFullOnly vs Main)
Finished game 209 (Main vs KnownFullOnly): 0-1 {Black wins by adjudication}
Score of Main vs KnownFullOnly: 21 - 140 - 47  [0.214] 208
Started game 215 of 1000 (Main vs KnownFullOnly)
Finished game 212 (KnownFullOnly vs Main): 1-0 {White wins by adjudication}
Score of Main vs KnownFullOnly: 21 - 141 - 47  [0.213] 209
Started game 216 of 1000 (KnownFullOnly vs Main)
Finished game 211 (Main vs KnownFullOnly): 1-0 {White mates}
Score of Main vs KnownFullOnly: 22 - 141 - 47  [0.217] 210
Started game 217 of 1000 (Main vs KnownFullOnly)
Finished game 210 (KnownFullOnly vs Main): 1/2-1/2 {Draw by insufficient mating material}
Score of Main vs KnownFullOnly: 22 - 141 - 48  [0.218] 211
Started game 218 of 1000 (KnownFullOnly vs Main)
Finished game 208 (KnownFullOnly vs Main): 1/2-1/2 {Draw by adjudication}
Score of Main vs KnownFullOnly: 22 - 141 - 49  [0.219] 212
Started game 219 of 1000 (Main vs KnownFullOnly)
Finished game 213 (Main vs KnownFullOnly): 1-0 {White wins by adjudication}
Score of Main vs KnownFullOnly: 23 - 141 - 49  [0.223] 213
Started game 220 of 1000 (KnownFullOnly vs Main)
Finished game 214 (KnownFullOnly vs Main): 1-0 {White wins by adjudication}
Score of Main vs KnownFullOnly: 23 - 142 - 49  [0.222] 214
Started game 221 of 1000 (Main vs KnownFullOnly)
Finished game 215 (Main vs KnownFullOnly): 0-1 {Black wins by adjudication}
Score of Main vs KnownFullOnly: 23 - 143 - 49  [0.221] 215
Started game 222 of 1000 (KnownFullOnly vs Main)
Finished game 216 (KnownFullOnly vs Main): 1-0 {White wins by adjudication}
Score of Main vs KnownFullOnly: 23 - 144 - 49  [0.220] 216
Started game 223 of 1000 (Main vs KnownFullOnly)
Finished game 218 (KnownFullOnly vs Main): 1-0 {White wins by adjudication}
Score of Main vs KnownFullOnly: 23 - 145 - 49  [0.219] 217
Started game 224 of 1000 (KnownFullOnly vs Main)
Finished game 217 (Main vs KnownFullOnly): 1/2-1/2 {Draw by 3-fold repetition}
Score of Main vs KnownFullOnly: 23 - 145 - 50  [0.220] 218
Started game 225 of 1000 (Main vs KnownFullOnly)
Finished game 220 (KnownFullOnly vs Main): 1-0 {White wins by adjudication}
Score of Main vs KnownFullOnly: 23 - 146 - 50  [0.219] 219
Started game 226 of 1000 (KnownFullOnly vs Main)
Finished game 219 (Main vs KnownFullOnly): 1/2-1/2 {Draw by adjudication}
Score of Main vs KnownFullOnly: 23 - 146 - 51  [0.220] 220
Started game 227 of 1000 (Main vs KnownFullOnly)
Finished game 222 (KnownFullOnly vs Main): 1-0 {White wins by adjudication}
Score of Main vs KnownFullOnly: 23 - 147 - 51  [0.219] 221
Started game 228 of 1000 (KnownFullOnly vs Main)
Finished game 223 (Main vs KnownFullOnly): 1-0 {White wins by adjudication}
Score of Main vs KnownFullOnly: 24 - 147 - 51  [0.223] 222
Started game 229 of 1000 (Main vs KnownFullOnly)
Finished game 225 (Main vs KnownFullOnly): 0-1 {Black wins by adjudication}
Score of Main vs KnownFullOnly: 24 - 148 - 51  [0.222] 223
Started game 230 of 1000 (KnownFullOnly vs Main)
Finished game 224 (KnownFullOnly vs Main): 1-0 {White wins by adjudication}
Score of Main vs KnownFullOnly: 24 - 149 - 51  [0.221] 224
Started game 231 of 1000 (Main vs KnownFullOnly)
Finished game 226 (KnownFullOnly vs Main): 1-0 {White wins by adjudication}
Score of Main vs KnownFullOnly: 24 - 150 - 51  [0.220] 225
Started game 232 of 1000 (KnownFullOnly vs Main)
Finished game 221 (Main vs KnownFullOnly): 0-1 {Black wins by adjudication}
Score of Main vs KnownFullOnly: 24 - 151 - 51  [0.219] 226
Started game 233 of 1000 (Main vs KnownFullOnly)
Finished game 227 (Main vs KnownFullOnly): 0-1 {Black wins by adjudication}
Score of Main vs KnownFullOnly: 24 - 152 - 51  [0.218] 227
Started game 234 of 1000 (KnownFullOnly vs Main)
Finished game 228 (KnownFullOnly vs Main): 1-0 {White wins by adjudication}
Score of Main vs KnownFullOnly: 24 - 153 - 51  [0.217] 228
Started game 235 of 1000 (Main vs KnownFullOnly)
Finished game 229 (Main vs KnownFullOnly): 0-1 {Black wins by adjudication}
Score of Main vs KnownFullOnly: 24 - 154 - 51  [0.216] 229
Started game 236 of 1000 (KnownFullOnly vs Main)
Finished game 230 (KnownFullOnly vs Main): 1/2-1/2 {Draw by insufficient mating material}
Score of Main vs KnownFullOnly: 24 - 154 - 52  [0.217] 230
Started game 237 of 1000 (Main vs KnownFullOnly)
Finished game 231 (Main vs KnownFullOnly): 0-1 {Black wins by adjudication}
Score of Main vs KnownFullOnly: 24 - 155 - 52  [0.216] 231
Started game 238 of 1000 (KnownFullOnly vs Main)
Finished game 233 (Main vs KnownFullOnly): 1/2-1/2 {Draw by 3-fold repetition}
Score of Main vs KnownFullOnly: 24 - 155 - 53  [0.218] 232
Started game 239 of 1000 (Main vs KnownFullOnly)
Finished game 234 (KnownFullOnly vs Main): 1-0 {White wins by adjudication}
Score of Main vs KnownFullOnly: 24 - 156 - 53  [0.217] 233
Finished game 239 (Main vs KnownFullOnly): * {No result}
Score of Main vs KnownFullOnly: 24 - 156 - 53  [0.217] 233
Finished game 236 (KnownFullOnly vs Main): * {No result}
Score of Main vs KnownFullOnly: 24 - 156 - 53  [0.217] 233
Finished game 235 (Main vs KnownFullOnly): * {No result}
Score of Main vs KnownFullOnly: 24 - 156 - 53  [0.217] 233
Finished game 232 (KnownFullOnly vs Main): * {No result}
Score of Main vs KnownFullOnly: 24 - 156 - 53  [0.217] 233
Finished game 237 (Main vs KnownFullOnly): * {No result}
Score of Main vs KnownFullOnly: 24 - 156 - 53  [0.217] 233
Finished game 238 (KnownFullOnly vs Main): * {No result}
Score of Main vs KnownFullOnly: 24 - 156 - 53  [0.217] 233
...      Main playing White: 18 - 72 - 27  [0.269] 117
...      Main playing Black: 6 - 84 - 26  [0.164] 116
...      White vs Black: 102 - 78 - 53  [0.552] 233
Elo difference: -223.2 +/- 44.6, LOS: 0.0 %, DrawRatio: 22.7 %
SPRT: llr -2.95 (-100.1%), lbound -2.94, ubound 2.94 - H0 was accepted

Player: Main
   "Draw by 3-fold repetition": 15
   "Draw by adjudication": 15
   "Draw by fifty moves rule": 6
   "Draw by insufficient mating material": 17
   "Loss: Black wins by adjudication": 72
   "Loss: White mates": 1
   "Loss: White wins by adjudication": 83
   "No result": 6
   "Win: Black wins by adjudication": 6
   "Win: White mates": 1
   "Win: White wins by adjudication": 17
Player: KnownFullOnly
   "Draw by 3-fold repetition": 15
   "Draw by adjudication": 15
   "Draw by fifty moves rule": 6
   "Draw by insufficient mating material": 17
   "Loss: Black wins by adjudication": 6
   "Loss: White mates": 1
   "Loss: White wins by adjudication": 17
   "No result": 6
   "Win: Black wins by adjudication": 72
   "Win: White mates": 1
   "Win: White wins by adjudication": 83
Finished match
