Indexing opening suite...
Started game 4 of 200 (HeavyOpt vs Main)
Started game 1 of 200 (Main vs HeavyOpt)
Started game 6 of 200 (HeavyOpt vs Main)
Started game 2 of 200 (HeavyOpt vs Main)
Started game 3 of 200 (Main vs HeavyOpt)
Started game 5 of 200 (Main vs HeavyOpt)
Started game 7 of 200 (Main vs HeavyOpt)
Finished game 5 (Main vs HeavyOpt): 0-1 {Black wins by adjudication}
Score of Main vs HeavyOpt: 0 - 1 - 0  [0.000] 1
Started game 8 of 200 (HeavyOpt vs Main)
Finished game 1 (Main vs HeavyOpt): 0-1 {Black wins by adjudication}
Score of Main vs HeavyOpt: 0 - 2 - 0  [0.000] 2
Started game 9 of 200 (Main vs HeavyOpt)
Finished game 6 (HeavyOpt vs Main): 1-0 {White wins by adjudication}
Score of Main vs HeavyOpt: 0 - 3 - 0  [0.000] 3
Started game 10 of 200 (HeavyOpt vs Main)
Finished game 3 (Main vs HeavyOpt): 0-1 {Black wins by adjudication}
Score of Main vs HeavyOpt: 0 - 4 - 0  [0.000] 4
Started game 11 of 200 (Main vs HeavyOpt)
Finished game 4 (HeavyOpt vs Main): 1-0 {White wins by adjudication}
Score of Main vs HeavyOpt: 0 - 5 - 0  [0.000] 5
Started game 12 of 200 (HeavyOpt vs Main)
Finished game 2 (HeavyOpt vs Main): 1-0 {White wins by adjudication}
Score of Main vs HeavyOpt: 0 - 6 - 0  [0.000] 6
Started game 13 of 200 (Main vs HeavyOpt)
Finished game 8 (HeavyOpt vs Main): 1-0 {White wins by adjudication}
Score of Main vs HeavyOpt: 0 - 7 - 0  [0.000] 7
Started game 14 of 200 (HeavyOpt vs Main)
Finished game 9 (Main vs HeavyOpt): 1/2-1/2 {Draw by 3-fold repetition}
Score of Main vs HeavyOpt: 0 - 7 - 1  [0.063] 8
Started game 15 of 200 (Main vs HeavyOpt)
Finished game 10 (HeavyOpt vs Main): 1-0 {White wins by adjudication}
Score of Main vs HeavyOpt: 0 - 8 - 1  [0.056] 9
Started game 16 of 200 (HeavyOpt vs Main)
Finished game 12 (HeavyOpt vs Main): 1-0 {White wins by adjudication}
Score of Main vs HeavyOpt: 0 - 9 - 1  [0.050] 10
Started game 17 of 200 (Main vs HeavyOpt)
Finished game 11 (Main vs HeavyOpt): 1-0 {White wins by adjudication}
Score of Main vs HeavyOpt: 1 - 9 - 1  [0.136] 11
Started game 18 of 200 (HeavyOpt vs Main)
Finished game 13 (Main vs HeavyOpt): 0-1 {Black wins by adjudication}
Score of Main vs HeavyOpt: 1 - 10 - 1  [0.125] 12
Started game 19 of 200 (Main vs HeavyOpt)
Finished game 7 (Main vs HeavyOpt): 1/2-1/2 {Draw by fifty moves rule}
Score of Main vs HeavyOpt: 1 - 10 - 2  [0.154] 13
Started game 20 of 200 (HeavyOpt vs Main)
Finished game 14 (HeavyOpt vs Main): 1-0 {White wins by adjudication}
Score of Main vs HeavyOpt: 1 - 11 - 2  [0.143] 14
Started game 21 of 200 (Main vs HeavyOpt)
Finished game 15 (Main vs HeavyOpt): 0-1 {Black wins by adjudication}
Score of Main vs HeavyOpt: 1 - 12 - 2  [0.133] 15
Started game 22 of 200 (HeavyOpt vs Main)
Finished game 16 (HeavyOpt vs Main): 1-0 {White wins by adjudication}
Score of Main vs HeavyOpt: 1 - 13 - 2  [0.125] 16
Started game 23 of 200 (Main vs HeavyOpt)
Finished game 19 (Main vs HeavyOpt): 0-1 {Black wins by adjudication}
Score of Main vs HeavyOpt: 1 - 14 - 2  [0.118] 17
Started game 24 of 200 (HeavyOpt vs Main)
Finished game 18 (HeavyOpt vs Main): 1-0 {White wins by adjudication}
Score of Main vs HeavyOpt: 1 - 15 - 2  [0.111] 18
Started game 25 of 200 (Main vs HeavyOpt)
Finished game 17 (Main vs HeavyOpt): 1/2-1/2 {Draw by fifty moves rule}
Score of Main vs HeavyOpt: 1 - 15 - 3  [0.132] 19
Started game 26 of 200 (HeavyOpt vs Main)
Finished game 21 (Main vs HeavyOpt): 0-1 {Black wins by adjudication}
Score of Main vs HeavyOpt: 1 - 16 - 3  [0.125] 20
Started game 27 of 200 (Main vs HeavyOpt)
Finished game 20 (HeavyOpt vs Main): 1/2-1/2 {Draw by fifty moves rule}
Score of Main vs HeavyOpt: 1 - 16 - 4  [0.143] 21
Started game 28 of 200 (HeavyOpt vs Main)
Finished game 25 (Main vs HeavyOpt): 0-1 {Black wins by adjudication}
Score of Main vs HeavyOpt: 1 - 17 - 4  [0.136] 22
Started game 29 of 200 (Main vs HeavyOpt)
Finished game 24 (HeavyOpt vs Main): 1-0 {White wins by adjudication}
Score of Main vs HeavyOpt: 1 - 18 - 4  [0.130] 23
Started game 30 of 200 (HeavyOpt vs Main)
Finished game 23 (Main vs HeavyOpt): 0-1 {Black wins by adjudication}
Score of Main vs HeavyOpt: 1 - 19 - 4  [0.125] 24
Started game 31 of 200 (Main vs HeavyOpt)
Finished game 22 (HeavyOpt vs Main): 1/2-1/2 {Draw by adjudication}
Score of Main vs HeavyOpt: 1 - 19 - 5  [0.140] 25
Started game 32 of 200 (HeavyOpt vs Main)
Finished game 26 (HeavyOpt vs Main): 1-0 {White wins by adjudication}
Score of Main vs HeavyOpt: 1 - 20 - 5  [0.135] 26
Started game 33 of 200 (Main vs HeavyOpt)
Finished game 27 (Main vs HeavyOpt): 0-1 {Black wins by adjudication}
Score of Main vs HeavyOpt: 1 - 21 - 5  [0.130] 27
Started game 34 of 200 (HeavyOpt vs Main)
Finished game 30 (HeavyOpt vs Main): 1-0 {White wins by adjudication}
Score of Main vs HeavyOpt: 1 - 22 - 5  [0.125] 28
Started game 35 of 200 (Main vs HeavyOpt)
Finished game 29 (Main vs HeavyOpt): 1-0 {White wins by adjudication}
Score of Main vs HeavyOpt: 2 - 22 - 5  [0.155] 29
Started game 36 of 200 (HeavyOpt vs Main)
Finished game 28 (HeavyOpt vs Main): 1-0 {White wins by adjudication}
Score of Main vs HeavyOpt: 2 - 23 - 5  [0.150] 30
Started game 37 of 200 (Main vs HeavyOpt)
Finished game 32 (HeavyOpt vs Main): 1-0 {White wins by adjudication}
Score of Main vs HeavyOpt: 2 - 24 - 5  [0.145] 31
Started game 38 of 200 (HeavyOpt vs Main)
Finished game 33 (Main vs HeavyOpt): 0-1 {Black wins by adjudication}
Score of Main vs HeavyOpt: 2 - 25 - 5  [0.141] 32
Started game 39 of 200 (Main vs HeavyOpt)
Finished game 31 (Main vs HeavyOpt): 1/2-1/2 {Draw by insufficient mating material}
Score of Main vs HeavyOpt: 2 - 25 - 6  [0.152] 33
Started game 40 of 200 (HeavyOpt vs Main)
Finished game 34 (HeavyOpt vs Main): 0-1 {Black wins by adjudication}
Score of Main vs HeavyOpt: 3 - 25 - 6  [0.176] 34
Started game 41 of 200 (Main vs HeavyOpt)
Finished game 36 (HeavyOpt vs Main): 0-1 {Black wins by adjudication}
Score of Main vs HeavyOpt: 4 - 25 - 6  [0.200] 35
Started game 42 of 200 (HeavyOpt vs Main)
Finished game 35 (Main vs HeavyOpt): 0-1 {Black wins by adjudication}
Score of Main vs HeavyOpt: 4 - 26 - 6  [0.194] 36
Started game 43 of 200 (Main vs HeavyOpt)
Finished game 37 (Main vs HeavyOpt): 0-1 {Black wins by adjudication}
Score of Main vs HeavyOpt: 4 - 27 - 6  [0.189] 37
Started game 44 of 200 (HeavyOpt vs Main)
Finished game 38 (HeavyOpt vs Main): 1-0 {White wins by adjudication}
Score of Main vs HeavyOpt: 4 - 28 - 6  [0.184] 38
Started game 45 of 200 (Main vs HeavyOpt)
Finished game 40 (HeavyOpt vs Main): 1-0 {White wins by adjudication}
Score of Main vs HeavyOpt: 4 - 29 - 6  [0.179] 39
Started game 46 of 200 (HeavyOpt vs Main)
Finished game 39 (Main vs HeavyOpt): 0-1 {Black wins by adjudication}
Score of Main vs HeavyOpt: 4 - 30 - 6  [0.175] 40
Started game 47 of 200 (Main vs HeavyOpt)
Finished game 42 (HeavyOpt vs Main): 1-0 {White wins by adjudication}
Score of Main vs HeavyOpt: 4 - 31 - 6  [0.171] 41
Started game 48 of 200 (HeavyOpt vs Main)
Finished game 43 (Main vs HeavyOpt): 0-1 {Black wins by adjudication}
Score of Main vs HeavyOpt: 4 - 32 - 6  [0.167] 42
Started game 49 of 200 (Main vs HeavyOpt)
Finished game 44 (HeavyOpt vs Main): 1-0 {White wins by adjudication}
Score of Main vs HeavyOpt: 4 - 33 - 6  [0.163] 43
Started game 50 of 200 (HeavyOpt vs Main)
Finished game 45 (Main vs HeavyOpt): 0-1 {Black wins by adjudication}
Score of Main vs HeavyOpt: 4 - 34 - 6  [0.159] 44
Started game 51 of 200 (Main vs HeavyOpt)
Finished game 41 (Main vs HeavyOpt): 1/2-1/2 {Draw by fifty moves rule}
Score of Main vs HeavyOpt: 4 - 34 - 7  [0.167] 45
Started game 52 of 200 (HeavyOpt vs Main)
Finished game 46 (HeavyOpt vs Main): 1-0 {White wins by adjudication}
Score of Main vs HeavyOpt: 4 - 35 - 7  [0.163] 46
Started game 53 of 200 (Main vs HeavyOpt)
Finished game 47 (Main vs HeavyOpt): 0-1 {Black wins by adjudication}
Score of Main vs HeavyOpt: 4 - 36 - 7  [0.160] 47
Started game 54 of 200 (HeavyOpt vs Main)
Finished game 49 (Main vs HeavyOpt): 0-1 {Black wins by adjudication}
Score of Main vs HeavyOpt: 4 - 37 - 7  [0.156] 48
Started game 55 of 200 (Main vs HeavyOpt)
Finished game 51 (Main vs HeavyOpt): 1-0 {White wins by adjudication}
Score of Main vs HeavyOpt: 5 - 37 - 7  [0.173] 49
Started game 56 of 200 (HeavyOpt vs Main)
Finished game 52 (HeavyOpt vs Main): 1-0 {White wins by adjudication}
Score of Main vs HeavyOpt: 5 - 38 - 7  [0.170] 50
Started game 57 of 200 (Main vs HeavyOpt)
Finished game 48 (HeavyOpt vs Main): 1-0 {White wins by adjudication}
Score of Main vs HeavyOpt: 5 - 39 - 7  [0.167] 51
Started game 58 of 200 (HeavyOpt vs Main)
Finished game 50 (HeavyOpt vs Main): 1/2-1/2 {Draw by 3-fold repetition}
Score of Main vs HeavyOpt: 5 - 39 - 8  [0.173] 52
Started game 59 of 200 (Main vs HeavyOpt)
Finished game 53 (Main vs HeavyOpt): 0-1 {Black wins by adjudication}
Score of Main vs HeavyOpt: 5 - 40 - 8  [0.170] 53
Started game 60 of 200 (HeavyOpt vs Main)
Finished game 54 (HeavyOpt vs Main): 1/2-1/2 {Draw by insufficient mating material}
Score of Main vs HeavyOpt: 5 - 40 - 9  [0.176] 54
Started game 61 of 200 (Main vs HeavyOpt)
Finished game 55 (Main vs HeavyOpt): 0-1 {Black wins by adjudication}
Score of Main vs HeavyOpt: 5 - 41 - 9  [0.173] 55
Started game 62 of 200 (HeavyOpt vs Main)
Finished game 57 (Main vs HeavyOpt): 0-1 {Black wins by adjudication}
Score of Main vs HeavyOpt: 5 - 42 - 9  [0.170] 56
Started game 63 of 200 (Main vs HeavyOpt)
Finished game 58 (HeavyOpt vs Main): 1/2-1/2 {Draw by 3-fold repetition}
Score of Main vs HeavyOpt: 5 - 42 - 10  [0.175] 57
Started game 64 of 200 (HeavyOpt vs Main)
Finished game 59 (Main vs HeavyOpt): 0-1 {Black wins by adjudication}
Score of Main vs HeavyOpt: 5 - 43 - 10  [0.172] 58
Started game 65 of 200 (Main vs HeavyOpt)
Finished game 60 (HeavyOpt vs Main): 1-0 {White wins by adjudication}
Score of Main vs HeavyOpt: 5 - 44 - 10  [0.169] 59
Started game 66 of 200 (HeavyOpt vs Main)
Finished game 56 (HeavyOpt vs Main): 1-0 {White wins by adjudication}
Score of Main vs HeavyOpt: 5 - 45 - 10  [0.167] 60
Started game 67 of 200 (Main vs HeavyOpt)
Finished game 61 (Main vs HeavyOpt): 0-1 {Black wins by adjudication}
Score of Main vs HeavyOpt: 5 - 46 - 10  [0.164] 61
Started game 68 of 200 (HeavyOpt vs Main)
Finished game 65 (Main vs HeavyOpt): 1/2-1/2 {Draw by 3-fold repetition}
Score of Main vs HeavyOpt: 5 - 46 - 11  [0.169] 62
Started game 69 of 200 (Main vs HeavyOpt)
Finished game 64 (HeavyOpt vs Main): 1/2-1/2 {Draw by 3-fold repetition}
Score of Main vs HeavyOpt: 5 - 46 - 12  [0.175] 63
Started game 70 of 200 (HeavyOpt vs Main)
Finished game 62 (HeavyOpt vs Main): 1/2-1/2 {Draw by adjudication}
Score of Main vs HeavyOpt: 5 - 46 - 13  [0.180] 64
Started game 71 of 200 (Main vs HeavyOpt)
Finished game 66 (HeavyOpt vs Main): 1-0 {White wins by adjudication}
Score of Main vs HeavyOpt: 5 - 47 - 13  [0.177] 65
Started game 72 of 200 (HeavyOpt vs Main)
Finished game 63 (Main vs HeavyOpt): 1/2-1/2 {Draw by adjudication}
Score of Main vs HeavyOpt: 5 - 47 - 14  [0.182] 66
Started game 73 of 200 (Main vs HeavyOpt)
Finished game 68 (HeavyOpt vs Main): 1-0 {White wins by adjudication}
Score of Main vs HeavyOpt: 5 - 48 - 14  [0.179] 67
Started game 74 of 200 (HeavyOpt vs Main)
Finished game 69 (Main vs HeavyOpt): 0-1 {Black wins by adjudication}
Score of Main vs HeavyOpt: 5 - 49 - 14  [0.176] 68
Started game 75 of 200 (Main vs HeavyOpt)
Finished game 70 (HeavyOpt vs Main): 1-0 {White wins by adjudication}
Score of Main vs HeavyOpt: 5 - 50 - 14  [0.174] 69
Started game 76 of 200 (HeavyOpt vs Main)
Finished game 67 (Main vs HeavyOpt): 0-1 {Black wins by adjudication}
Score of Main vs HeavyOpt: 5 - 51 - 14  [0.171] 70
Started game 77 of 200 (Main vs HeavyOpt)
Finished game 71 (Main vs HeavyOpt): 0-1 {Black wins by adjudication}
Score of Main vs HeavyOpt: 5 - 52 - 14  [0.169] 71
Started game 78 of 200 (HeavyOpt vs Main)
Finished game 72 (HeavyOpt vs Main): 1-0 {White wins by adjudication}
Score of Main vs HeavyOpt: 5 - 53 - 14  [0.167] 72
Started game 79 of 200 (Main vs HeavyOpt)
Finished game 74 (HeavyOpt vs Main): 1-0 {White wins by adjudication}
Score of Main vs HeavyOpt: 5 - 54 - 14  [0.164] 73
Started game 80 of 200 (HeavyOpt vs Main)
Finished game 73 (Main vs HeavyOpt): 0-1 {Black wins by adjudication}
Score of Main vs HeavyOpt: 5 - 55 - 14  [0.162] 74
Started game 81 of 200 (Main vs HeavyOpt)
Finished game 75 (Main vs HeavyOpt): 0-1 {Black wins by adjudication}
Score of Main vs HeavyOpt: 5 - 56 - 14  [0.160] 75
Started game 82 of 200 (HeavyOpt vs Main)
Finished game 77 (Main vs HeavyOpt): 0-1 {Black wins by adjudication}
Score of Main vs HeavyOpt: 5 - 57 - 14  [0.158] 76
Started game 83 of 200 (Main vs HeavyOpt)
Finished game 76 (HeavyOpt vs Main): 1-0 {White wins by adjudication}
Score of Main vs HeavyOpt: 5 - 58 - 14  [0.156] 77
Started game 84 of 200 (HeavyOpt vs Main)
Finished game 78 (HeavyOpt vs Main): 1/2-1/2 {Draw by adjudication}
Score of Main vs HeavyOpt: 5 - 58 - 15  [0.160] 78
Started game 85 of 200 (Main vs HeavyOpt)
Finished game 79 (Main vs HeavyOpt): 0-1 {Black wins by adjudication}
Score of Main vs HeavyOpt: 5 - 59 - 15  [0.158] 79
Started game 86 of 200 (HeavyOpt vs Main)
Finished game 83 (Main vs HeavyOpt): 0-1 {Black wins by adjudication}
Score of Main vs HeavyOpt: 5 - 60 - 15  [0.156] 80
Started game 87 of 200 (Main vs HeavyOpt)
Finished game 82 (HeavyOpt vs Main): 1-0 {White wins by adjudication}
Score of Main vs HeavyOpt: 5 - 61 - 15  [0.154] 81
Started game 88 of 200 (HeavyOpt vs Main)
Finished game 81 (Main vs HeavyOpt): 1/2-1/2 {Draw by adjudication}
Score of Main vs HeavyOpt: 5 - 61 - 16  [0.159] 82
Started game 89 of 200 (Main vs HeavyOpt)
Finished game 80 (HeavyOpt vs Main): 1-0 {White wins by adjudication}
Score of Main vs HeavyOpt: 5 - 62 - 16  [0.157] 83
Started game 90 of 200 (HeavyOpt vs Main)
Finished game 85 (Main vs HeavyOpt): 1/2-1/2 {Draw by 3-fold repetition}
Score of Main vs HeavyOpt: 5 - 62 - 17  [0.161] 84
Started game 91 of 200 (Main vs HeavyOpt)
Finished game 86 (HeavyOpt vs Main): 1-0 {White wins by adjudication}
Score of Main vs HeavyOpt: 5 - 63 - 17  [0.159] 85
Started game 92 of 200 (HeavyOpt vs Main)
Finished game 87 (Main vs HeavyOpt): 0-1 {Black wins by adjudication}
Score of Main vs HeavyOpt: 5 - 64 - 17  [0.157] 86
Started game 93 of 200 (Main vs HeavyOpt)
Finished game 88 (HeavyOpt vs Main): 1-0 {White wins by adjudication}
Score of Main vs HeavyOpt: 5 - 65 - 17  [0.155] 87
Started game 94 of 200 (HeavyOpt vs Main)
Finished game 89 (Main vs HeavyOpt): 0-1 {Black wins by adjudication}
Score of Main vs HeavyOpt: 5 - 66 - 17  [0.153] 88
Started game 95 of 200 (Main vs HeavyOpt)
Finished game 84 (HeavyOpt vs Main): 1/2-1/2 {Draw by adjudication}
Score of Main vs HeavyOpt: 5 - 66 - 18  [0.157] 89
Started game 96 of 200 (HeavyOpt vs Main)
Finished game 91 (Main vs HeavyOpt): 1-0 {White wins by adjudication}
Score of Main vs HeavyOpt: 6 - 66 - 18  [0.167] 90
Started game 97 of 200 (Main vs HeavyOpt)
Finished game 90 (HeavyOpt vs Main): 0-1 {Black wins by adjudication}
Score of Main vs HeavyOpt: 7 - 66 - 18  [0.176] 91
Started game 98 of 200 (HeavyOpt vs Main)
Finished game 93 (Main vs HeavyOpt): 0-1 {Black wins by adjudication}
Score of Main vs HeavyOpt: 7 - 67 - 18  [0.174] 92
Started game 99 of 200 (Main vs HeavyOpt)
Finished game 94 (HeavyOpt vs Main): 1/2-1/2 {Draw by insufficient mating material}
Score of Main vs HeavyOpt: 7 - 67 - 19  [0.177] 93
Started game 100 of 200 (HeavyOpt vs Main)
Finished game 96 (HeavyOpt vs Main): 1-0 {White wins by adjudication}
Score of Main vs HeavyOpt: 7 - 68 - 19  [0.176] 94
Started game 101 of 200 (Main vs HeavyOpt)
Finished game 95 (Main vs HeavyOpt): 0-1 {Black wins by adjudication}
Score of Main vs HeavyOpt: 7 - 69 - 19  [0.174] 95
Started game 102 of 200 (HeavyOpt vs Main)
Finished game 98 (HeavyOpt vs Main): 1/2-1/2 {Draw by 3-fold repetition}
Score of Main vs HeavyOpt: 7 - 69 - 20  [0.177] 96
Started game 103 of 200 (Main vs HeavyOpt)
Finished game 92 (HeavyOpt vs Main): 1-0 {White wins by adjudication}
Score of Main vs HeavyOpt: 7 - 70 - 20  [0.175] 97
Started game 104 of 200 (HeavyOpt vs Main)
Finished game 97 (Main vs HeavyOpt): 0-1 {Black wins by adjudication}
Score of Main vs HeavyOpt: 7 - 71 - 20  [0.173] 98
Started game 105 of 200 (Main vs HeavyOpt)
Finished game 99 (Main vs HeavyOpt): 0-1 {Black wins by adjudication}
Score of Main vs HeavyOpt: 7 - 72 - 20  [0.172] 99
Started game 106 of 200 (HeavyOpt vs Main)
Finished game 100 (HeavyOpt vs Main): 1-0 {White wins by adjudication}
Score of Main vs HeavyOpt: 7 - 73 - 20  [0.170] 100
Started game 107 of 200 (Main vs HeavyOpt)
Finished game 102 (HeavyOpt vs Main): 1-0 {White wins by adjudication}
Score of Main vs HeavyOpt: 7 - 74 - 20  [0.168] 101
Started game 108 of 200 (HeavyOpt vs Main)
Finished game 104 (HeavyOpt vs Main): 1-0 {White wins by adjudication}
Score of Main vs HeavyOpt: 7 - 75 - 20  [0.167] 102
Started game 109 of 200 (Main vs HeavyOpt)
Finished game 105 (Main vs HeavyOpt): 0-1 {Black wins by adjudication}
Score of Main vs HeavyOpt: 7 - 76 - 20  [0.165] 103
Started game 110 of 200 (HeavyOpt vs Main)
Finished game 103 (Main vs HeavyOpt): 1/2-1/2 {Draw by insufficient mating material}
Score of Main vs HeavyOpt: 7 - 76 - 21  [0.168] 104
Started game 111 of 200 (Main vs HeavyOpt)
Finished game 106 (HeavyOpt vs Main): 1-0 {White wins by adjudication}
Score of Main vs HeavyOpt: 7 - 77 - 21  [0.167] 105
Started game 112 of 200 (HeavyOpt vs Main)
Finished game 101 (Main vs HeavyOpt): 1/2-1/2 {Draw by insufficient mating material}
Score of Main vs HeavyOpt: 7 - 77 - 22  [0.170] 106
Started game 113 of 200 (Main vs HeavyOpt)
Finished game 107 (Main vs HeavyOpt): 0-1 {Black wins by adjudication}
Score of Main vs HeavyOpt: 7 - 78 - 22  [0.168] 107
Started game 114 of 200 (HeavyOpt vs Main)
Finished game 109 (Main vs HeavyOpt): 0-1 {Black wins by adjudication}
Score of Main vs HeavyOpt: 7 - 79 - 22  [0.167] 108
Started game 115 of 200 (Main vs HeavyOpt)
Finished game 108 (HeavyOpt vs Main): 0-1 {Black wins by adjudication}
Score of Main vs HeavyOpt: 8 - 79 - 22  [0.174] 109
Started game 116 of 200 (HeavyOpt vs Main)
Finished game 110 (HeavyOpt vs Main): 1-0 {White wins by adjudication}
Score of Main vs HeavyOpt: 8 - 80 - 22  [0.173] 110
Started game 117 of 200 (Main vs HeavyOpt)
Finished game 112 (HeavyOpt vs Main): 1-0 {White wins by adjudication}
Score of Main vs HeavyOpt: 8 - 81 - 22  [0.171] 111
Started game 118 of 200 (HeavyOpt vs Main)
Finished game 111 (Main vs HeavyOpt): 0-1 {Black wins by adjudication}
Score of Main vs HeavyOpt: 8 - 82 - 22  [0.170] 112
Started game 119 of 200 (Main vs HeavyOpt)
Finished game 114 (HeavyOpt vs Main): 1-0 {White wins by adjudication}
Score of Main vs HeavyOpt: 8 - 83 - 22  [0.168] 113
Started game 120 of 200 (HeavyOpt vs Main)
Finished game 113 (Main vs HeavyOpt): 0-1 {Black wins by adjudication}
Score of Main vs HeavyOpt: 8 - 84 - 22  [0.167] 114
Started game 121 of 200 (Main vs HeavyOpt)
Finished game 115 (Main vs HeavyOpt): 0-1 {Black wins by adjudication}
Score of Main vs HeavyOpt: 8 - 85 - 22  [0.165] 115
Started game 122 of 200 (HeavyOpt vs Main)
Finished game 117 (Main vs HeavyOpt): 0-1 {Black wins by adjudication}
Score of Main vs HeavyOpt: 8 - 86 - 22  [0.164] 116
Started game 123 of 200 (Main vs HeavyOpt)
Finished game 116 (HeavyOpt vs Main): 1/2-1/2 {Draw by insufficient mating material}
Score of Main vs HeavyOpt: 8 - 86 - 23  [0.167] 117
Started game 124 of 200 (HeavyOpt vs Main)
Finished game 118 (HeavyOpt vs Main): 1/2-1/2 {Draw by 3-fold repetition}
Score of Main vs HeavyOpt: 8 - 86 - 24  [0.169] 118
Started game 125 of 200 (Main vs HeavyOpt)
Finished game 122 (HeavyOpt vs Main): 1-0 {White wins by adjudication}
Score of Main vs HeavyOpt: 8 - 87 - 24  [0.168] 119
Started game 126 of 200 (HeavyOpt vs Main)
Finished game 121 (Main vs HeavyOpt): 0-1 {Black wins by adjudication}
Score of Main vs HeavyOpt: 8 - 88 - 24  [0.167] 120
Started game 127 of 200 (Main vs HeavyOpt)
Finished game 120 (HeavyOpt vs Main): 1-0 {White wins by adjudication}
Score of Main vs HeavyOpt: 8 - 89 - 24  [0.165] 121
Started game 128 of 200 (HeavyOpt vs Main)
Finished game 119 (Main vs HeavyOpt): 1/2-1/2 {Draw by fifty moves rule}
Score of Main vs HeavyOpt: 8 - 89 - 25  [0.168] 122
Started game 129 of 200 (Main vs HeavyOpt)
Finished game 123 (Main vs HeavyOpt): 0-1 {Black wins by adjudication}
Score of Main vs HeavyOpt: 8 - 90 - 25  [0.167] 123
Started game 130 of 200 (HeavyOpt vs Main)
Finished game 125 (Main vs HeavyOpt): 0-1 {Black wins by adjudication}
Score of Main vs HeavyOpt: 8 - 91 - 25  [0.165] 124
Started game 131 of 200 (Main vs HeavyOpt)
Finished game 127 (Main vs HeavyOpt): 0-1 {Black wins by adjudication}
Score of Main vs HeavyOpt: 8 - 92 - 25  [0.164] 125
Started game 132 of 200 (HeavyOpt vs Main)
Finished game 124 (HeavyOpt vs Main): 1/2-1/2 {Draw by fifty moves rule}
Score of Main vs HeavyOpt: 8 - 92 - 26  [0.167] 126
Started game 133 of 200 (Main vs HeavyOpt)
Finished game 126 (HeavyOpt vs Main): 1-0 {White wins by adjudication}
Score of Main vs HeavyOpt: 8 - 93 - 26  [0.165] 127
Started game 134 of 200 (HeavyOpt vs Main)
Finished game 130 (HeavyOpt vs Main): 1-0 {White wins by adjudication}
Score of Main vs HeavyOpt: 8 - 94 - 26  [0.164] 128
Started game 135 of 200 (Main vs HeavyOpt)
Finished game 131 (Main vs HeavyOpt): 0-1 {Black wins by adjudication}
Score of Main vs HeavyOpt: 8 - 95 - 26  [0.163] 129
Started game 136 of 200 (HeavyOpt vs Main)
Finished game 129 (Main vs HeavyOpt): 1/2-1/2 {Draw by adjudication}
Score of Main vs HeavyOpt: 8 - 95 - 27  [0.165] 130
Started game 137 of 200 (Main vs HeavyOpt)
Finished game 128 (HeavyOpt vs Main): 1/2-1/2 {Draw by fifty moves rule}
Score of Main vs HeavyOpt: 8 - 95 - 28  [0.168] 131
Started game 138 of 200 (HeavyOpt vs Main)
Finished game 132 (HeavyOpt vs Main): 0-1 {Black wins by adjudication}
Score of Main vs HeavyOpt: 9 - 95 - 28  [0.174] 132
Started game 139 of 200 (Main vs HeavyOpt)
Finished game 134 (HeavyOpt vs Main): 1-0 {White wins by adjudication}
Score of Main vs HeavyOpt: 9 - 96 - 28  [0.173] 133
Started game 140 of 200 (HeavyOpt vs Main)
Finished game 133 (Main vs HeavyOpt): 0-1 {Black wins by adjudication}
Score of Main vs HeavyOpt: 9 - 97 - 28  [0.172] 134
Started game 141 of 200 (Main vs HeavyOpt)
Finished game 136 (HeavyOpt vs Main): 1-0 {White wins by adjudication}
Score of Main vs HeavyOpt: 9 - 98 - 28  [0.170] 135
Started game 142 of 200 (HeavyOpt vs Main)
Finished game 135 (Main vs HeavyOpt): 1-0 {White wins by adjudication}
Score of Main vs HeavyOpt: 10 - 98 - 28  [0.176] 136
Started game 143 of 200 (Main vs HeavyOpt)
Finished game 137 (Main vs HeavyOpt): 0-1 {Black wins by adjudication}
Score of Main vs HeavyOpt: 10 - 99 - 28  [0.175] 137
Started game 144 of 200 (HeavyOpt vs Main)
Finished game 138 (HeavyOpt vs Main): 1-0 {White wins by adjudication}
Score of Main vs HeavyOpt: 10 - 100 - 28  [0.174] 138
Started game 145 of 200 (Main vs HeavyOpt)
Finished game 140 (HeavyOpt vs Main): 1-0 {White wins by adjudication}
Score of Main vs HeavyOpt: 10 - 101 - 28  [0.173] 139
Started game 146 of 200 (HeavyOpt vs Main)
Finished game 141 (Main vs HeavyOpt): 1-0 {White wins by adjudication}
Score of Main vs HeavyOpt: 11 - 101 - 28  [0.179] 140
Started game 147 of 200 (Main vs HeavyOpt)
Finished game 139 (Main vs HeavyOpt): 1/2-1/2 {Draw by adjudication}
Score of Main vs HeavyOpt: 11 - 101 - 29  [0.181] 141
Started game 148 of 200 (HeavyOpt vs Main)
Finished game 142 (HeavyOpt vs Main): 0-1 {Black wins by adjudication}
Score of Main vs HeavyOpt: 12 - 101 - 29  [0.187] 142
Started game 149 of 200 (Main vs HeavyOpt)
Finished game 144 (HeavyOpt vs Main): 1-0 {White wins by adjudication}
Score of Main vs HeavyOpt: 12 - 102 - 29  [0.185] 143
Started game 150 of 200 (HeavyOpt vs Main)
Finished game 143 (Main vs HeavyOpt): 1-0 {White wins by adjudication}
Score of Main vs HeavyOpt: 13 - 102 - 29  [0.191] 144
Started game 151 of 200 (Main vs HeavyOpt)
Finished game 145 (Main vs HeavyOpt): 0-1 {Black mates}
Score of Main vs HeavyOpt: 13 - 103 - 29  [0.190] 145
Started game 152 of 200 (HeavyOpt vs Main)
Finished game 146 (HeavyOpt vs Main): 0-1 {Black wins by adjudication}
Score of Main vs HeavyOpt: 14 - 103 - 29  [0.195] 146
Started game 153 of 200 (Main vs HeavyOpt)
Finished game 148 (HeavyOpt vs Main): 1-0 {White wins by adjudication}
Score of Main vs HeavyOpt: 14 - 104 - 29  [0.194] 147
Started game 154 of 200 (HeavyOpt vs Main)
Finished game 147 (Main vs HeavyOpt): 0-1 {Black wins by adjudication}
Score of Main vs HeavyOpt: 14 - 105 - 29  [0.193] 148
Started game 155 of 200 (Main vs HeavyOpt)
Finished game 149 (Main vs HeavyOpt): 0-1 {Black wins by adjudication}
Score of Main vs HeavyOpt: 14 - 106 - 29  [0.191] 149
Started game 156 of 200 (HeavyOpt vs Main)
Finished game 150 (HeavyOpt vs Main): 1-0 {White wins by adjudication}
Score of Main vs HeavyOpt: 14 - 107 - 29  [0.190] 150
Started game 157 of 200 (Main vs HeavyOpt)
Finished game 151 (Main vs HeavyOpt): 0-1 {Black wins by adjudication}
Score of Main vs HeavyOpt: 14 - 108 - 29  [0.189] 151
Started game 158 of 200 (HeavyOpt vs Main)
Finished game 153 (Main vs HeavyOpt): 0-1 {Black wins by adjudication}
Score of Main vs HeavyOpt: 14 - 109 - 29  [0.188] 152
Started game 159 of 200 (Main vs HeavyOpt)
Finished game 152 (HeavyOpt vs Main): 1-0 {White wins by adjudication}
Score of Main vs HeavyOpt: 14 - 110 - 29  [0.186] 153
Started game 160 of 200 (HeavyOpt vs Main)
Finished game 157 (Main vs HeavyOpt): 0-1 {Black wins by adjudication}
Score of Main vs HeavyOpt: 14 - 111 - 29  [0.185] 154
Started game 161 of 200 (Main vs HeavyOpt)
Finished game 155 (Main vs HeavyOpt): 0-1 {Black wins by adjudication}
Score of Main vs HeavyOpt: 14 - 112 - 29  [0.184] 155
Started game 162 of 200 (HeavyOpt vs Main)
Finished game 158 (HeavyOpt vs Main): 1/2-1/2 {Draw by 3-fold repetition}
Score of Main vs HeavyOpt: 14 - 112 - 30  [0.186] 156
Started game 163 of 200 (Main vs HeavyOpt)
Finished game 154 (HeavyOpt vs Main): 1/2-1/2 {Draw by 3-fold repetition}
Score of Main vs HeavyOpt: 14 - 112 - 31  [0.188] 157
Started game 164 of 200 (HeavyOpt vs Main)
Finished game 156 (HeavyOpt vs Main): 1/2-1/2 {Draw by stalemate}
Score of Main vs HeavyOpt: 14 - 112 - 32  [0.190] 158
Started game 165 of 200 (Main vs HeavyOpt)
Finished game 160 (HeavyOpt vs Main): 0-1 {Black wins by adjudication}
Score of Main vs HeavyOpt: 15 - 112 - 32  [0.195] 159
Started game 166 of 200 (HeavyOpt vs Main)
Finished game 161 (Main vs HeavyOpt): 1/2-1/2 {Draw by adjudication}
Score of Main vs HeavyOpt: 15 - 112 - 33  [0.197] 160
Started game 167 of 200 (Main vs HeavyOpt)
Finished game 163 (Main vs HeavyOpt): 0-1 {Black wins by adjudication}
Score of Main vs HeavyOpt: 15 - 113 - 33  [0.196] 161
Started game 168 of 200 (HeavyOpt vs Main)
Finished game 162 (HeavyOpt vs Main): 1-0 {White wins by adjudication}
Score of Main vs HeavyOpt: 15 - 114 - 33  [0.194] 162
Started game 169 of 200 (Main vs HeavyOpt)
Finished game 165 (Main vs HeavyOpt): 1-0 {White wins by adjudication}
Score of Main vs HeavyOpt: 16 - 114 - 33  [0.199] 163
Started game 170 of 200 (HeavyOpt vs Main)
Finished game 159 (Main vs HeavyOpt): 0-1 {Black wins by adjudication}
Score of Main vs HeavyOpt: 16 - 115 - 33  [0.198] 164
Started game 171 of 200 (Main vs HeavyOpt)
Finished game 164 (HeavyOpt vs Main): 0-1 {Black wins by adjudication}
Score of Main vs HeavyOpt: 17 - 115 - 33  [0.203] 165
Started game 172 of 200 (HeavyOpt vs Main)
Finished game 166 (HeavyOpt vs Main): 1/2-1/2 {Draw by insufficient mating material}
Score of Main vs HeavyOpt: 17 - 115 - 34  [0.205] 166
Started game 173 of 200 (Main vs HeavyOpt)
Finished game 171 (Main vs HeavyOpt): 1/2-1/2 {Draw by insufficient mating material}
Score of Main vs HeavyOpt: 17 - 115 - 35  [0.207] 167
Started game 174 of 200 (HeavyOpt vs Main)
Finished game 169 (Main vs HeavyOpt): 0-1 {Black wins by adjudication}
Score of Main vs HeavyOpt: 17 - 116 - 35  [0.205] 168
Started game 175 of 200 (Main vs HeavyOpt)
Finished game 167 (Main vs HeavyOpt): 0-1 {Black wins by adjudication}
Score of Main vs HeavyOpt: 17 - 117 - 35  [0.204] 169
Started game 176 of 200 (HeavyOpt vs Main)
Finished game 168 (HeavyOpt vs Main): 0-1 {Black wins by adjudication}
Score of Main vs HeavyOpt: 18 - 117 - 35  [0.209] 170
Started game 177 of 200 (Main vs HeavyOpt)
Finished game 170 (HeavyOpt vs Main): 0-1 {Black wins by adjudication}
Score of Main vs HeavyOpt: 19 - 117 - 35  [0.213] 171
Started game 178 of 200 (HeavyOpt vs Main)
Finished game 172 (HeavyOpt vs Main): 1/2-1/2 {Draw by adjudication}
Score of Main vs HeavyOpt: 19 - 117 - 36  [0.215] 172
Started game 179 of 200 (Main vs HeavyOpt)
Finished game 173 (Main vs HeavyOpt): 0-1 {Black wins by adjudication}
Score of Main vs HeavyOpt: 19 - 118 - 36  [0.214] 173
Started game 180 of 200 (HeavyOpt vs Main)
Finished game 178 (HeavyOpt vs Main): 0-1 {Black wins by adjudication}
Score of Main vs HeavyOpt: 20 - 118 - 36  [0.218] 174
Started game 181 of 200 (Main vs HeavyOpt)
Finished game 175 (Main vs HeavyOpt): 0-1 {Black wins by adjudication}
Score of Main vs HeavyOpt: 20 - 119 - 36  [0.217] 175
Started game 182 of 200 (HeavyOpt vs Main)
Finished game 177 (Main vs HeavyOpt): 0-1 {Black wins by adjudication}
Score of Main vs HeavyOpt: 20 - 120 - 36  [0.216] 176
Started game 183 of 200 (Main vs HeavyOpt)
Finished game 176 (HeavyOpt vs Main): 1-0 {White wins by adjudication}
Score of Main vs HeavyOpt: 20 - 121 - 36  [0.215] 177
Started game 184 of 200 (HeavyOpt vs Main)
Finished game 174 (HeavyOpt vs Main): 1-0 {White wins by adjudication}
Score of Main vs HeavyOpt: 20 - 122 - 36  [0.213] 178
Started game 185 of 200 (Main vs HeavyOpt)
Finished game 179 (Main vs HeavyOpt): 0-1 {Black wins by adjudication}
Score of Main vs HeavyOpt: 20 - 123 - 36  [0.212] 179
Started game 186 of 200 (HeavyOpt vs Main)
Finished game 180 (HeavyOpt vs Main): 1-0 {White wins by adjudication}
Score of Main vs HeavyOpt: 20 - 124 - 36  [0.211] 180
Started game 187 of 200 (Main vs HeavyOpt)
Finished game 182 (HeavyOpt vs Main): 1-0 {White wins by adjudication}
Score of Main vs HeavyOpt: 20 - 125 - 36  [0.210] 181
Started game 188 of 200 (HeavyOpt vs Main)
Finished game 181 (Main vs HeavyOpt): 1-0 {White wins by adjudication}
Score of Main vs HeavyOpt: 21 - 125 - 36  [0.214] 182
Started game 189 of 200 (Main vs HeavyOpt)
Finished game 185 (Main vs HeavyOpt): 0-1 {Black wins by adjudication}
Score of Main vs HeavyOpt: 21 - 126 - 36  [0.213] 183
Started game 190 of 200 (HeavyOpt vs Main)
Finished game 184 (HeavyOpt vs Main): 1-0 {White wins by adjudication}
Score of Main vs HeavyOpt: 21 - 127 - 36  [0.212] 184
Started game 191 of 200 (Main vs HeavyOpt)
Finished game 186 (HeavyOpt vs Main): 1-0 {White wins by adjudication}
Score of Main vs HeavyOpt: 21 - 128 - 36  [0.211] 185
Started game 192 of 200 (HeavyOpt vs Main)
Finished game 183 (Main vs HeavyOpt): 1/2-1/2 {Draw by insufficient mating material}
Score of Main vs HeavyOpt: 21 - 128 - 37  [0.212] 186
Started game 193 of 200 (Main vs HeavyOpt)
Finished game 189 (Main vs HeavyOpt): 0-1 {Black wins by adjudication}
Score of Main vs HeavyOpt: 21 - 129 - 37  [0.211] 187
Started game 194 of 200 (HeavyOpt vs Main)
Finished game 187 (Main vs HeavyOpt): 0-1 {Black wins by adjudication}
Score of Main vs HeavyOpt: 21 - 130 - 37  [0.210] 188
Started game 195 of 200 (Main vs HeavyOpt)
Finished game 191 (Main vs HeavyOpt): 0-1 {Black wins by adjudication}
Score of Main vs HeavyOpt: 21 - 131 - 37  [0.209] 189
Started game 196 of 200 (HeavyOpt vs Main)
Finished game 190 (HeavyOpt vs Main): 1-0 {White wins by adjudication}
Score of Main vs HeavyOpt: 21 - 132 - 37  [0.208] 190
Started game 197 of 200 (Main vs HeavyOpt)
Finished game 192 (HeavyOpt vs Main): 1-0 {White wins by adjudication}
Score of Main vs HeavyOpt: 21 - 133 - 37  [0.207] 191
Started game 198 of 200 (HeavyOpt vs Main)
Finished game 193 (Main vs HeavyOpt): 0-1 {Black wins by adjudication}
Score of Main vs HeavyOpt: 21 - 134 - 37  [0.206] 192
Started game 199 of 200 (Main vs HeavyOpt)
Finished game 188 (HeavyOpt vs Main): 1/2-1/2 {Draw by fifty moves rule}
Score of Main vs HeavyOpt: 21 - 134 - 38  [0.207] 193
Started game 200 of 200 (HeavyOpt vs Main)
Finished game 194 (HeavyOpt vs Main): 1-0 {White wins by adjudication}
Score of Main vs HeavyOpt: 21 - 135 - 38  [0.206] 194
Finished game 196 (HeavyOpt vs Main): 1-0 {White wins by adjudication}
Score of Main vs HeavyOpt: 21 - 136 - 38  [0.205] 195
Finished game 198 (HeavyOpt vs Main): 1-0 {White wins by adjudication}
Score of Main vs HeavyOpt: 21 - 137 - 38  [0.204] 196
Finished game 195 (Main vs HeavyOpt): 0-1 {Black wins by adjudication}
Score of Main vs HeavyOpt: 21 - 138 - 38  [0.203] 197
Finished game 197 (Main vs HeavyOpt): 0-1 {Black wins by adjudication}
Score of Main vs HeavyOpt: 21 - 139 - 38  [0.202] 198
Finished game 199 (Main vs HeavyOpt): 1/2-1/2 {Draw by insufficient mating material}
Score of Main vs HeavyOpt: 21 - 139 - 39  [0.204] 199
Finished game 200 (HeavyOpt vs Main): 1-0 {White wins by adjudication}
Score of Main vs HeavyOpt: 21 - 140 - 39  [0.203] 200
...      Main playing White: 9 - 73 - 18  [0.180] 100
...      Main playing Black: 12 - 67 - 21  [0.225] 100
...      White vs Black: 76 - 85 - 39  [0.477] 200
Elo difference: -238.1 +/- 50.7, LOS: 0.0 %, DrawRatio: 19.5 %
SPRT: llr 0 (0.0%), lbound -inf, ubound inf

Player: Main
   "Draw by 3-fold repetition": 10
   "Draw by adjudication": 10
   "Draw by fifty moves rule": 8
   "Draw by insufficient mating material": 10
   "Draw by stalemate": 1
   "Loss: Black mates": 1
   "Loss: Black wins by adjudication": 72
   "Loss: White wins by adjudication": 67
   "Win: Black wins by adjudication": 12
   "Win: White wins by adjudication": 9
Player: HeavyOpt
   "Draw by 3-fold repetition": 10
   "Draw by adjudication": 10
   "Draw by fifty moves rule": 8
   "Draw by insufficient mating material": 10
   "Draw by stalemate": 1
   "Loss: Black wins by adjudication": 12
   "Loss: White wins by adjudication": 9
   "Win: Black mates": 1
   "Win: Black wins by adjudication": 72
   "Win: White wins by adjudication": 67
Finished match
