Indexing opening suite...
Started game 2 of 1000 (KnownFullOnly vs Main)
Started game 5 of 1000 (Main vs KnownFullOnly)
Started game 4 of 1000 (KnownFullOnly vs Main)
Started game 1 of 1000 (Main vs KnownFullOnly)
Started game 7 of 1000 (Main vs KnownFullOnly)
Started game 3 of 1000 (Main vs KnownFullOnly)
Started game 6 of 1000 (KnownFullOnly vs Main)
Finished game 4 (KnownFullOnly vs Main): 1-0 {White wins by adjudication}
Score of Main vs KnownFullOnly: 0 - 1 - 0  [0.000] 1
Started game 8 of 1000 (KnownFullOnly vs Main)
Finished game 6 (KnownFullOnly vs Main): 1-0 {White wins by adjudication}
Score of Main vs KnownFullOnly: 0 - 2 - 0  [0.000] 2
Started game 9 of 1000 (Main vs KnownFullOnly)
Finished game 2 (KnownFullOnly vs Main): 1-0 {White wins by adjudication}
Score of Main vs KnownFullOnly: 0 - 3 - 0  [0.000] 3
Started game 10 of 1000 (KnownFullOnly vs Main)
Finished game 3 (Main vs KnownFullOnly): 0-1 {Black wins by adjudication}
Score of Main vs KnownFullOnly: 0 - 4 - 0  [0.000] 4
Started game 11 of 1000 (Main vs KnownFullOnly)
Finished game 1 (Main vs KnownFullOnly): 0-1 {Black wins by adjudication}
Score of Main vs KnownFullOnly: 0 - 5 - 0  [0.000] 5
Started game 12 of 1000 (KnownFullOnly vs Main)
Finished game 7 (Main vs KnownFullOnly): 1-0 {White wins by adjudication}
Score of Main vs KnownFullOnly: 1 - 5 - 0  [0.167] 6
Started game 13 of 1000 (Main vs KnownFullOnly)
Finished game 5 (Main vs KnownFullOnly): 0-1 {Black wins by adjudication}
Score of Main vs KnownFullOnly: 1 - 6 - 0  [0.143] 7
Started game 14 of 1000 (KnownFullOnly vs Main)
Finished game 8 (KnownFullOnly vs Main): 1/2-1/2 {Draw by 3-fold repetition}
Score of Main vs KnownFullOnly: 1 - 6 - 1  [0.188] 8
Started game 15 of 1000 (Main vs KnownFullOnly)
Finished game 11 (Main vs KnownFullOnly): 0-1 {Black wins by adjudication}
Score of Main vs KnownFullOnly: 1 - 7 - 1  [0.167] 9
Started game 16 of 1000 (KnownFullOnly vs Main)
Finished game 12 (KnownFullOnly vs Main): 1/2-1/2 {Draw by 3-fold repetition}
Score of Main vs KnownFullOnly: 1 - 7 - 2  [0.200] 10
Started game 17 of 1000 (Main vs KnownFullOnly)
Finished game 14 (KnownFullOnly vs Main): 0-1 {Black wins by adjudication}
Score of Main vs KnownFullOnly: 2 - 7 - 2  [0.273] 11
Started game 18 of 1000 (KnownFullOnly vs Main)
Finished game 9 (Main vs KnownFullOnly): 0-1 {Black wins by adjudication}
Score of Main vs KnownFullOnly: 2 - 8 - 2  [0.250] 12
Started game 19 of 1000 (Main vs KnownFullOnly)
Finished game 10 (KnownFullOnly vs Main): 0-1 {Black wins by adjudication}
Score of Main vs KnownFullOnly: 3 - 8 - 2  [0.308] 13
Started game 20 of 1000 (KnownFullOnly vs Main)
Finished game 15 (Main vs KnownFullOnly): 0-1 {Black wins by adjudication}
Score of Main vs KnownFullOnly: 3 - 9 - 2  [0.286] 14
Started game 21 of 1000 (Main vs KnownFullOnly)
Finished game 16 (KnownFullOnly vs Main): 1-0 {White wins by adjudication}
Score of Main vs KnownFullOnly: 3 - 10 - 2  [0.267] 15
Started game 22 of 1000 (KnownFullOnly vs Main)
Finished game 13 (Main vs KnownFullOnly): 1/2-1/2 {Draw by fifty moves rule}
Score of Main vs KnownFullOnly: 3 - 10 - 3  [0.281] 16
Started game 23 of 1000 (Main vs KnownFullOnly)
Finished game 17 (Main vs KnownFullOnly): 0-1 {Black wins by adjudication}
Score of Main vs KnownFullOnly: 3 - 11 - 3  [0.265] 17
Started game 24 of 1000 (KnownFullOnly vs Main)
Finished game 20 (KnownFullOnly vs Main): 1/2-1/2 {Draw by insufficient mating material}
Score of Main vs KnownFullOnly: 3 - 11 - 4  [0.278] 18
Started game 25 of 1000 (Main vs KnownFullOnly)
Finished game 18 (KnownFullOnly vs Main): 1/2-1/2 {Draw by adjudication}
Score of Main vs KnownFullOnly: 3 - 11 - 5  [0.289] 19
Started game 26 of 1000 (KnownFullOnly vs Main)
Finished game 22 (KnownFullOnly vs Main): 1-0 {White wins by adjudication}
Score of Main vs KnownFullOnly: 3 - 12 - 5  [0.275] 20
Started game 27 of 1000 (Main vs KnownFullOnly)
Finished game 19 (Main vs KnownFullOnly): 1/2-1/2 {Draw by adjudication}
Score of Main vs KnownFullOnly: 3 - 12 - 6  [0.286] 21
Started game 28 of 1000 (KnownFullOnly vs Main)
Finished game 23 (Main vs KnownFullOnly): 0-1 {Black wins by adjudication}
Score of Main vs KnownFullOnly: 3 - 13 - 6  [0.273] 22
Started game 29 of 1000 (Main vs KnownFullOnly)
Finished game 21 (Main vs KnownFullOnly): 1-0 {White wins by adjudication}
Score of Main vs KnownFullOnly: 4 - 13 - 6  [0.304] 23
Started game 30 of 1000 (KnownFullOnly vs Main)
Finished game 24 (KnownFullOnly vs Main): 1-0 {White wins by adjudication}
Score of Main vs KnownFullOnly: 4 - 14 - 6  [0.292] 24
Started game 31 of 1000 (Main vs KnownFullOnly)
Finished game 25 (Main vs KnownFullOnly): 1/2-1/2 {Draw by 3-fold repetition}
Score of Main vs KnownFullOnly: 4 - 14 - 7  [0.300] 25
Started game 32 of 1000 (KnownFullOnly vs Main)
Finished game 26 (KnownFullOnly vs Main): 1-0 {White wins by adjudication}
Score of Main vs KnownFullOnly: 4 - 15 - 7  [0.288] 26
Started game 33 of 1000 (Main vs KnownFullOnly)
Finished game 30 (KnownFullOnly vs Main): 1-0 {White wins by adjudication}
Score of Main vs KnownFullOnly: 4 - 16 - 7  [0.278] 27
Started game 34 of 1000 (KnownFullOnly vs Main)
Finished game 27 (Main vs KnownFullOnly): 0-1 {Black wins by adjudication}
Score of Main vs KnownFullOnly: 4 - 17 - 7  [0.268] 28
Started game 35 of 1000 (Main vs KnownFullOnly)
Finished game 28 (KnownFullOnly vs Main): 1-0 {White wins by adjudication}
Score of Main vs KnownFullOnly: 4 - 18 - 7  [0.259] 29
Started game 36 of 1000 (KnownFullOnly vs Main)
Finished game 29 (Main vs KnownFullOnly): 1/2-1/2 {Draw by adjudication}
Score of Main vs KnownFullOnly: 4 - 18 - 8  [0.267] 30
Started game 37 of 1000 (Main vs KnownFullOnly)
Finished game 31 (Main vs KnownFullOnly): 1/2-1/2 {Draw by adjudication}
Score of Main vs KnownFullOnly: 4 - 18 - 9  [0.274] 31
Started game 38 of 1000 (KnownFullOnly vs Main)
Finished game 33 (Main vs KnownFullOnly): 1-0 {White wins by adjudication}
Score of Main vs KnownFullOnly: 5 - 18 - 9  [0.297] 32
Started game 39 of 1000 (Main vs KnownFullOnly)
Finished game 32 (KnownFullOnly vs Main): 1-0 {White wins by adjudication}
Score of Main vs KnownFullOnly: 5 - 19 - 9  [0.288] 33
Started game 40 of 1000 (KnownFullOnly vs Main)
Finished game 34 (KnownFullOnly vs Main): 1-0 {White wins by adjudication}
Score of Main vs KnownFullOnly: 5 - 20 - 9  [0.279] 34
Started game 41 of 1000 (Main vs KnownFullOnly)
Finished game 36 (KnownFullOnly vs Main): 1-0 {White wins by adjudication}
Score of Main vs KnownFullOnly: 5 - 21 - 9  [0.271] 35
Started game 42 of 1000 (KnownFullOnly vs Main)
Finished game 37 (Main vs KnownFullOnly): 0-1 {Black mates}
Score of Main vs KnownFullOnly: 5 - 22 - 9  [0.264] 36
Started game 43 of 1000 (Main vs KnownFullOnly)
Finished game 38 (KnownFullOnly vs Main): 1-0 {White mates}
Score of Main vs KnownFullOnly: 5 - 23 - 9  [0.257] 37
Started game 44 of 1000 (KnownFullOnly vs Main)
Finished game 35 (Main vs KnownFullOnly): 1/2-1/2 {Draw by insufficient mating material}
Score of Main vs KnownFullOnly: 5 - 23 - 10  [0.263] 38
Started game 45 of 1000 (Main vs KnownFullOnly)
Finished game 40 (KnownFullOnly vs Main): 1-0 {White wins by adjudication}
Score of Main vs KnownFullOnly: 5 - 24 - 10  [0.256] 39
Started game 46 of 1000 (KnownFullOnly vs Main)
Finished game 41 (Main vs KnownFullOnly): 0-1 {Black wins by adjudication}
Score of Main vs KnownFullOnly: 5 - 25 - 10  [0.250] 40
Started game 47 of 1000 (Main vs KnownFullOnly)
Finished game 39 (Main vs KnownFullOnly): 0-1 {Black wins by adjudication}
Score of Main vs KnownFullOnly: 5 - 26 - 10  [0.244] 41
Started game 48 of 1000 (KnownFullOnly vs Main)
Finished game 42 (KnownFullOnly vs Main): 1-0 {White wins by adjudication}
Score of Main vs KnownFullOnly: 5 - 27 - 10  [0.238] 42
Started game 49 of 1000 (Main vs KnownFullOnly)
Finished game 43 (Main vs KnownFullOnly): 0-1 {Black wins by adjudication}
Score of Main vs KnownFullOnly: 5 - 28 - 10  [0.233] 43
Started game 50 of 1000 (KnownFullOnly vs Main)
Finished game 45 (Main vs KnownFullOnly): 0-1 {Black wins by adjudication}
Score of Main vs KnownFullOnly: 5 - 29 - 10  [0.227] 44
Started game 51 of 1000 (Main vs KnownFullOnly)
Finished game 44 (KnownFullOnly vs Main): 1-0 {White wins by adjudication}
Score of Main vs KnownFullOnly: 5 - 30 - 10  [0.222] 45
Started game 52 of 1000 (KnownFullOnly vs Main)
Finished game 50 (KnownFullOnly vs Main): 1/2-1/2 {Draw by 3-fold repetition}
Score of Main vs KnownFullOnly: 5 - 30 - 11  [0.228] 46
Started game 53 of 1000 (Main vs KnownFullOnly)
Finished game 46 (KnownFullOnly vs Main): 1-0 {White wins by adjudication}
Score of Main vs KnownFullOnly: 5 - 31 - 11  [0.223] 47
Started game 54 of 1000 (KnownFullOnly vs Main)
Finished game 47 (Main vs KnownFullOnly): 1-0 {White wins by adjudication}
Score of Main vs KnownFullOnly: 6 - 31 - 11  [0.240] 48
Started game 55 of 1000 (Main vs KnownFullOnly)
Finished game 49 (Main vs KnownFullOnly): 0-1 {Black wins by adjudication}
Score of Main vs KnownFullOnly: 6 - 32 - 11  [0.235] 49
Started game 56 of 1000 (KnownFullOnly vs Main)
Finished game 48 (KnownFullOnly vs Main): 1/2-1/2 {Draw by adjudication}
Score of Main vs KnownFullOnly: 6 - 32 - 12  [0.240] 50
Started game 57 of 1000 (Main vs KnownFullOnly)
Finished game 52 (KnownFullOnly vs Main): 0-1 {Black wins by adjudication}
Score of Main vs KnownFullOnly: 7 - 32 - 12  [0.255] 51
Started game 58 of 1000 (KnownFullOnly vs Main)
Finished game 53 (Main vs KnownFullOnly): 0-1 {Black wins by adjudication}
Score of Main vs KnownFullOnly: 7 - 33 - 12  [0.250] 52
Started game 59 of 1000 (Main vs KnownFullOnly)
Finished game 51 (Main vs KnownFullOnly): 0-1 {Black wins by adjudication}
Score of Main vs KnownFullOnly: 7 - 34 - 12  [0.245] 53
Started game 60 of 1000 (KnownFullOnly vs Main)
Finished game 56 (KnownFullOnly vs Main): 0-1 {Black wins by adjudication}
Score of Main vs KnownFullOnly: 8 - 34 - 12  [0.259] 54
Started game 61 of 1000 (Main vs KnownFullOnly)
Finished game 54 (KnownFullOnly vs Main): 1/2-1/2 {Draw by adjudication}
Score of Main vs KnownFullOnly: 8 - 34 - 13  [0.264] 55
Started game 62 of 1000 (KnownFullOnly vs Main)
Finished game 60 (KnownFullOnly vs Main): 1-0 {White wins by adjudication}
Score of Main vs KnownFullOnly: 8 - 35 - 13  [0.259] 56
Started game 63 of 1000 (Main vs KnownFullOnly)
Finished game 58 (KnownFullOnly vs Main): 1/2-1/2 {Draw by insufficient mating material}
Score of Main vs KnownFullOnly: 8 - 35 - 14  [0.263] 57
Started game 64 of 1000 (KnownFullOnly vs Main)
Finished game 61 (Main vs KnownFullOnly): 0-1 {Black wins by adjudication}
Score of Main vs KnownFullOnly: 8 - 36 - 14  [0.259] 58
Started game 65 of 1000 (Main vs KnownFullOnly)
Finished game 59 (Main vs KnownFullOnly): 1-0 {White wins by adjudication}
Score of Main vs KnownFullOnly: 9 - 36 - 14  [0.271] 59
Started game 66 of 1000 (KnownFullOnly vs Main)
Finished game 55 (Main vs KnownFullOnly): 1/2-1/2 {Draw by adjudication}
Score of Main vs KnownFullOnly: 9 - 36 - 15  [0.275] 60
Started game 67 of 1000 (Main vs KnownFullOnly)
Finished game 57 (Main vs KnownFullOnly): 0-1 {Black wins by adjudication}
Score of Main vs KnownFullOnly: 9 - 37 - 15  [0.270] 61
Started game 68 of 1000 (KnownFullOnly vs Main)
Finished game 62 (KnownFullOnly vs Main): 0-1 {Black wins by adjudication}
Score of Main vs KnownFullOnly: 10 - 37 - 15  [0.282] 62
Started game 69 of 1000 (Main vs KnownFullOnly)
Finished game 64 (KnownFullOnly vs Main): 1-0 {White wins by adjudication}
Score of Main vs KnownFullOnly: 10 - 38 - 15  [0.278] 63
Started game 70 of 1000 (KnownFullOnly vs Main)
Finished game 63 (Main vs KnownFullOnly): 1-0 {White wins by adjudication}
Score of Main vs KnownFullOnly: 11 - 38 - 15  [0.289] 64
Started game 71 of 1000 (Main vs KnownFullOnly)
Finished game 66 (KnownFullOnly vs Main): 1/2-1/2 {Draw by insufficient mating material}
Score of Main vs KnownFullOnly: 11 - 38 - 16  [0.292] 65
Started game 72 of 1000 (KnownFullOnly vs Main)
Finished game 65 (Main vs KnownFullOnly): 1-0 {White wins by adjudication}
Score of Main vs KnownFullOnly: 12 - 38 - 16  [0.303] 66
Started game 73 of 1000 (Main vs KnownFullOnly)
Finished game 67 (Main vs KnownFullOnly): 1/2-1/2 {Draw by adjudication}
Score of Main vs KnownFullOnly: 12 - 38 - 17  [0.306] 67
Started game 74 of 1000 (KnownFullOnly vs Main)
Finished game 69 (Main vs KnownFullOnly): 1-0 {White wins by adjudication}
Score of Main vs KnownFullOnly: 13 - 38 - 17  [0.316] 68
Started game 75 of 1000 (Main vs KnownFullOnly)
Finished game 68 (KnownFullOnly vs Main): 1/2-1/2 {Draw by adjudication}
Score of Main vs KnownFullOnly: 13 - 38 - 18  [0.319] 69
Started game 76 of 1000 (KnownFullOnly vs Main)
Finished game 70 (KnownFullOnly vs Main): 1-0 {White wins by adjudication}
Score of Main vs KnownFullOnly: 13 - 39 - 18  [0.314] 70
Started game 77 of 1000 (Main vs KnownFullOnly)
Finished game 72 (KnownFullOnly vs Main): 1-0 {White wins by adjudication}
Score of Main vs KnownFullOnly: 13 - 40 - 18  [0.310] 71
Started game 78 of 1000 (KnownFullOnly vs Main)
Finished game 71 (Main vs KnownFullOnly): 1-0 {White wins by adjudication}
Score of Main vs KnownFullOnly: 14 - 40 - 18  [0.319] 72
Started game 79 of 1000 (Main vs KnownFullOnly)
Finished game 73 (Main vs KnownFullOnly): 0-1 {Black wins by adjudication}
Score of Main vs KnownFullOnly: 14 - 41 - 18  [0.315] 73
Started game 80 of 1000 (KnownFullOnly vs Main)
Finished game 74 (KnownFullOnly vs Main): 1-0 {White wins by adjudication}
Score of Main vs KnownFullOnly: 14 - 42 - 18  [0.311] 74
Started game 81 of 1000 (Main vs KnownFullOnly)
Finished game 77 (Main vs KnownFullOnly): 1-0 {White wins by adjudication}
Score of Main vs KnownFullOnly: 15 - 42 - 18  [0.320] 75
Started game 82 of 1000 (KnownFullOnly vs Main)
Finished game 78 (KnownFullOnly vs Main): 1-0 {White wins by adjudication}
Score of Main vs KnownFullOnly: 15 - 43 - 18  [0.316] 76
Started game 83 of 1000 (Main vs KnownFullOnly)
Finished game 83 (Main vs KnownFullOnly): 1-0 {White mates}
Score of Main vs KnownFullOnly: 16 - 43 - 18  [0.325] 77
Started game 84 of 1000 (KnownFullOnly vs Main)
Finished game 84 (KnownFullOnly vs Main): 1-0 {White mates}
Score of Main vs KnownFullOnly: 16 - 44 - 18  [0.321] 78
Started game 85 of 1000 (Main vs KnownFullOnly)
Finished game 76 (KnownFullOnly vs Main): 1-0 {White wins by adjudication}
Score of Main vs KnownFullOnly: 16 - 45 - 18  [0.316] 79
Started game 86 of 1000 (KnownFullOnly vs Main)
Finished game 75 (Main vs KnownFullOnly): 0-1 {Black wins by adjudication}
Score of Main vs KnownFullOnly: 16 - 46 - 18  [0.313] 80
Started game 87 of 1000 (Main vs KnownFullOnly)
Finished game 79 (Main vs KnownFullOnly): 0-1 {Black wins by adjudication}
Score of Main vs KnownFullOnly: 16 - 47 - 18  [0.309] 81
Started game 88 of 1000 (KnownFullOnly vs Main)
Finished game 80 (KnownFullOnly vs Main): 1-0 {White wins by adjudication}
Score of Main vs KnownFullOnly: 16 - 48 - 18  [0.305] 82
Started game 89 of 1000 (Main vs KnownFullOnly)
Finished game 86 (KnownFullOnly vs Main): 1/2-1/2 {Draw by 3-fold repetition}
Score of Main vs KnownFullOnly: 16 - 48 - 19  [0.307] 83
Started game 90 of 1000 (KnownFullOnly vs Main)
Finished game 87 (Main vs KnownFullOnly): 0-1 {Black wins by adjudication}
Score of Main vs KnownFullOnly: 16 - 49 - 19  [0.304] 84
Started game 91 of 1000 (Main vs KnownFullOnly)
Finished game 85 (Main vs KnownFullOnly): 0-1 {Black wins by adjudication}
Score of Main vs KnownFullOnly: 16 - 50 - 19  [0.300] 85
Started game 92 of 1000 (KnownFullOnly vs Main)
Finished game 81 (Main vs KnownFullOnly): 1/2-1/2 {Draw by insufficient mating material}
Score of Main vs KnownFullOnly: 16 - 50 - 20  [0.302] 86
Started game 93 of 1000 (Main vs KnownFullOnly)
Finished game 88 (KnownFullOnly vs Main): 1-0 {White wins by adjudication}
Score of Main vs KnownFullOnly: 16 - 51 - 20  [0.299] 87
Started game 94 of 1000 (KnownFullOnly vs Main)
Finished game 82 (KnownFullOnly vs Main): 1/2-1/2 {Draw by insufficient mating material}
Score of Main vs KnownFullOnly: 16 - 51 - 21  [0.301] 88
Started game 95 of 1000 (Main vs KnownFullOnly)
Finished game 92 (KnownFullOnly vs Main): 1-0 {White wins by adjudication}
Score of Main vs KnownFullOnly: 16 - 52 - 21  [0.298] 89
Started game 96 of 1000 (KnownFullOnly vs Main)
Finished game 91 (Main vs KnownFullOnly): 0-1 {Black wins by adjudication}
Score of Main vs KnownFullOnly: 16 - 53 - 21  [0.294] 90
Started game 97 of 1000 (Main vs KnownFullOnly)
Finished game 89 (Main vs KnownFullOnly): 0-1 {Black wins by adjudication}
Score of Main vs KnownFullOnly: 16 - 54 - 21  [0.291] 91
Started game 98 of 1000 (KnownFullOnly vs Main)
Finished game 90 (KnownFullOnly vs Main): 1/2-1/2 {Draw by adjudication}
Score of Main vs KnownFullOnly: 16 - 54 - 22  [0.293] 92
Started game 99 of 1000 (Main vs KnownFullOnly)
Finished game 93 (Main vs KnownFullOnly): 1-0 {White wins by adjudication}
Score of Main vs KnownFullOnly: 17 - 54 - 22  [0.301] 93
Started game 100 of 1000 (KnownFullOnly vs Main)
Finished game 94 (KnownFullOnly vs Main): 1-0 {White wins by adjudication}
Score of Main vs KnownFullOnly: 17 - 55 - 22  [0.298] 94
Started game 101 of 1000 (Main vs KnownFullOnly)
Finished game 98 (KnownFullOnly vs Main): 1/2-1/2 {Draw by 3-fold repetition}
Score of Main vs KnownFullOnly: 17 - 55 - 23  [0.300] 95
Started game 102 of 1000 (KnownFullOnly vs Main)
Finished game 95 (Main vs KnownFullOnly): 0-1 {Black wins by adjudication}
Score of Main vs KnownFullOnly: 17 - 56 - 23  [0.297] 96
Started game 103 of 1000 (Main vs KnownFullOnly)
Finished game 96 (KnownFullOnly vs Main): 0-1 {Black wins by adjudication}
Score of Main vs KnownFullOnly: 18 - 56 - 23  [0.304] 97
Started game 104 of 1000 (KnownFullOnly vs Main)
Finished game 97 (Main vs KnownFullOnly): 0-1 {Black wins by adjudication}
Score of Main vs KnownFullOnly: 18 - 57 - 23  [0.301] 98
Started game 105 of 1000 (Main vs KnownFullOnly)
Finished game 99 (Main vs KnownFullOnly): 0-1 {Black wins by adjudication}
Score of Main vs KnownFullOnly: 18 - 58 - 23  [0.298] 99
Started game 106 of 1000 (KnownFullOnly vs Main)
Finished game 101 (Main vs KnownFullOnly): 0-1 {Black wins by adjudication}
Score of Main vs KnownFullOnly: 18 - 59 - 23  [0.295] 100
Started game 107 of 1000 (Main vs KnownFullOnly)
Finished game 100 (KnownFullOnly vs Main): 1/2-1/2 {Draw by insufficient mating material}
Score of Main vs KnownFullOnly: 18 - 59 - 24  [0.297] 101
Started game 108 of 1000 (KnownFullOnly vs Main)
Finished game 102 (KnownFullOnly vs Main): 1-0 {White wins by adjudication}
Score of Main vs KnownFullOnly: 18 - 60 - 24  [0.294] 102
Started game 109 of 1000 (Main vs KnownFullOnly)
Finished game 104 (KnownFullOnly vs Main): 1-0 {White wins by adjudication}
Score of Main vs KnownFullOnly: 18 - 61 - 24  [0.291] 103
Started game 110 of 1000 (KnownFullOnly vs Main)
Finished game 105 (Main vs KnownFullOnly): 0-1 {Black wins by adjudication}
Score of Main vs KnownFullOnly: 18 - 62 - 24  [0.288] 104
Started game 111 of 1000 (Main vs KnownFullOnly)
Finished game 106 (KnownFullOnly vs Main): 1-0 {White wins by adjudication}
Score of Main vs KnownFullOnly: 18 - 63 - 24  [0.286] 105
Started game 112 of 1000 (KnownFullOnly vs Main)
Finished game 107 (Main vs KnownFullOnly): 1/2-1/2 {Draw by 3-fold repetition}
Score of Main vs KnownFullOnly: 18 - 63 - 25  [0.288] 106
Started game 113 of 1000 (Main vs KnownFullOnly)
Finished game 103 (Main vs KnownFullOnly): 1/2-1/2 {Draw by adjudication}
Score of Main vs KnownFullOnly: 18 - 63 - 26  [0.290] 107
Started game 114 of 1000 (KnownFullOnly vs Main)
Finished game 109 (Main vs KnownFullOnly): 0-1 {Black wins by adjudication}
Score of Main vs KnownFullOnly: 18 - 64 - 26  [0.287] 108
Started game 115 of 1000 (Main vs KnownFullOnly)
Finished game 110 (KnownFullOnly vs Main): 1-0 {White wins by adjudication}
Score of Main vs KnownFullOnly: 18 - 65 - 26  [0.284] 109
Started game 116 of 1000 (KnownFullOnly vs Main)
Finished game 113 (Main vs KnownFullOnly): 0-1 {Black wins by adjudication}
Score of Main vs KnownFullOnly: 18 - 66 - 26  [0.282] 110
Started game 117 of 1000 (Main vs KnownFullOnly)
Finished game 108 (KnownFullOnly vs Main): 1/2-1/2 {Draw by adjudication}
Score of Main vs KnownFullOnly: 18 - 66 - 27  [0.284] 111
Started game 118 of 1000 (KnownFullOnly vs Main)
Finished game 111 (Main vs KnownFullOnly): 0-1 {Black wins by adjudication}
Score of Main vs KnownFullOnly: 18 - 67 - 27  [0.281] 112
Started game 119 of 1000 (Main vs KnownFullOnly)
Finished game 112 (KnownFullOnly vs Main): 1-0 {White wins by adjudication}
Score of Main vs KnownFullOnly: 18 - 68 - 27  [0.279] 113
Started game 120 of 1000 (KnownFullOnly vs Main)
Finished game 114 (KnownFullOnly vs Main): 1/2-1/2 {Draw by adjudication}
Score of Main vs KnownFullOnly: 18 - 68 - 28  [0.281] 114
Started game 121 of 1000 (Main vs KnownFullOnly)
Finished game 117 (Main vs KnownFullOnly): 1/2-1/2 {Draw by 3-fold repetition}
Score of Main vs KnownFullOnly: 18 - 68 - 29  [0.283] 115
Started game 122 of 1000 (KnownFullOnly vs Main)
Finished game 115 (Main vs KnownFullOnly): 1-0 {White wins by adjudication}
Score of Main vs KnownFullOnly: 19 - 68 - 29  [0.289] 116
Started game 123 of 1000 (Main vs KnownFullOnly)
Finished game 116 (KnownFullOnly vs Main): 1-0 {White wins by adjudication}
Score of Main vs KnownFullOnly: 19 - 69 - 29  [0.286] 117
Started game 124 of 1000 (KnownFullOnly vs Main)
Finished game 118 (KnownFullOnly vs Main): 1-0 {White wins by adjudication}
Score of Main vs KnownFullOnly: 19 - 70 - 29  [0.284] 118
Started game 125 of 1000 (Main vs KnownFullOnly)
Finished game 120 (KnownFullOnly vs Main): 1-0 {White wins by adjudication}
Score of Main vs KnownFullOnly: 19 - 71 - 29  [0.282] 119
Started game 126 of 1000 (KnownFullOnly vs Main)
Finished game 119 (Main vs KnownFullOnly): 1/2-1/2 {Draw by 3-fold repetition}
Score of Main vs KnownFullOnly: 19 - 71 - 30  [0.283] 120
Started game 127 of 1000 (Main vs KnownFullOnly)
Finished game 121 (Main vs KnownFullOnly): 0-1 {Black wins by adjudication}
Score of Main vs KnownFullOnly: 19 - 72 - 30  [0.281] 121
Started game 128 of 1000 (KnownFullOnly vs Main)
Finished game 122 (KnownFullOnly vs Main): 1/2-1/2 {Draw by adjudication}
Score of Main vs KnownFullOnly: 19 - 72 - 31  [0.283] 122
Started game 129 of 1000 (Main vs KnownFullOnly)
Finished game 123 (Main vs KnownFullOnly): 0-1 {Black wins by adjudication}
Score of Main vs KnownFullOnly: 19 - 73 - 31  [0.280] 123
Started game 130 of 1000 (KnownFullOnly vs Main)
Finished game 127 (Main vs KnownFullOnly): 1-0 {White wins by adjudication}
Score of Main vs KnownFullOnly: 20 - 73 - 31  [0.286] 124
Started game 131 of 1000 (Main vs KnownFullOnly)
Finished game 125 (Main vs KnownFullOnly): 0-1 {Black wins by adjudication}
Score of Main vs KnownFullOnly: 20 - 74 - 31  [0.284] 125
Started game 132 of 1000 (KnownFullOnly vs Main)
Finished game 128 (KnownFullOnly vs Main): 1-0 {White wins by adjudication}
Score of Main vs KnownFullOnly: 20 - 75 - 31  [0.282] 126
Started game 133 of 1000 (Main vs KnownFullOnly)
Finished game 126 (KnownFullOnly vs Main): 1/2-1/2 {Draw by fifty moves rule}
Score of Main vs KnownFullOnly: 20 - 75 - 32  [0.283] 127
Started game 134 of 1000 (KnownFullOnly vs Main)
Finished game 124 (KnownFullOnly vs Main): 1/2-1/2 {Draw by fifty moves rule}
Score of Main vs KnownFullOnly: 20 - 75 - 33  [0.285] 128
Started game 135 of 1000 (Main vs KnownFullOnly)
Finished game 131 (Main vs KnownFullOnly): 0-1 {Black wins by adjudication}
Score of Main vs KnownFullOnly: 20 - 76 - 33  [0.283] 129
Started game 136 of 1000 (KnownFullOnly vs Main)
Finished game 132 (KnownFullOnly vs Main): 1-0 {White wins by adjudication}
Score of Main vs KnownFullOnly: 20 - 77 - 33  [0.281] 130
Started game 137 of 1000 (Main vs KnownFullOnly)
Finished game 133 (Main vs KnownFullOnly): 0-1 {Black wins by adjudication}
Score of Main vs KnownFullOnly: 20 - 78 - 33  [0.279] 131
Started game 138 of 1000 (KnownFullOnly vs Main)
Finished game 130 (KnownFullOnly vs Main): 1-0 {White wins by adjudication}
Score of Main vs KnownFullOnly: 20 - 79 - 33  [0.277] 132
Started game 139 of 1000 (Main vs KnownFullOnly)
Finished game 134 (KnownFullOnly vs Main): 1-0 {White wins by adjudication}
Score of Main vs KnownFullOnly: 20 - 80 - 33  [0.274] 133
Started game 140 of 1000 (KnownFullOnly vs Main)
Finished game 129 (Main vs KnownFullOnly): 1/2-1/2 {Draw by fifty moves rule}
Score of Main vs KnownFullOnly: 20 - 80 - 34  [0.276] 134
Started game 141 of 1000 (Main vs KnownFullOnly)
Finished game 135 (Main vs KnownFullOnly): 0-1 {Black wins by adjudication}
Score of Main vs KnownFullOnly: 20 - 81 - 34  [0.274] 135
Started game 142 of 1000 (KnownFullOnly vs Main)
Finished game 136 (KnownFullOnly vs Main): 1-0 {White wins by adjudication}
Score of Main vs KnownFullOnly: 20 - 82 - 34  [0.272] 136
Started game 143 of 1000 (Main vs KnownFullOnly)
Finished game 137 (Main vs KnownFullOnly): 1/2-1/2 {Draw by adjudication}
Score of Main vs KnownFullOnly: 20 - 82 - 35  [0.274] 137
Started game 144 of 1000 (KnownFullOnly vs Main)
Finished game 138 (KnownFullOnly vs Main): 1-0 {White wins by adjudication}
Score of Main vs KnownFullOnly: 20 - 83 - 35  [0.272] 138
Started game 145 of 1000 (Main vs KnownFullOnly)
Finished game 140 (KnownFullOnly vs Main): 1-0 {White wins by adjudication}
Score of Main vs KnownFullOnly: 20 - 84 - 35  [0.270] 139
Started game 146 of 1000 (KnownFullOnly vs Main)
Finished game 141 (Main vs KnownFullOnly): 1-0 {White wins by adjudication}
Score of Main vs KnownFullOnly: 21 - 84 - 35  [0.275] 140
Started game 147 of 1000 (Main vs KnownFullOnly)
Finished game 139 (Main vs KnownFullOnly): 1/2-1/2 {Draw by insufficient mating material}
Score of Main vs KnownFullOnly: 21 - 84 - 36  [0.277] 141
Started game 148 of 1000 (KnownFullOnly vs Main)
Finished game 142 (KnownFullOnly vs Main): 1-0 {White wins by adjudication}
Score of Main vs KnownFullOnly: 21 - 85 - 36  [0.275] 142
Started game 149 of 1000 (Main vs KnownFullOnly)
Finished game 143 (Main vs KnownFullOnly): 0-1 {Black wins by adjudication}
Score of Main vs KnownFullOnly: 21 - 86 - 36  [0.273] 143
Started game 150 of 1000 (KnownFullOnly vs Main)
Finished game 146 (KnownFullOnly vs Main): 1-0 {White wins by adjudication}
Score of Main vs KnownFullOnly: 21 - 87 - 36  [0.271] 144
Started game 151 of 1000 (Main vs KnownFullOnly)
Finished game 144 (KnownFullOnly vs Main): 1-0 {White wins by adjudication}
Score of Main vs KnownFullOnly: 21 - 88 - 36  [0.269] 145
Started game 152 of 1000 (KnownFullOnly vs Main)
Finished game 147 (Main vs KnownFullOnly): 1/2-1/2 {Draw by adjudication}
Score of Main vs KnownFullOnly: 21 - 88 - 37  [0.271] 146
Started game 153 of 1000 (Main vs KnownFullOnly)
Finished game 148 (KnownFullOnly vs Main): 1-0 {White wins by adjudication}
Score of Main vs KnownFullOnly: 21 - 89 - 37  [0.269] 147
Started game 154 of 1000 (KnownFullOnly vs Main)
Finished game 145 (Main vs KnownFullOnly): 0-1 {Black wins by adjudication}
Score of Main vs KnownFullOnly: 21 - 90 - 37  [0.267] 148
Started game 155 of 1000 (Main vs KnownFullOnly)
Finished game 149 (Main vs KnownFullOnly): 1-0 {White wins by adjudication}
Score of Main vs KnownFullOnly: 22 - 90 - 37  [0.272] 149
Started game 156 of 1000 (KnownFullOnly vs Main)
Finished game 152 (KnownFullOnly vs Main): 1/2-1/2 {Draw by 3-fold repetition}
Score of Main vs KnownFullOnly: 22 - 90 - 38  [0.273] 150
Started game 157 of 1000 (Main vs KnownFullOnly)
Finished game 150 (KnownFullOnly vs Main): 1-0 {White wins by adjudication}
Score of Main vs KnownFullOnly: 22 - 91 - 38  [0.272] 151
Started game 158 of 1000 (KnownFullOnly vs Main)
Finished game 151 (Main vs KnownFullOnly): 0-1 {Black wins by adjudication}
Score of Main vs KnownFullOnly: 22 - 92 - 38  [0.270] 152
Started game 159 of 1000 (Main vs KnownFullOnly)
Finished game 155 (Main vs KnownFullOnly): 1-0 {White wins by adjudication}
Score of Main vs KnownFullOnly: 23 - 92 - 38  [0.275] 153
Started game 160 of 1000 (KnownFullOnly vs Main)
Finished game 156 (KnownFullOnly vs Main): 1-0 {White wins by adjudication}
Score of Main vs KnownFullOnly: 23 - 93 - 38  [0.273] 154
Started game 161 of 1000 (Main vs KnownFullOnly)
Finished game 153 (Main vs KnownFullOnly): 1/2-1/2 {Draw by insufficient mating material}
Score of Main vs KnownFullOnly: 23 - 93 - 39  [0.274] 155
Started game 162 of 1000 (KnownFullOnly vs Main)
Finished game 158 (KnownFullOnly vs Main): 1/2-1/2 {Draw by adjudication}
Score of Main vs KnownFullOnly: 23 - 93 - 40  [0.276] 156
Started game 163 of 1000 (Main vs KnownFullOnly)
Finished game 154 (KnownFullOnly vs Main): 1/2-1/2 {Draw by insufficient mating material}
Score of Main vs KnownFullOnly: 23 - 93 - 41  [0.277] 157
Started game 164 of 1000 (KnownFullOnly vs Main)
Finished game 157 (Main vs KnownFullOnly): 1/2-1/2 {Draw by insufficient mating material}
Score of Main vs KnownFullOnly: 23 - 93 - 42  [0.278] 158
Started game 165 of 1000 (Main vs KnownFullOnly)
Finished game 160 (KnownFullOnly vs Main): 1-0 {White mates}
Score of Main vs KnownFullOnly: 23 - 94 - 42  [0.277] 159
Started game 166 of 1000 (KnownFullOnly vs Main)
Finished game 159 (Main vs KnownFullOnly): 0-1 {Black wins by adjudication}
Score of Main vs KnownFullOnly: 23 - 95 - 42  [0.275] 160
Started game 167 of 1000 (Main vs KnownFullOnly)
Finished game 161 (Main vs KnownFullOnly): 0-1 {Black wins by adjudication}
Score of Main vs KnownFullOnly: 23 - 96 - 42  [0.273] 161
Started game 168 of 1000 (KnownFullOnly vs Main)
Finished game 163 (Main vs KnownFullOnly): 0-1 {Black wins by adjudication}
Score of Main vs KnownFullOnly: 23 - 97 - 42  [0.272] 162
Started game 169 of 1000 (Main vs KnownFullOnly)
Finished game 167 (Main vs KnownFullOnly): 0-1 {Black wins by adjudication}
Score of Main vs KnownFullOnly: 23 - 98 - 42  [0.270] 163
Started game 170 of 1000 (KnownFullOnly vs Main)
Finished game 165 (Main vs KnownFullOnly): 0-1 {Black wins by adjudication}
Score of Main vs KnownFullOnly: 23 - 99 - 42  [0.268] 164
Started game 171 of 1000 (Main vs KnownFullOnly)
Finished game 164 (KnownFullOnly vs Main): 1-0 {White wins by adjudication}
Score of Main vs KnownFullOnly: 23 - 100 - 42  [0.267] 165
Started game 172 of 1000 (KnownFullOnly vs Main)
Finished game 162 (KnownFullOnly vs Main): 1/2-1/2 {Draw by adjudication}
Score of Main vs KnownFullOnly: 23 - 100 - 43  [0.268] 166
Started game 173 of 1000 (Main vs KnownFullOnly)
Finished game 166 (KnownFullOnly vs Main): 1/2-1/2 {Draw by adjudication}
Score of Main vs KnownFullOnly: 23 - 100 - 44  [0.269] 167
Started game 174 of 1000 (KnownFullOnly vs Main)
Finished game 169 (Main vs KnownFullOnly): 0-1 {Black wins by adjudication}
Score of Main vs KnownFullOnly: 23 - 101 - 44  [0.268] 168
Started game 175 of 1000 (Main vs KnownFullOnly)
Finished game 168 (KnownFullOnly vs Main): 1-0 {White wins by adjudication}
Score of Main vs KnownFullOnly: 23 - 102 - 44  [0.266] 169
Started game 176 of 1000 (KnownFullOnly vs Main)
Finished game 171 (Main vs KnownFullOnly): 1/2-1/2 {Draw by insufficient mating material}
Score of Main vs KnownFullOnly: 23 - 102 - 45  [0.268] 170
Started game 177 of 1000 (Main vs KnownFullOnly)
Finished game 170 (KnownFullOnly vs Main): 1-0 {White wins by adjudication}
Score of Main vs KnownFullOnly: 23 - 103 - 45  [0.266] 171
Started game 178 of 1000 (KnownFullOnly vs Main)
Finished game 173 (Main vs KnownFullOnly): 1-0 {White wins by adjudication}
Score of Main vs KnownFullOnly: 24 - 103 - 45  [0.270] 172
Started game 179 of 1000 (Main vs KnownFullOnly)
Finished game 172 (KnownFullOnly vs Main): 1-0 {White wins by adjudication}
Score of Main vs KnownFullOnly: 24 - 104 - 45  [0.269] 173
Started game 180 of 1000 (KnownFullOnly vs Main)
Finished game 175 (Main vs KnownFullOnly): 1-0 {White wins by adjudication}
Score of Main vs KnownFullOnly: 25 - 104 - 45  [0.273] 174
Started game 181 of 1000 (Main vs KnownFullOnly)
Finished game 174 (KnownFullOnly vs Main): 1-0 {White wins by adjudication}
Score of Main vs KnownFullOnly: 25 - 105 - 45  [0.271] 175
Started game 182 of 1000 (KnownFullOnly vs Main)
Finished game 177 (Main vs KnownFullOnly): 1/2-1/2 {Draw by 3-fold repetition}
Score of Main vs KnownFullOnly: 25 - 105 - 46  [0.273] 176
Started game 183 of 1000 (Main vs KnownFullOnly)
Finished game 176 (KnownFullOnly vs Main): 1-0 {White wins by adjudication}
Score of Main vs KnownFullOnly: 25 - 106 - 46  [0.271] 177
Started game 184 of 1000 (KnownFullOnly vs Main)
Finished game 178 (KnownFullOnly vs Main): 1-0 {White wins by adjudication}
Score of Main vs KnownFullOnly: 25 - 107 - 46  [0.270] 178
Started game 185 of 1000 (Main vs KnownFullOnly)
Finished game 180 (KnownFullOnly vs Main): 1-0 {White wins by adjudication}
Score of Main vs KnownFullOnly: 25 - 108 - 46  [0.268] 179
Started game 186 of 1000 (KnownFullOnly vs Main)
Finished game 179 (Main vs KnownFullOnly): 0-1 {Black wins by adjudication}
Score of Main vs KnownFullOnly: 25 - 109 - 46  [0.267] 180
Started game 187 of 1000 (Main vs KnownFullOnly)
Finished game 181 (Main vs KnownFullOnly): 0-1 {Black wins by adjudication}
Score of Main vs KnownFullOnly: 25 - 110 - 46  [0.265] 181
Started game 188 of 1000 (KnownFullOnly vs Main)
Finished game 182 (KnownFullOnly vs Main): 1-0 {White wins by adjudication}
Score of Main vs KnownFullOnly: 25 - 111 - 46  [0.264] 182
Started game 189 of 1000 (Main vs KnownFullOnly)
Finished game 184 (KnownFullOnly vs Main): 1-0 {White wins by adjudication}
Score of Main vs KnownFullOnly: 25 - 112 - 46  [0.262] 183
Started game 190 of 1000 (KnownFullOnly vs Main)
Finished game 183 (Main vs KnownFullOnly): 1/2-1/2 {Draw by 3-fold repetition}
Score of Main vs KnownFullOnly: 25 - 112 - 47  [0.264] 184
Started game 191 of 1000 (Main vs KnownFullOnly)
Finished game 186 (KnownFullOnly vs Main): 1-0 {White wins by adjudication}
Score of Main vs KnownFullOnly: 25 - 113 - 47  [0.262] 185
Started game 192 of 1000 (KnownFullOnly vs Main)
Finished game 185 (Main vs KnownFullOnly): 0-1 {Black wins by adjudication}
Score of Main vs KnownFullOnly: 25 - 114 - 47  [0.261] 186
Started game 193 of 1000 (Main vs KnownFullOnly)
Finished game 188 (KnownFullOnly vs Main): 1-0 {White wins by adjudication}
Score of Main vs KnownFullOnly: 25 - 115 - 47  [0.259] 187
Started game 194 of 1000 (KnownFullOnly vs Main)
Finished game 187 (Main vs KnownFullOnly): 0-1 {Black wins by adjudication}
Score of Main vs KnownFullOnly: 25 - 116 - 47  [0.258] 188
Started game 195 of 1000 (Main vs KnownFullOnly)
Finished game 192 (KnownFullOnly vs Main): 1-0 {White wins by adjudication}
Score of Main vs KnownFullOnly: 25 - 117 - 47  [0.257] 189
Started game 196 of 1000 (KnownFullOnly vs Main)
Finished game 191 (Main vs KnownFullOnly): 0-1 {Black wins by adjudication}
Score of Main vs KnownFullOnly: 25 - 118 - 47  [0.255] 190
Started game 197 of 1000 (Main vs KnownFullOnly)
Finished game 189 (Main vs KnownFullOnly): 1/2-1/2 {Draw by insufficient mating material}
Score of Main vs KnownFullOnly: 25 - 118 - 48  [0.257] 191
Started game 198 of 1000 (KnownFullOnly vs Main)
Finished game 193 (Main vs KnownFullOnly): 0-1 {Black wins by adjudication}
Score of Main vs KnownFullOnly: 25 - 119 - 48  [0.255] 192
Started game 199 of 1000 (Main vs KnownFullOnly)
Finished game 195 (Main vs KnownFullOnly): 0-1 {Black wins by adjudication}
Score of Main vs KnownFullOnly: 25 - 120 - 48  [0.254] 193
Started game 200 of 1000 (KnownFullOnly vs Main)
Finished game 194 (KnownFullOnly vs Main): 0-1 {Black wins by adjudication}
Score of Main vs KnownFullOnly: 26 - 120 - 48  [0.258] 194
Started game 201 of 1000 (Main vs KnownFullOnly)
Finished game 197 (Main vs KnownFullOnly): 1-0 {White wins by adjudication}
Score of Main vs KnownFullOnly: 27 - 120 - 48  [0.262] 195
Started game 202 of 1000 (KnownFullOnly vs Main)
Finished game 190 (KnownFullOnly vs Main): 1/2-1/2 {Draw by fifty moves rule}
Score of Main vs KnownFullOnly: 27 - 120 - 49  [0.263] 196
Started game 203 of 1000 (Main vs KnownFullOnly)
Finished game 196 (KnownFullOnly vs Main): 1-0 {White wins by adjudication}
Score of Main vs KnownFullOnly: 27 - 121 - 49  [0.261] 197
Started game 204 of 1000 (KnownFullOnly vs Main)
Finished game 199 (Main vs KnownFullOnly): 0-1 {Black wins by adjudication}
Score of Main vs KnownFullOnly: 27 - 122 - 49  [0.260] 198
Started game 205 of 1000 (Main vs KnownFullOnly)
Finished game 200 (KnownFullOnly vs Main): 1-0 {White wins by adjudication}
Score of Main vs KnownFullOnly: 27 - 123 - 49  [0.259] 199
Started game 206 of 1000 (KnownFullOnly vs Main)
Finished game 201 (Main vs KnownFullOnly): 0-1 {Black wins by adjudication}
Score of Main vs KnownFullOnly: 27 - 124 - 49  [0.258] 200
Started game 207 of 1000 (Main vs KnownFullOnly)
Finished game 198 (KnownFullOnly vs Main): 1/2-1/2 {Draw by fifty moves rule}
Score of Main vs KnownFullOnly: 27 - 124 - 50  [0.259] 201
Started game 208 of 1000 (KnownFullOnly vs Main)
Finished game 202 (KnownFullOnly vs Main): 1-0 {White wins by adjudication}
Score of Main vs KnownFullOnly: 27 - 125 - 50  [0.257] 202
Started game 209 of 1000 (Main vs KnownFullOnly)
Finished game 203 (Main vs KnownFullOnly): 1/2-1/2 {Draw by adjudication}
Score of Main vs KnownFullOnly: 27 - 125 - 51  [0.259] 203
Started game 210 of 1000 (KnownFullOnly vs Main)
Finished game 204 (KnownFullOnly vs Main): 1/2-1/2 {Draw by 3-fold repetition}
Score of Main vs KnownFullOnly: 27 - 125 - 52  [0.260] 204
Started game 211 of 1000 (Main vs KnownFullOnly)
Finished game 205 (Main vs KnownFullOnly): 0-1 {Black wins by adjudication}
Score of Main vs KnownFullOnly: 27 - 126 - 52  [0.259] 205
Started game 212 of 1000 (KnownFullOnly vs Main)
Finished game 208 (KnownFullOnly vs Main): 1-0 {White wins by adjudication}
Score of Main vs KnownFullOnly: 27 - 127 - 52  [0.257] 206
Started game 213 of 1000 (Main vs KnownFullOnly)
Finished game 207 (Main vs KnownFullOnly): 1-0 {White wins by adjudication}
Score of Main vs KnownFullOnly: 28 - 127 - 52  [0.261] 207
Started game 214 of 1000 (KnownFullOnly vs Main)
Finished game 206 (KnownFullOnly vs Main): 1/2-1/2 {Draw by adjudication}
Score of Main vs KnownFullOnly: 28 - 127 - 53  [0.262] 208
Started game 215 of 1000 (Main vs KnownFullOnly)
Finished game 209 (Main vs KnownFullOnly): 0-1 {Black wins by adjudication}
Score of Main vs KnownFullOnly: 28 - 128 - 53  [0.261] 209
Started game 216 of 1000 (KnownFullOnly vs Main)
Finished game 210 (KnownFullOnly vs Main): 1/2-1/2 {Draw by insufficient mating material}
Score of Main vs KnownFullOnly: 28 - 128 - 54  [0.262] 210
Started game 217 of 1000 (Main vs KnownFullOnly)
Finished game 212 (KnownFullOnly vs Main): 1-0 {White wins by adjudication}
Score of Main vs KnownFullOnly: 28 - 129 - 54  [0.261] 211
Started game 218 of 1000 (KnownFullOnly vs Main)
Finished game 213 (Main vs KnownFullOnly): 0-1 {Black wins by adjudication}
Score of Main vs KnownFullOnly: 28 - 130 - 54  [0.259] 212
Started game 219 of 1000 (Main vs KnownFullOnly)
Finished game 214 (KnownFullOnly vs Main): 1-0 {White wins by adjudication}
Score of Main vs KnownFullOnly: 28 - 131 - 54  [0.258] 213
Started game 220 of 1000 (KnownFullOnly vs Main)
Finished game 211 (Main vs KnownFullOnly): 1/2-1/2 {Draw by insufficient mating material}
Score of Main vs KnownFullOnly: 28 - 131 - 55  [0.259] 214
Started game 221 of 1000 (Main vs KnownFullOnly)
Finished game 215 (Main vs KnownFullOnly): 0-1 {Black wins by adjudication}
Score of Main vs KnownFullOnly: 28 - 132 - 55  [0.258] 215
Started game 222 of 1000 (KnownFullOnly vs Main)
Finished game 217 (Main vs KnownFullOnly): 1/2-1/2 {Draw by 3-fold repetition}
Score of Main vs KnownFullOnly: 28 - 132 - 56  [0.259] 216
Started game 223 of 1000 (Main vs KnownFullOnly)
Finished game 216 (KnownFullOnly vs Main): 1/2-1/2 {Draw by 3-fold repetition}
Score of Main vs KnownFullOnly: 28 - 132 - 57  [0.260] 217
Started game 224 of 1000 (KnownFullOnly vs Main)
Finished game 219 (Main vs KnownFullOnly): 1-0 {White wins by adjudication}
Score of Main vs KnownFullOnly: 29 - 132 - 57  [0.264] 218
Started game 225 of 1000 (Main vs KnownFullOnly)
Finished game 220 (KnownFullOnly vs Main): 1-0 {White wins by adjudication}
Score of Main vs KnownFullOnly: 29 - 133 - 57  [0.263] 219
Started game 226 of 1000 (KnownFullOnly vs Main)
Finished game 222 (KnownFullOnly vs Main): 1/2-1/2 {Draw by 3-fold repetition}
Score of Main vs KnownFullOnly: 29 - 133 - 58  [0.264] 220
Started game 227 of 1000 (Main vs KnownFullOnly)
Finished game 221 (Main vs KnownFullOnly): 0-1 {Black wins by adjudication}
Score of Main vs KnownFullOnly: 29 - 134 - 58  [0.262] 221
Started game 228 of 1000 (KnownFullOnly vs Main)
Finished game 223 (Main vs KnownFullOnly): 1/2-1/2 {Draw by adjudication}
Score of Main vs KnownFullOnly: 29 - 134 - 59  [0.264] 222
Started game 229 of 1000 (Main vs KnownFullOnly)
Finished game 218 (KnownFullOnly vs Main): 1/2-1/2 {Draw by insufficient mating material}
Score of Main vs KnownFullOnly: 29 - 134 - 60  [0.265] 223
Started game 230 of 1000 (KnownFullOnly vs Main)
Finished game 224 (KnownFullOnly vs Main): 1-0 {White wins by adjudication}
Score of Main vs KnownFullOnly: 29 - 135 - 60  [0.263] 224
Started game 231 of 1000 (Main vs KnownFullOnly)
Finished game 225 (Main vs KnownFullOnly): 1-0 {White wins by adjudication}
Score of Main vs KnownFullOnly: 30 - 135 - 60  [0.267] 225
Started game 232 of 1000 (KnownFullOnly vs Main)
Finished game 226 (KnownFullOnly vs Main): 1-0 {White wins by adjudication}
Score of Main vs KnownFullOnly: 30 - 136 - 60  [0.265] 226
Started game 233 of 1000 (Main vs KnownFullOnly)
Finished game 228 (KnownFullOnly vs Main): 1-0 {White wins by adjudication}
Score of Main vs KnownFullOnly: 30 - 137 - 60  [0.264] 227
Started game 234 of 1000 (KnownFullOnly vs Main)
Finished game 229 (Main vs KnownFullOnly): 0-1 {Black wins by adjudication}
Score of Main vs KnownFullOnly: 30 - 138 - 60  [0.263] 228
Started game 235 of 1000 (Main vs KnownFullOnly)
Finished game 227 (Main vs KnownFullOnly): 1/2-1/2 {Draw by insufficient mating material}
Score of Main vs KnownFullOnly: 30 - 138 - 61  [0.264] 229
Started game 236 of 1000 (KnownFullOnly vs Main)
Finished game 230 (KnownFullOnly vs Main): 1-0 {White wins by adjudication}
Score of Main vs KnownFullOnly: 30 - 139 - 61  [0.263] 230
Started game 237 of 1000 (Main vs KnownFullOnly)
Finished game 232 (KnownFullOnly vs Main): 1-0 {White wins by adjudication}
Score of Main vs KnownFullOnly: 30 - 140 - 61  [0.262] 231
Started game 238 of 1000 (KnownFullOnly vs Main)
Finished game 234 (KnownFullOnly vs Main): 1-0 {White wins by adjudication}
Score of Main vs KnownFullOnly: 30 - 141 - 61  [0.261] 232
Started game 239 of 1000 (Main vs KnownFullOnly)
Finished game 233 (Main vs KnownFullOnly): 0-1 {Black wins by adjudication}
Score of Main vs KnownFullOnly: 30 - 142 - 61  [0.260] 233
Started game 240 of 1000 (KnownFullOnly vs Main)
Finished game 231 (Main vs KnownFullOnly): 1/2-1/2 {Draw by fifty moves rule}
Score of Main vs KnownFullOnly: 30 - 142 - 62  [0.261] 234
Started game 241 of 1000 (Main vs KnownFullOnly)
Finished game 236 (KnownFullOnly vs Main): 1-0 {White wins by adjudication}
Score of Main vs KnownFullOnly: 30 - 143 - 62  [0.260] 235
Started game 242 of 1000 (KnownFullOnly vs Main)
Finished game 235 (Main vs KnownFullOnly): 1/2-1/2 {Draw by insufficient mating material}
Score of Main vs KnownFullOnly: 30 - 143 - 63  [0.261] 236
Started game 243 of 1000 (Main vs KnownFullOnly)
Finished game 237 (Main vs KnownFullOnly): 0-1 {Black wins by adjudication}
Score of Main vs KnownFullOnly: 30 - 144 - 63  [0.259] 237
Started game 244 of 1000 (KnownFullOnly vs Main)
Finished game 238 (KnownFullOnly vs Main): 1-0 {White wins by adjudication}
Score of Main vs KnownFullOnly: 30 - 145 - 63  [0.258] 238
Started game 245 of 1000 (Main vs KnownFullOnly)
Finished game 239 (Main vs KnownFullOnly): 0-1 {Black mates}
Score of Main vs KnownFullOnly: 30 - 146 - 63  [0.257] 239
Started game 246 of 1000 (KnownFullOnly vs Main)
Finished game 240 (KnownFullOnly vs Main): 1/2-1/2 {Draw by 3-fold repetition}
Score of Main vs KnownFullOnly: 30 - 146 - 64  [0.258] 240
Started game 247 of 1000 (Main vs KnownFullOnly)
Finished game 241 (Main vs KnownFullOnly): 0-1 {Black wins by adjudication}
Score of Main vs KnownFullOnly: 30 - 147 - 64  [0.257] 241
Started game 248 of 1000 (KnownFullOnly vs Main)
Finished game 242 (KnownFullOnly vs Main): 1-0 {White mates}
Score of Main vs KnownFullOnly: 30 - 148 - 64  [0.256] 242
Started game 249 of 1000 (Main vs KnownFullOnly)
Finished game 244 (KnownFullOnly vs Main): 1-0 {White wins by adjudication}
Score of Main vs KnownFullOnly: 30 - 149 - 64  [0.255] 243
Started game 250 of 1000 (KnownFullOnly vs Main)
Finished game 246 (KnownFullOnly vs Main): 1-0 {White wins by adjudication}
Score of Main vs KnownFullOnly: 30 - 150 - 64  [0.254] 244
Started game 251 of 1000 (Main vs KnownFullOnly)
Finished game 243 (Main vs KnownFullOnly): 1/2-1/2 {Draw by adjudication}
Score of Main vs KnownFullOnly: 30 - 150 - 65  [0.255] 245
Started game 252 of 1000 (KnownFullOnly vs Main)
Finished game 245 (Main vs KnownFullOnly): 1-0 {White wins by adjudication}
Score of Main vs KnownFullOnly: 31 - 150 - 65  [0.258] 246
Started game 253 of 1000 (Main vs KnownFullOnly)
Finished game 250 (KnownFullOnly vs Main): 1-0 {White wins by adjudication}
Score of Main vs KnownFullOnly: 31 - 151 - 65  [0.257] 247
Started game 254 of 1000 (KnownFullOnly vs Main)
Finished game 247 (Main vs KnownFullOnly): 0-1 {Black wins by adjudication}
Score of Main vs KnownFullOnly: 31 - 152 - 65  [0.256] 248
Started game 255 of 1000 (Main vs KnownFullOnly)
Finished game 248 (KnownFullOnly vs Main): 1/2-1/2 {Draw by insufficient mating material}
Score of Main vs KnownFullOnly: 31 - 152 - 66  [0.257] 249
Started game 256 of 1000 (KnownFullOnly vs Main)
Finished game 249 (Main vs KnownFullOnly): 1-0 {White wins by adjudication}
Score of Main vs KnownFullOnly: 32 - 152 - 66  [0.260] 250
Started game 257 of 1000 (Main vs KnownFullOnly)
Finished game 251 (Main vs KnownFullOnly): 1-0 {White wins by adjudication}
Score of Main vs KnownFullOnly: 33 - 152 - 66  [0.263] 251
Started game 258 of 1000 (KnownFullOnly vs Main)
Finished game 252 (KnownFullOnly vs Main): 1-0 {White wins by adjudication}
Score of Main vs KnownFullOnly: 33 - 153 - 66  [0.262] 252
Started game 259 of 1000 (Main vs KnownFullOnly)
Finished game 253 (Main vs KnownFullOnly): 0-1 {Black wins by adjudication}
Score of Main vs KnownFullOnly: 33 - 154 - 66  [0.261] 253
Started game 260 of 1000 (KnownFullOnly vs Main)
Finished game 255 (Main vs KnownFullOnly): 1/2-1/2 {Draw by insufficient mating material}
Score of Main vs KnownFullOnly: 33 - 154 - 67  [0.262] 254
Started game 261 of 1000 (Main vs KnownFullOnly)
Finished game 256 (KnownFullOnly vs Main): 1-0 {White wins by adjudication}
Score of Main vs KnownFullOnly: 33 - 155 - 67  [0.261] 255
Started game 262 of 1000 (KnownFullOnly vs Main)
Finished game 254 (KnownFullOnly vs Main): 1-0 {White wins by adjudication}
Score of Main vs KnownFullOnly: 33 - 156 - 67  [0.260] 256
Started game 263 of 1000 (Main vs KnownFullOnly)
Finished game 257 (Main vs KnownFullOnly): 0-1 {Black wins by adjudication}
Score of Main vs KnownFullOnly: 33 - 157 - 67  [0.259] 257
Started game 264 of 1000 (KnownFullOnly vs Main)
Finished game 259 (Main vs KnownFullOnly): 1/2-1/2 {Draw by insufficient mating material}
Score of Main vs KnownFullOnly: 33 - 157 - 68  [0.260] 258
Started game 265 of 1000 (Main vs KnownFullOnly)
Finished game 261 (Main vs KnownFullOnly): 0-1 {Black wins by adjudication}
Score of Main vs KnownFullOnly: 33 - 158 - 68  [0.259] 259
Started game 266 of 1000 (KnownFullOnly vs Main)
Finished game 260 (KnownFullOnly vs Main): 1/2-1/2 {Draw by insufficient mating material}
Score of Main vs KnownFullOnly: 33 - 158 - 69  [0.260] 260
Started game 267 of 1000 (Main vs KnownFullOnly)
Finished game 258 (KnownFullOnly vs Main): 1-0 {White wins by adjudication}
Score of Main vs KnownFullOnly: 33 - 159 - 69  [0.259] 261
Started game 268 of 1000 (KnownFullOnly vs Main)
Finished game 262 (KnownFullOnly vs Main): 1-0 {White wins by adjudication}
Score of Main vs KnownFullOnly: 33 - 160 - 69  [0.258] 262
Started game 269 of 1000 (Main vs KnownFullOnly)
Finished game 263 (Main vs KnownFullOnly): 0-1 {Black wins by adjudication}
Score of Main vs KnownFullOnly: 33 - 161 - 69  [0.257] 263
Started game 270 of 1000 (KnownFullOnly vs Main)
Finished game 264 (KnownFullOnly vs Main): 1-0 {White wins by adjudication}
Score of Main vs KnownFullOnly: 33 - 162 - 69  [0.256] 264
Started game 271 of 1000 (Main vs KnownFullOnly)
Finished game 267 (Main vs KnownFullOnly): 1/2-1/2 {Draw by adjudication}
Score of Main vs KnownFullOnly: 33 - 162 - 70  [0.257] 265
Started game 272 of 1000 (KnownFullOnly vs Main)
Finished game 268 (KnownFullOnly vs Main): 1/2-1/2 {Draw by adjudication}
Score of Main vs KnownFullOnly: 33 - 162 - 71  [0.258] 266
Started game 273 of 1000 (Main vs KnownFullOnly)
Finished game 266 (KnownFullOnly vs Main): 1/2-1/2 {Draw by adjudication}
Score of Main vs KnownFullOnly: 33 - 162 - 72  [0.258] 267
Finished game 271 (Main vs KnownFullOnly): * {No result}
Score of Main vs KnownFullOnly: 33 - 162 - 72  [0.258] 267
Finished game 272 (KnownFullOnly vs Main): * {No result}
Score of Main vs KnownFullOnly: 33 - 162 - 72  [0.258] 267
Finished game 265 (Main vs KnownFullOnly): * {No result}
Score of Main vs KnownFullOnly: 33 - 162 - 72  [0.258] 267
Finished game 273 (Main vs KnownFullOnly): * {No result}
Score of Main vs KnownFullOnly: 33 - 162 - 72  [0.258] 267
Finished game 269 (Main vs KnownFullOnly): * {No result}
Score of Main vs KnownFullOnly: 33 - 162 - 72  [0.258] 267
Finished game 270 (KnownFullOnly vs Main): * {No result}
Score of Main vs KnownFullOnly: 33 - 162 - 72  [0.258] 267
...      Main playing White: 26 - 73 - 34  [0.323] 133
...      Main playing Black: 7 - 89 - 38  [0.194] 134
...      White vs Black: 115 - 80 - 72  [0.566] 267
Elo difference: -183.1 +/- 38.5, LOS: 0.0 %, DrawRatio: 27.0 %
SPRT: llr -2.95 (-100.3%), lbound -2.94, ubound 2.94 - H0 was accepted

Player: Main
   "Draw by 3-fold repetition": 17
   "Draw by adjudication": 26
   "Draw by fifty moves rule": 7
   "Draw by insufficient mating material": 22
   "Loss: Black mates": 2
   "Loss: Black wins by adjudication": 71
   "Loss: White mates": 4
   "Loss: White wins by adjudication": 85
   "No result": 6
   "Win: Black wins by adjudication": 7
   "Win: White mates": 1
   "Win: White wins by adjudication": 25
Player: KnownFullOnly
   "Draw by 3-fold repetition": 17
   "Draw by adjudication": 26
   "Draw by fifty moves rule": 7
   "Draw by insufficient mating material": 22
   "Loss: Black wins by adjudication": 7
   "Loss: White mates": 1
   "Loss: White wins by adjudication": 25
   "No result": 6
   "Win: Black mates": 2
   "Win: Black wins by adjudication": 71
   "Win: White mates": 4
   "Win: White wins by adjudication": 85
Finished match
