Starting/resuming at k=0, theta=[50.0, 50.0]
iter 1/200 c_k=25.00 a_k=2.88 delta=[-1, -1] plus=[25.0, 25.0] minus=[75.0, 75.0] score=0.583 (n=12) -> theta=[50.0, 50.0] [13s]
iter 2/200 c_k=23.31 a_k=2.80 delta=[-1, -1] plus=[26.7, 26.7] minus=[73.3, 73.3] score=0.708 (n=12) -> theta=[50.0, 50.0] [11s]
iter 3/200 c_k=22.37 a_k=2.73 delta=[1, -1] plus=[72.3, 27.6] minus=[27.6, 72.3] score=0.542 (n=12) -> theta=[50.0, 50.0] [14s]
iter 4/200 c_k=21.73 a_k=2.66 delta=[1, -1] plus=[71.7, 28.2] minus=[28.2, 71.7] score=0.458 (n=12) -> theta=[50.0, 50.0] [10s]
iter 5/200 c_k=21.25 a_k=2.59 delta=[1, -1] plus=[71.2, 28.7] minus=[28.7, 71.2] score=0.417 (n=12) -> theta=[50.0, 50.0] [13s]
iter 6/200 c_k=20.86 a_k=2.53 delta=[-1, -1] plus=[29.1, 29.1] minus=[70.8, 70.8] score=0.542 (n=12) -> theta=[50.0, 50.0] [12s]
iter 7/200 c_k=20.54 a_k=2.48 delta=[1, 1] plus=[70.5, 70.5] minus=[29.4, 29.4] score=0.458 (n=12) -> theta=[49.9, 50.0] [13s]
iter 8/200 c_k=20.26 a_k=2.42 delta=[1, 1] plus=[70.2, 70.2] minus=[29.7, 29.7] score=0.583 (n=12) -> theta=[50.0, 50.0] [12s]
iter 9/200 c_k=20.02 a_k=2.37 delta=[1, 1] plus=[70.0, 70.0] minus=[29.9, 30.0] score=0.500 (n=12) -> theta=[50.0, 50.0] [12s]
iter 10/200 c_k=19.81 a_k=2.32 delta=[-1, 1] plus=[30.1, 69.8] minus=[69.8, 30.2] score=0.542 (n=12) -> theta=[50.0, 50.0] [16s]
iter 11/200 c_k=19.62 a_k=2.28 delta=[-1, -1] plus=[30.3, 30.4] minus=[69.6, 69.6] score=0.667 (n=12) -> theta=[49.9, 50.0] [13s]
iter 12/200 c_k=19.45 a_k=2.23 delta=[1, 1] plus=[69.4, 69.4] minus=[30.5, 30.5] score=0.542 (n=12) -> theta=[49.9, 50.0] [12s]
iter 13/200 c_k=19.29 a_k=2.19 delta=[1, 1] plus=[69.2, 69.3] minus=[30.6, 30.7] score=0.583 (n=12) -> theta=[49.9, 50.0] [14s]
iter 14/200 c_k=19.15 a_k=2.15 delta=[1, -1] plus=[69.1, 30.8] minus=[30.8, 69.1] score=0.500 (n=12) -> theta=[49.9, 50.0] [12s]
iter 15/200 c_k=19.02 a_k=2.12 delta=[1, 1] plus=[69.0, 69.0] minus=[30.9, 31.0] score=0.458 (n=12) -> theta=[49.9, 50.0] [12s]
iter 16/200 c_k=18.89 a_k=2.08 delta=[1, -1] plus=[68.8, 31.1] minus=[31.0, 68.9] score=0.458 (n=12) -> theta=[49.9, 50.0] [12s]
iter 17/200 c_k=18.78 a_k=2.05 delta=[-1, -1] plus=[31.2, 31.2] minus=[68.7, 68.8] score=0.458 (n=12) -> theta=[49.9, 50.0] [14s]
iter 18/200 c_k=18.67 a_k=2.01 delta=[-1, -1] plus=[31.3, 31.3] minus=[68.6, 68.7] score=0.417 (n=12) -> theta=[49.9, 50.0] [13s]
iter 19/200 c_k=18.57 a_k=1.98 delta=[1, 1] plus=[68.5, 68.6] minus=[31.4, 31.4] score=0.667 (n=12) -> theta=[50.0, 50.0] [13s]
iter 20/200 c_k=18.47 a_k=1.95 delta=[1, 1] plus=[68.4, 68.5] minus=[31.5, 31.5] score=0.458 (n=12) -> theta=[50.0, 50.0] [9s]
iter 21/200 c_k=18.38 a_k=1.92 delta=[-1, 1] plus=[31.6, 68.4] minus=[68.3, 31.6] score=0.750 (n=12) -> theta=[49.9, 50.0] [9s]
iter 22/200 c_k=18.30 a_k=1.90 delta=[-1, -1] plus=[31.6, 31.7] minus=[68.2, 68.3] score=0.583 (n=12) -> theta=[49.9, 50.0] [12s]
iter 23/200 c_k=18.21 a_k=1.87 delta=[-1, 1] plus=[31.7, 68.2] minus=[68.1, 31.8] score=0.625 (n=12) -> theta=[49.9, 50.0] [13s]
iter 24/200 c_k=18.14 a_k=1.84 delta=[1, -1] plus=[68.1, 31.9] minus=[31.8, 68.2] score=0.458 (n=12) -> theta=[49.9, 50.0] [10s]
iter 25/200 c_k=18.06 a_k=1.82 delta=[1, 1] plus=[68.0, 68.1] minus=[31.8, 32.0] score=0.375 (n=12) -> theta=[49.9, 50.0] [12s]
iter 26/200 c_k=17.99 a_k=1.80 delta=[-1, 1] plus=[31.9, 68.0] minus=[67.9, 32.0] score=0.500 (n=12) -> theta=[49.9, 50.0] [12s]
iter 27/200 c_k=17.92 a_k=1.77 delta=[1, 1] plus=[67.8, 67.9] minus=[32.0, 32.1] score=0.583 (n=12) -> theta=[49.9, 50.0] [12s]
iter 28/200 c_k=17.86 a_k=1.75 delta=[-1, 1] plus=[32.1, 67.9] minus=[67.8, 32.2] score=0.542 (n=12) -> theta=[49.9, 50.0] [11s]
iter 29/200 c_k=17.79 a_k=1.73 delta=[-1, -1] plus=[32.1, 32.2] minus=[67.7, 67.8] score=0.583 (n=12) -> theta=[49.9, 50.0] [17s]
iter 30/200 c_k=17.73 a_k=1.71 delta=[-1, 1] plus=[32.2, 67.8] minus=[67.6, 32.3] score=0.500 (n=12) -> theta=[49.9, 50.0] [12s]
iter 31/200 c_k=17.67 a_k=1.69 delta=[1, 1] plus=[67.6, 67.7] minus=[32.2, 32.4] score=0.625 (n=12) -> theta=[49.9, 50.0] [12s]
iter 32/200 c_k=17.62 a_k=1.67 delta=[1, -1] plus=[67.5, 32.4] minus=[32.3, 67.7] score=0.583 (n=12) -> theta=[49.9, 50.0] [17s]
iter 33/200 c_k=17.56 a_k=1.65 delta=[-1, -1] plus=[32.4, 32.5] minus=[67.5, 67.6] score=0.542 (n=12) -> theta=[49.9, 50.0] [10s]
iter 34/200 c_k=17.51 a_k=1.63 delta=[1, -1] plus=[67.4, 32.5] minus=[32.4, 67.5] score=0.667 (n=12) -> theta=[49.9, 50.0] [11s]
iter 35/200 c_k=17.46 a_k=1.61 delta=[1, -1] plus=[67.4, 32.6] minus=[32.5, 67.5] score=0.625 (n=12) -> theta=[49.9, 50.0] [12s]
iter 36/200 c_k=17.41 a_k=1.60 delta=[1, 1] plus=[67.3, 67.4] minus=[32.5, 32.6] score=0.583 (n=12) -> theta=[49.9, 50.0] [10s]
iter 37/200 c_k=17.36 a_k=1.58 delta=[-1, 1] plus=[32.6, 67.4] minus=[67.3, 32.6] score=0.458 (n=12) -> theta=[49.9, 50.0] [14s]
iter 38/200 c_k=17.31 a_k=1.56 delta=[-1, -1] plus=[32.6, 32.7] minus=[67.3, 67.3] score=0.542 (n=12) -> theta=[49.9, 50.0] [16s]
iter 39/200 c_k=17.27 a_k=1.55 delta=[1, -1] plus=[67.2, 32.7] minus=[32.7, 67.3] score=0.583 (n=12) -> theta=[50.0, 50.0] [10s]
iter 40/200 c_k=17.22 a_k=1.53 delta=[-1, 1] plus=[32.7, 67.2] minus=[67.2, 32.8] score=0.542 (n=12) -> theta=[49.9, 50.0] [14s]
iter 41/200 c_k=17.18 a_k=1.52 delta=[1, 1] plus=[67.1, 67.2] minus=[32.8, 32.8] score=0.542 (n=12) -> theta=[50.0, 50.0] [11s]
iter 42/200 c_k=17.14 a_k=1.50 delta=[-1, -1] plus=[32.8, 32.9] minus=[67.1, 67.1] score=0.625 (n=12) -> theta=[49.9, 50.0] [9s]
iter 43/200 c_k=17.10 a_k=1.49 delta=[1, 1] plus=[67.0, 67.1] minus=[32.8, 32.9] score=0.458 (n=12) -> theta=[49.9, 50.0] [10s]
iter 44/200 c_k=17.06 a_k=1.47 delta=[-1, 1] plus=[32.9, 67.0] minus=[67.0, 32.9] score=0.458 (n=12) -> theta=[49.9, 50.0] [14s]
iter 45/200 c_k=17.02 a_k=1.46 delta=[-1, 1] plus=[32.9, 67.0] minus=[67.0, 33.0] score=0.375 (n=12) -> theta=[50.0, 50.0] [12s]
iter 46/200 c_k=16.98 a_k=1.45 delta=[1, -1] plus=[66.9, 33.0] minus=[33.0, 67.0] score=0.542 (n=12) -> theta=[50.0, 50.0] [14s]
iter 47/200 c_k=16.95 a_k=1.43 delta=[-1, -1] plus=[33.0, 33.0] minus=[66.9, 66.9] score=0.458 (n=12) -> theta=[50.0, 50.0] [14s]
iter 48/200 c_k=16.91 a_k=1.42 delta=[-1, 1] plus=[33.0, 66.9] minus=[66.9, 33.1] score=0.667 (n=12) -> theta=[49.9, 50.0] [14s]
iter 49/200 c_k=16.87 a_k=1.41 delta=[1, 1] plus=[66.8, 66.9] minus=[33.1, 33.1] score=0.583 (n=12) -> theta=[50.0, 50.0] [16s]
iter 50/200 c_k=16.84 a_k=1.39 delta=[-1, 1] plus=[33.1, 66.8] minus=[66.8, 33.2] score=0.542 (n=12) -> theta=[49.9, 50.0] [11s]
iter 51/200 c_k=16.81 a_k=1.38 delta=[-1, -1] plus=[33.1, 33.2] minus=[66.8, 66.8] score=0.375 (n=12) -> theta=[50.0, 50.0] [13s]
iter 52/200 c_k=16.77 a_k=1.37 delta=[1, 1] plus=[66.7, 66.8] minus=[33.2, 33.2] score=0.375 (n=12) -> theta=[49.9, 50.0] [10s]
iter 53/200 c_k=16.74 a_k=1.36 delta=[-1, 1] plus=[33.2, 66.7] minus=[66.7, 33.3] score=0.583 (n=12) -> theta=[49.9, 50.0] [12s]
iter 54/200 c_k=16.71 a_k=1.35 delta=[1, -1] plus=[66.7, 33.3] minus=[33.2, 66.7] score=0.333 (n=12) -> theta=[49.9, 50.0] [14s]
iter 55/200 c_k=16.68 a_k=1.34 delta=[1, -1] plus=[66.6, 33.3] minus=[33.2, 66.7] score=0.542 (n=12) -> theta=[49.9, 50.0] [13s]
iter 56/200 c_k=16.65 a_k=1.33 delta=[-1, -1] plus=[33.3, 33.4] minus=[66.6, 66.7] score=0.458 (n=12) -> theta=[49.9, 50.0] [13s]
iter 57/200 c_k=16.62 a_k=1.32 delta=[-1, 1] plus=[33.3, 66.6] minus=[66.6, 33.4] score=0.458 (n=12) -> theta=[49.9, 50.0] [12s]
iter 58/200 c_k=16.59 a_k=1.31 delta=[-1, -1] plus=[33.3, 33.4] minus=[66.5, 66.6] score=0.500 (n=12) -> theta=[49.9, 50.0] [11s]
iter 59/200 c_k=16.56 a_k=1.30 delta=[-1, 1] plus=[33.4, 66.6] minus=[66.5, 33.5] score=0.500 (n=12) -> theta=[49.9, 50.0] [13s]
iter 60/200 c_k=16.53 a_k=1.29 delta=[1, -1] plus=[66.5, 33.5] minus=[33.4, 66.5] score=0.625 (n=12) -> theta=[49.9, 50.0] [13s]
iter 61/200 c_k=16.51 a_k=1.28 delta=[1, 1] plus=[66.5, 66.5] minus=[33.4, 33.5] score=0.625 (n=12) -> theta=[50.0, 50.0] [15s]
iter 62/200 c_k=16.48 a_k=1.27 delta=[-1, -1] plus=[33.5, 33.5] minus=[66.4, 66.5] score=0.500 (n=12) -> theta=[50.0, 50.0] [12s]
iter 63/200 c_k=16.45 a_k=1.26 delta=[1, 1] plus=[66.4, 66.5] minus=[33.5, 33.6] score=0.500 (n=12) -> theta=[50.0, 50.0] [12s]
iter 64/200 c_k=16.43 a_k=1.25 delta=[1, -1] plus=[66.4, 33.6] minus=[33.5, 66.4] score=0.458 (n=12) -> theta=[50.0, 50.0] [14s]
iter 65/200 c_k=16.40 a_k=1.24 delta=[-1, 1] plus=[33.6, 66.4] minus=[66.4, 33.6] score=0.458 (n=12) -> theta=[50.0, 50.0] [12s]
iter 66/200 c_k=16.37 a_k=1.23 delta=[1, -1] plus=[66.3, 33.6] minus=[33.6, 66.4] score=0.542 (n=12) -> theta=[50.0, 50.0] [14s]
iter 67/200 c_k=16.35 a_k=1.22 delta=[-1, 1] plus=[33.6, 66.4] minus=[66.3, 33.7] score=0.625 (n=12) -> theta=[50.0, 50.0] [12s]
iter 68/200 c_k=16.33 a_k=1.22 delta=[1, 1] plus=[66.3, 66.3] minus=[33.6, 33.7] score=0.500 (n=12) -> theta=[50.0, 50.0] [11s]
iter 69/200 c_k=16.30 a_k=1.21 delta=[1, 1] plus=[66.3, 66.3] minus=[33.7, 33.7] score=0.542 (n=12) -> theta=[50.0, 50.0] [11s]
iter 70/200 c_k=16.28 a_k=1.20 delta=[-1, -1] plus=[33.7, 33.7] minus=[66.2, 66.3] score=0.625 (n=12) -> theta=[49.9, 50.0] [1420s]
iter 71/200 c_k=16.25 a_k=1.19 delta=[1, -1] plus=[66.2, 33.8] minus=[33.7, 66.3] score=0.458 (n=12) -> theta=[49.9, 50.0] [16s]
iter 72/200 c_k=16.23 a_k=1.18 delta=[1, 1] plus=[66.2, 66.2] minus=[33.7, 33.8] score=0.500 (n=12) -> theta=[49.9, 50.0] [9s]
iter 73/200 c_k=16.21 a_k=1.18 delta=[1, -1] plus=[66.2, 33.8] minus=[33.7, 66.2] score=0.417 (n=12) -> theta=[49.9, 50.0] [15s]
iter 74/200 c_k=16.19 a_k=1.17 delta=[-1, 1] plus=[33.8, 66.2] minus=[66.1, 33.8] score=0.417 (n=12) -> theta=[49.9, 50.0] [14s]
iter 75/200 c_k=16.16 a_k=1.16 delta=[1, -1] plus=[66.1, 33.9] minus=[33.8, 66.2] score=0.417 (n=12) -> theta=[49.9, 50.0] [14s]
iter 76/200 c_k=16.14 a_k=1.15 delta=[-1, 1] plus=[33.8, 66.2] minus=[66.1, 33.9] score=0.542 (n=12) -> theta=[49.9, 50.0] [12s]
iter 77/200 c_k=16.12 a_k=1.15 delta=[-1, 1] plus=[33.8, 66.1] minus=[66.1, 33.9] score=0.333 (n=12) -> theta=[49.9, 50.0] [9s]
iter 78/200 c_k=16.10 a_k=1.14 delta=[-1, 1] plus=[33.8, 66.1] minus=[66.0, 33.9] score=0.333 (n=12) -> theta=[50.0, 50.0] [12s]
iter 79/200 c_k=16.08 a_k=1.13 delta=[-1, -1] plus=[33.9, 33.9] minus=[66.0, 66.1] score=0.375 (n=12) -> theta=[50.0, 50.0] [12s]
iter 80/200 c_k=16.06 a_k=1.13 delta=[1, 1] plus=[66.0, 66.1] minus=[33.9, 34.0] score=0.458 (n=12) -> theta=[50.0, 50.0] [14s]
iter 81/200 c_k=16.04 a_k=1.12 delta=[-1, 1] plus=[33.9, 66.0] minus=[66.0, 34.0] score=0.708 (n=12) -> theta=[49.9, 50.0] [12s]
iter 82/200 c_k=16.02 a_k=1.11 delta=[1, -1] plus=[66.0, 34.0] minus=[33.9, 66.0] score=0.417 (n=12) -> theta=[49.9, 50.0] [12s]
iter 83/200 c_k=16.00 a_k=1.11 delta=[1, 1] plus=[65.9, 66.0] minus=[33.9, 34.0] score=0.458 (n=12) -> theta=[49.9, 50.0] [10s]
iter 84/200 c_k=15.98 a_k=1.10 delta=[1, -1] plus=[65.9, 34.0] minus=[34.0, 66.0] score=0.333 (n=12) -> theta=[49.9, 50.0] [14s]
iter 85/200 c_k=15.96 a_k=1.09 delta=[-1, 1] plus=[34.0, 66.0] minus=[65.9, 34.1] score=0.417 (n=12) -> theta=[49.9, 50.0] [14s]
iter 86/200 c_k=15.94 a_k=1.09 delta=[1, -1] plus=[65.9, 34.1] minus=[34.0, 66.0] score=0.458 (n=12) -> theta=[49.9, 50.0] [14s]
iter 87/200 c_k=15.92 a_k=1.08 delta=[-1, 1] plus=[34.0, 66.0] minus=[65.9, 34.1] score=0.500 (n=12) -> theta=[49.9, 50.0] [12s]
iter 88/200 c_k=15.91 a_k=1.07 delta=[1, -1] plus=[65.8, 34.1] minus=[34.0, 65.9] score=0.292 (n=12) -> theta=[49.9, 50.0] [11s]
iter 89/200 c_k=15.89 a_k=1.07 delta=[1, 1] plus=[65.8, 65.9] minus=[34.0, 34.2] score=0.333 (n=12) -> theta=[49.9, 50.0] [12s]
iter 90/200 c_k=15.87 a_k=1.06 delta=[-1, -1] plus=[34.0, 34.2] minus=[65.8, 65.9] score=0.542 (n=12) -> theta=[49.9, 50.0] [10s]
iter 91/200 c_k=15.85 a_k=1.06 delta=[1, 1] plus=[65.8, 65.9] minus=[34.1, 34.2] score=0.583 (n=12) -> theta=[49.9, 50.0] [12s]
iter 92/200 c_k=15.83 a_k=1.05 delta=[-1, 1] plus=[34.1, 65.9] minus=[65.7, 34.2] score=0.417 (n=12) -> theta=[49.9, 50.0] [16s]
iter 93/200 c_k=15.82 a_k=1.05 delta=[-1, -1] plus=[34.1, 34.2] minus=[65.7, 65.9] score=0.667 (n=12) -> theta=[49.9, 50.0] [13s]
iter 94/200 c_k=15.80 a_k=1.04 delta=[1, 1] plus=[65.7, 65.8] minus=[34.1, 34.2] score=0.417 (n=12) -> theta=[49.9, 50.0] [14s]
iter 95/200 c_k=15.78 a_k=1.03 delta=[-1, -1] plus=[34.1, 34.2] minus=[65.7, 65.8] score=0.250 (n=12) -> theta=[49.9, 50.0] [17s]
iter 96/200 c_k=15.77 a_k=1.03 delta=[1, -1] plus=[65.7, 34.3] minus=[34.1, 65.8] score=0.625 (n=12) -> theta=[49.9, 50.0] [18s]
iter 97/200 c_k=15.75 a_k=1.02 delta=[-1, -1] plus=[34.2, 34.3] minus=[65.7, 65.8] score=0.542 (n=12) -> theta=[49.9, 50.0] [10s]
iter 98/200 c_k=15.73 a_k=1.02 delta=[1, -1] plus=[65.7, 34.3] minus=[34.2, 65.8] score=0.458 (n=12) -> theta=[49.9, 50.0] [12s]
iter 99/200 c_k=15.72 a_k=1.01 delta=[-1, 1] plus=[34.2, 65.7] minus=[65.6, 34.3] score=0.667 (n=12) -> theta=[49.9, 50.0] [14s]
iter 100/200 c_k=15.70 a_k=1.01 delta=[-1, 1] plus=[34.2, 65.7] minus=[65.6, 34.3] score=0.208 (n=12) -> theta=[49.9, 50.0] [12s]
iter 101/200 c_k=15.69 a_k=1.00 delta=[1, 1] plus=[65.6, 65.7] minus=[34.2, 34.3] score=0.458 (n=12) -> theta=[49.9, 50.0] [10s]
iter 102/200 c_k=15.67 a_k=1.00 delta=[-1, -1] plus=[34.3, 34.3] minus=[65.6, 65.7] score=0.708 (n=12) -> theta=[49.9, 50.0] [12s]
iter 103/200 c_k=15.65 a_k=0.99 delta=[1, -1] plus=[65.6, 34.3] minus=[34.3, 65.7] score=0.583 (n=12) -> theta=[49.9, 50.0] [12s]
iter 104/200 c_k=15.64 a_k=0.99 delta=[1, 1] plus=[65.6, 65.6] minus=[34.3, 34.4] score=0.542 (n=12) -> theta=[49.9, 50.0] [14s]
iter 105/200 c_k=15.62 a_k=0.98 delta=[-1, 1] plus=[34.3, 65.6] minus=[65.5, 34.4] score=0.667 (n=12) -> theta=[49.9, 50.0] [15s]
iter 106/200 c_k=15.61 a_k=0.98 delta=[-1, -1] plus=[34.3, 34.4] minus=[65.5, 65.6] score=0.417 (n=12) -> theta=[49.9, 50.0] [11s]
iter 107/200 c_k=15.59 a_k=0.97 delta=[-1, -1] plus=[34.3, 34.4] minus=[65.5, 65.6] score=0.208 (n=12) -> theta=[49.9, 50.0] [14s]
iter 108/200 c_k=15.58 a_k=0.97 delta=[1, -1] plus=[65.5, 34.5] minus=[34.4, 65.6] score=0.542 (n=12) -> theta=[49.9, 50.0] [11s]
iter 109/200 c_k=15.57 a_k=0.97 delta=[1, 1] plus=[65.5, 65.6] minus=[34.4, 34.5] score=0.333 (n=12) -> theta=[49.9, 50.0] [11s]
iter 110/200 c_k=15.55 a_k=0.96 delta=[-1, 1] plus=[34.4, 65.6] minus=[65.5, 34.5] score=0.583 (n=12) -> theta=[49.9, 50.0] [14s]
iter 111/200 c_k=15.54 a_k=0.96 delta=[1, 1] plus=[65.5, 65.6] minus=[34.4, 34.5] score=0.500 (n=12) -> theta=[49.9, 50.0] [14s]
iter 112/200 c_k=15.52 a_k=0.95 delta=[-1, 1] plus=[34.4, 65.5] minus=[65.4, 34.5] score=0.417 (n=12) -> theta=[49.9, 50.0] [12s]
iter 113/200 c_k=15.51 a_k=0.95 delta=[-1, -1] plus=[34.4, 34.5] minus=[65.4, 65.5] score=0.375 (n=12) -> theta=[49.9, 50.0] [12s]
iter 114/200 c_k=15.50 a_k=0.94 delta=[-1, 1] plus=[34.4, 65.5] minus=[65.4, 34.5] score=0.583 (n=12) -> theta=[49.9, 50.0] [11s]
iter 115/200 c_k=15.48 a_k=0.94 delta=[1, 1] plus=[65.4, 65.5] minus=[34.4, 34.6] score=0.375 (n=12) -> theta=[49.9, 50.0] [12s]
iter 116/200 c_k=15.47 a_k=0.94 delta=[1, -1] plus=[65.4, 34.6] minus=[34.4, 65.5] score=0.375 (n=12) -> theta=[49.9, 50.0] [16s]
iter 117/200 c_k=15.45 a_k=0.93 delta=[-1, -1] plus=[34.5, 34.6] minus=[65.4, 65.5] score=0.500 (n=12) -> theta=[49.9, 50.0] [11s]
iter 118/200 c_k=15.44 a_k=0.93 delta=[1, -1] plus=[65.4, 34.6] minus=[34.5, 65.5] score=0.667 (n=12) -> theta=[49.9, 50.0] [12s]
iter 119/200 c_k=15.43 a_k=0.92 delta=[1, -1] plus=[65.3, 34.6] minus=[34.5, 65.5] score=0.542 (n=12) -> theta=[49.9, 50.0] [11s]
iter 120/200 c_k=15.41 a_k=0.92 delta=[1, 1] plus=[65.3, 65.4] minus=[34.5, 34.6] score=0.458 (n=12) -> theta=[49.9, 50.0] [11s]
iter 121/200 c_k=15.40 a_k=0.92 delta=[-1, 1] plus=[34.5, 65.4] minus=[65.3, 34.6] score=0.417 (n=12) -> theta=[49.9, 50.0] [15s]
iter 122/200 c_k=15.39 a_k=0.91 delta=[-1, -1] plus=[34.5, 34.6] minus=[65.3, 65.4] score=0.667 (n=12) -> theta=[49.9, 50.0] [13s]
iter 123/200 c_k=15.38 a_k=0.91 delta=[-1, 1] plus=[34.5, 65.4] minus=[65.3, 34.6] score=0.667 (n=12) -> theta=[49.9, 50.0] [13s]
iter 124/200 c_k=15.36 a_k=0.90 delta=[1, -1] plus=[65.3, 34.6] minus=[34.5, 65.4] score=0.542 (n=12) -> theta=[49.9, 50.0] [14s]
iter 125/200 c_k=15.35 a_k=0.90 delta=[1, 1] plus=[65.3, 65.4] minus=[34.6, 34.7] score=0.375 (n=12) -> theta=[49.9, 50.0] [11s]
iter 126/200 c_k=15.34 a_k=0.90 delta=[1, -1] plus=[65.2, 34.7] minus=[34.6, 65.3] score=0.542 (n=12) -> theta=[49.9, 50.0] [13s]
iter 127/200 c_k=15.33 a_k=0.89 delta=[-1, 1] plus=[34.6, 65.3] minus=[65.2, 34.7] score=0.625 (n=12) -> theta=[49.9, 50.0] [13s]
iter 128/200 c_k=15.31 a_k=0.89 delta=[-1, 1] plus=[34.6, 65.3] minus=[65.2, 34.7] score=0.667 (n=12) -> theta=[49.9, 50.0] [13s]
iter 129/200 c_k=15.30 a_k=0.89 delta=[-1, -1] plus=[34.6, 34.7] minus=[65.2, 65.3] score=0.458 (n=12) -> theta=[49.9, 50.0] [14s]
iter 130/200 c_k=15.29 a_k=0.88 delta=[-1, -1] plus=[34.6, 34.7] minus=[65.2, 65.3] score=0.458 (n=12) -> theta=[49.9, 50.0] [10s]
iter 131/200 c_k=15.28 a_k=0.88 delta=[1, -1] plus=[65.2, 34.7] minus=[34.6, 65.3] score=0.375 (n=12) -> theta=[49.9, 50.0] [16s]
iter 132/200 c_k=15.27 a_k=0.87 delta=[-1, -1] plus=[34.6, 34.8] minus=[65.2, 65.3] score=0.792 (n=12) -> theta=[49.9, 50.0] [9s]
iter 133/200 c_k=15.26 a_k=0.87 delta=[1, -1] plus=[65.1, 34.8] minus=[34.6, 65.3] score=0.500 (n=12) -> theta=[49.9, 50.0] [10s]
iter 134/200 c_k=15.24 a_k=0.87 delta=[-1, 1] plus=[34.6, 65.3] minus=[65.1, 34.8] score=0.542 (n=12) -> theta=[49.9, 50.0] [13s]
iter 135/200 c_k=15.23 a_k=0.86 delta=[-1, -1] plus=[34.6, 34.8] minus=[65.1, 65.2] score=0.333 (n=12) -> theta=[49.9, 50.0] [12s]
iter 136/200 c_k=15.22 a_k=0.86 delta=[-1, 1] plus=[34.7, 65.2] minus=[65.1, 34.8] score=0.708 (n=12) -> theta=[49.9, 50.0] [11s]
iter 137/200 c_k=15.21 a_k=0.86 delta=[-1, -1] plus=[34.7, 34.8] minus=[65.1, 65.2] score=0.458 (n=12) -> theta=[49.9, 50.0] [16s]
iter 138/200 c_k=15.20 a_k=0.85 delta=[1, -1] plus=[65.1, 34.8] minus=[34.7, 65.2] score=0.458 (n=12) -> theta=[49.9, 50.0] [12s]
iter 139/200 c_k=15.19 a_k=0.85 delta=[-1, -1] plus=[34.7, 34.9] minus=[65.0, 65.2] score=0.542 (n=12) -> theta=[49.9, 50.0] [14s]
iter 140/200 c_k=15.18 a_k=0.85 delta=[1, 1] plus=[65.0, 65.2] minus=[34.7, 34.9] score=0.333 (n=12) -> theta=[49.9, 50.0] [12s]
iter 141/200 c_k=15.17 a_k=0.84 delta=[1, -1] plus=[65.0, 34.9] minus=[34.7, 65.2] score=0.458 (n=12) -> theta=[49.8, 50.0] [12s]
iter 142/200 c_k=15.16 a_k=0.84 delta=[-1, -1] plus=[34.7, 34.9] minus=[65.0, 65.2] score=0.625 (n=12) -> theta=[49.8, 50.0] [11s]
iter 143/200 c_k=15.14 a_k=0.84 delta=[-1, 1] plus=[34.7, 65.2] minus=[65.0, 34.9] score=0.500 (n=12) -> theta=[49.8, 50.0] [14s]
iter 144/200 c_k=15.13 a_k=0.84 delta=[-1, 1] plus=[34.7, 65.2] minus=[65.0, 34.9] score=0.792 (n=12) -> theta=[49.8, 50.0] [15s]
iter 145/200 c_k=15.12 a_k=0.83 delta=[1, 1] plus=[64.9, 65.2] minus=[34.7, 34.9] score=0.500 (n=12) -> theta=[49.8, 50.0] [10s]
iter 146/200 c_k=15.11 a_k=0.83 delta=[-1, -1] plus=[34.7, 34.9] minus=[64.9, 65.2] score=0.667 (n=12) -> theta=[49.8, 50.0] [13s]
iter 147/200 c_k=15.10 a_k=0.83 delta=[-1, 1] plus=[34.7, 65.1] minus=[64.9, 34.9] score=0.750 (n=12) -> theta=[49.8, 50.0] [14s]
iter 148/200 c_k=15.09 a_k=0.82 delta=[1, 1] plus=[64.9, 65.1] minus=[34.7, 35.0] score=0.458 (n=12) -> theta=[49.8, 50.0] [13s]
iter 149/200 c_k=15.08 a_k=0.82 delta=[-1, -1] plus=[34.7, 35.0] minus=[64.9, 65.1] score=0.542 (n=12) -> theta=[49.8, 50.0] [11s]
iter 150/200 c_k=15.07 a_k=0.82 delta=[-1, 1] plus=[34.7, 65.1] minus=[64.9, 35.0] score=0.250 (n=12) -> theta=[49.8, 50.0] [10s]
iter 151/200 c_k=15.06 a_k=0.81 delta=[-1, 1] plus=[34.7, 65.1] minus=[64.9, 35.0] score=0.375 (n=12) -> theta=[49.8, 50.0] [10s]
iter 152/200 c_k=15.05 a_k=0.81 delta=[-1, -1] plus=[34.8, 35.0] minus=[64.9, 65.1] score=0.583 (n=12) -> theta=[49.8, 50.0] [9s]
iter 153/200 c_k=15.04 a_k=0.81 delta=[1, -1] plus=[64.9, 35.0] minus=[34.8, 65.1] score=0.708 (n=12) -> theta=[49.8, 50.0] [12s]
iter 154/200 c_k=15.03 a_k=0.81 delta=[1, 1] plus=[64.9, 65.0] minus=[34.8, 35.0] score=0.583 (n=12) -> theta=[49.8, 50.0] [10s]
iter 155/200 c_k=15.02 a_k=0.80 delta=[-1, 1] plus=[34.8, 65.0] minus=[64.9, 35.0] score=0.500 (n=12) -> theta=[49.8, 50.0] [9s]
iter 156/200 c_k=15.01 a_k=0.80 delta=[-1, 1] plus=[34.8, 65.0] minus=[64.8, 35.0] score=0.458 (n=12) -> theta=[49.8, 50.0] [14s]
iter 157/200 c_k=15.00 a_k=0.80 delta=[1, 1] plus=[64.8, 65.0] minus=[34.8, 35.0] score=0.417 (n=12) -> theta=[49.8, 50.0] [9s]
iter 158/200 c_k=14.99 a_k=0.80 delta=[1, 1] plus=[64.8, 65.0] minus=[34.8, 35.0] score=0.625 (n=12) -> theta=[49.8, 50.0] [14s]
iter 159/200 c_k=14.98 a_k=0.79 delta=[-1, 1] plus=[34.9, 65.0] minus=[64.8, 35.0] score=0.333 (n=12) -> theta=[49.8, 50.0] [13s]
iter 160/200 c_k=14.97 a_k=0.79 delta=[-1, -1] plus=[34.9, 35.0] minus=[64.8, 65.0] score=0.583 (n=12) -> theta=[49.8, 50.0] [12s]
iter 161/200 c_k=14.96 a_k=0.79 delta=[1, 1] plus=[64.8, 65.0] minus=[34.9, 35.0] score=0.417 (n=12) -> theta=[49.8, 50.0] [11s]
iter 162/200 c_k=14.95 a_k=0.78 delta=[1, -1] plus=[64.8, 35.0] minus=[34.9, 64.9] score=0.458 (n=12) -> theta=[49.8, 50.0] [14s]
iter 163/200 c_k=14.95 a_k=0.78 delta=[-1, -1] plus=[34.9, 35.0] minus=[64.8, 64.9] score=0.708 (n=12) -> theta=[49.8, 50.0] [11s]
iter 164/200 c_k=14.94 a_k=0.78 delta=[1, -1] plus=[64.8, 35.0] minus=[34.9, 64.9] score=0.333 (n=12) -> theta=[49.8, 50.0] [11s]
iter 165/200 c_k=14.93 a_k=0.78 delta=[1, -1] plus=[64.7, 35.1] minus=[34.9, 64.9] score=0.500 (n=12) -> theta=[49.8, 50.0] [13s]
iter 166/200 c_k=14.92 a_k=0.77 delta=[1, 1] plus=[64.7, 64.9] minus=[34.9, 35.1] score=0.500 (n=12) -> theta=[49.8, 50.0] [10s]
iter 167/200 c_k=14.91 a_k=0.77 delta=[1, 1] plus=[64.7, 64.9] minus=[34.9, 35.1] score=0.667 (n=12) -> theta=[49.8, 50.0] [10s]
iter 168/200 c_k=14.90 a_k=0.77 delta=[-1, 1] plus=[34.9, 64.9] minus=[64.7, 35.1] score=0.500 (n=12) -> theta=[49.8, 50.0] [13s]
iter 169/200 c_k=14.89 a_k=0.77 delta=[1, 1] plus=[64.7, 64.9] minus=[34.9, 35.1] score=0.458 (n=12) -> theta=[49.8, 50.0] [10s]
iter 170/200 c_k=14.88 a_k=0.76 delta=[-1, -1] plus=[34.9, 35.1] minus=[64.7, 64.9] score=0.417 (n=12) -> theta=[49.8, 50.0] [14s]
iter 171/200 c_k=14.87 a_k=0.76 delta=[1, 1] plus=[64.7, 64.9] minus=[34.9, 35.1] score=0.458 (n=12) -> theta=[49.8, 50.0] [12s]
iter 172/200 c_k=14.86 a_k=0.76 delta=[-1, -1] plus=[35.0, 35.1] minus=[64.7, 64.9] score=0.542 (n=12) -> theta=[49.8, 50.0] [15s]
iter 173/200 c_k=14.86 a_k=0.76 delta=[1, -1] plus=[64.7, 35.1] minus=[35.0, 64.9] score=0.292 (n=12) -> theta=[49.8, 50.0] [12s]
iter 174/200 c_k=14.85 a_k=0.76 delta=[1, -1] plus=[64.7, 35.2] minus=[35.0, 64.9] score=0.667 (n=12) -> theta=[49.8, 50.0] [10s]
iter 175/200 c_k=14.84 a_k=0.75 delta=[-1, -1] plus=[35.0, 35.2] minus=[64.7, 64.8] score=0.542 (n=12) -> theta=[49.8, 50.0] [10s]
iter 176/200 c_k=14.83 a_k=0.75 delta=[1, 1] plus=[64.6, 64.8] minus=[35.0, 35.2] score=0.625 (n=12) -> theta=[49.8, 50.0] [10s]
iter 177/200 c_k=14.82 a_k=0.75 delta=[1, -1] plus=[64.6, 35.2] minus=[35.0, 64.8] score=0.625 (n=12) -> theta=[49.8, 50.0] [11s]
iter 178/200 c_k=14.81 a_k=0.75 delta=[1, 1] plus=[64.6, 64.8] minus=[35.0, 35.2] score=0.375 (n=12) -> theta=[49.8, 50.0] [14s]
iter 179/200 c_k=14.80 a_k=0.74 delta=[-1, 1] plus=[35.0, 64.8] minus=[64.6, 35.2] score=0.500 (n=12) -> theta=[49.8, 50.0] [14s]
iter 180/200 c_k=14.80 a_k=0.74 delta=[-1, -1] plus=[35.0, 35.2] minus=[64.6, 64.8] score=0.375 (n=12) -> theta=[49.8, 50.0] [11s]
iter 181/200 c_k=14.79 a_k=0.74 delta=[1, -1] plus=[64.6, 35.2] minus=[35.0, 64.8] score=0.375 (n=12) -> theta=[49.8, 50.0] [13s]
iter 182/200 c_k=14.78 a_k=0.74 delta=[1, -1] plus=[64.6, 35.2] minus=[35.0, 64.8] score=0.417 (n=12) -> theta=[49.8, 50.0] [14s]
iter 183/200 c_k=14.77 a_k=0.73 delta=[1, 1] plus=[64.6, 64.8] minus=[35.0, 35.2] score=0.542 (n=12) -> theta=[49.8, 50.0] [14s]
iter 184/200 c_k=14.76 a_k=0.73 delta=[1, -1] plus=[64.6, 35.2] minus=[35.1, 64.8] score=0.625 (n=12) -> theta=[49.8, 50.0] [16s]
iter 185/200 c_k=14.76 a_k=0.73 delta=[1, -1] plus=[64.6, 35.2] minus=[35.1, 64.8] score=0.375 (n=12) -> theta=[49.8, 50.0] [11s]
iter 186/200 c_k=14.75 a_k=0.73 delta=[-1, -1] plus=[35.1, 35.3] minus=[64.6, 64.8] score=0.333 (n=12) -> theta=[49.8, 50.0] [10s]
iter 187/200 c_k=14.74 a_k=0.73 delta=[-1, -1] plus=[35.1, 35.3] minus=[64.6, 64.8] score=0.542 (n=12) -> theta=[49.8, 50.0] [14s]
iter 188/200 c_k=14.73 a_k=0.72 delta=[1, -1] plus=[64.6, 35.3] minus=[35.1, 64.7] score=0.500 (n=12) -> theta=[49.8, 50.0] [11s]
iter 189/200 c_k=14.72 a_k=0.72 delta=[-1, -1] plus=[35.1, 35.3] minus=[64.5, 64.7] score=0.583 (n=12) -> theta=[49.8, 50.0] [12s]
iter 190/200 c_k=14.72 a_k=0.72 delta=[1, -1] plus=[64.5, 35.3] minus=[35.1, 64.7] score=0.417 (n=12) -> theta=[49.8, 50.0] [13s]
iter 191/200 c_k=14.71 a_k=0.72 delta=[-1, -1] plus=[35.1, 35.3] minus=[64.5, 64.7] score=0.625 (n=12) -> theta=[49.8, 50.0] [10s]
iter 192/200 c_k=14.70 a_k=0.72 delta=[1, 1] plus=[64.5, 64.7] minus=[35.1, 35.3] score=0.542 (n=12) -> theta=[49.8, 50.0] [11s]
iter 193/200 c_k=14.69 a_k=0.71 delta=[-1, -1] plus=[35.1, 35.3] minus=[64.5, 64.7] score=0.500 (n=12) -> theta=[49.8, 50.0] [15s]
iter 194/200 c_k=14.68 a_k=0.71 delta=[-1, 1] plus=[35.1, 64.7] minus=[64.5, 35.3] score=0.542 (n=12) -> theta=[49.8, 50.0] [10s]
iter 195/200 c_k=14.68 a_k=0.71 delta=[1, -1] plus=[64.5, 35.3] minus=[35.1, 64.7] score=0.667 (n=12) -> theta=[49.8, 50.0] [12s]
iter 196/200 c_k=14.67 a_k=0.71 delta=[-1, 1] plus=[35.1, 64.7] minus=[64.5, 35.3] score=0.583 (n=12) -> theta=[49.8, 50.0] [13s]
iter 197/200 c_k=14.66 a_k=0.71 delta=[-1, 1] plus=[35.2, 64.7] minus=[64.5, 35.3] score=0.292 (n=12) -> theta=[49.8, 50.0] [11s]
iter 198/200 c_k=14.65 a_k=0.70 delta=[1, 1] plus=[64.5, 64.7] minus=[35.2, 35.3] score=0.375 (n=12) -> theta=[49.8, 50.0] [12s]
iter 199/200 c_k=14.65 a_k=0.70 delta=[-1, 1] plus=[35.2, 64.6] minus=[64.5, 35.3] score=0.458 (n=12) -> theta=[49.8, 50.0] [13s]
iter 200/200 c_k=14.64 a_k=0.70 delta=[1, -1] plus=[64.5, 35.4] minus=[35.2, 64.6] score=0.500 (n=12) -> theta=[49.8, 50.0] [13s]
SPSA DONE, final theta: [49.81995820895412, 49.99328157832464]
