ply 0 (W, Adapter): e2e4  [wtime=599999ms btime=600000ms]
ply 1 (B, RubiChess): e7e5  [wtime=599999ms btime=572142ms]
ply 2 (W, Adapter): f2f4  [wtime=599999ms btime=572142ms]
ply 3 (B, RubiChess): e5f4  [wtime=599999ms btime=561930ms]
ply 4 (W, Adapter): g1f3  [wtime=599999ms btime=561930ms]
ply 5 (B, RubiChess): g7g5  [wtime=599999ms btime=550909ms]
ply 6 (W, Adapter): h2h4  [wtime=599999ms btime=550909ms]
ply 7 (B, RubiChess): g5g4  [wtime=599999ms btime=538272ms]
ply 8 (W, Adapter): f3e5  [wtime=599999ms btime=538272ms]
ply 9 (B, RubiChess): d8e7  [wtime=599999ms btime=522110ms]
ply 10 (W, Adapter): e5d3  [wtime=586021ms btime=522110ms]
ply 11 (B, RubiChess): g8f6  [wtime=586021ms btime=503968ms]
ply 12 (W, Adapter): b1c3  [wtime=574540ms btime=503968ms]
ply 13 (B, RubiChess): f8h6  [wtime=574540ms btime=494606ms]
ply 14 (W, Adapter): e4e5  [wtime=563043ms btime=494606ms]
ply 15 (B, RubiChess): d7d6  [wtime=563043ms btime=488430ms]
ply 16 (W, Adapter): d1e2  [wtime=551390ms btime=488430ms]
ply 17 (B, RubiChess): d6e5  [wtime=551390ms btime=482243ms]
ply 18 (W, Adapter): e2e5  [wtime=542227ms btime=482243ms]
ply 19 (B, RubiChess): b8c6  [wtime=542227ms btime=469057ms]
ply 20 (W, Adapter): e5e7  [wtime=525113ms btime=469057ms]
ply 21 (B, RubiChess): c6e7  [wtime=525113ms btime=460471ms]
ply 22 (W, Adapter): c3b5  [wtime=477208ms btime=460471ms]
ply 23 (B, RubiChess): e7d5  [wtime=477208ms btime=452695ms]
ply 24 (W, Adapter): f1e2  [wtime=450764ms btime=452695ms]
ply 25 (B, RubiChess): f6h5  [wtime=450764ms btime=445070ms]
ply 26 (W, Adapter): c2c4  [wtime=443860ms btime=445070ms]
ply 27 (B, RubiChess): a7a6  [wtime=443860ms btime=435701ms]
ply 28 (W, Adapter): c4d5  [wtime=431427ms btime=435701ms]
ply 29 (B, RubiChess): a6b5  [wtime=431427ms btime=429062ms]
ply 30 (W, Adapter): d3e5  [wtime=421775ms btime=429062ms]
ply 31 (B, RubiChess): h5g3  [wtime=421775ms btime=418702ms]
ply 32 (W, Adapter): e2b5  [wtime=411786ms btime=418702ms]
ply 33 (B, RubiChess): e8f8  [wtime=411786ms btime=411876ms]
ply 34 (W, Adapter): h1g1  [wtime=385972ms btime=411876ms]
ply 35 (B, RubiChess): f8g7  [wtime=385972ms btime=404908ms]
ply 36 (W, Adapter): e1d1  [wtime=373437ms btime=404908ms]
ply 37 (B, RubiChess): f7f6  [wtime=373437ms btime=398881ms]
ply 38 (W, Adapter): e5d3  [wtime=363479ms btime=398881ms]
ply 39 (B, RubiChess): g3f5  [wtime=363479ms btime=391320ms]
ply 40 (W, Adapter): b5c4  [wtime=334241ms btime=391320ms]
ply 41 (B, RubiChess): f5h4  [wtime=334241ms btime=386394ms]
ply 42 (W, Adapter): d3c5  [wtime=329850ms btime=386394ms]
ply 43 (B, RubiChess): h6g5  [wtime=329850ms btime=377932ms]
ply 44 (W, Adapter): c5e6  [wtime=323405ms btime=377932ms]
ply 45 (B, RubiChess): c8e6  [wtime=323405ms btime=373229ms]
ply 46 (W, Adapter): d5e6  [wtime=318813ms btime=373229ms]
ply 47 (B, RubiChess): h7h5  [wtime=318813ms btime=367922ms]
ply 48 (W, Adapter): d1c2  [wtime=309834ms btime=367922ms]
ply 49 (B, RubiChess): a8d8  [wtime=309834ms btime=361952ms]
ply 50 (W, Adapter): d2d3  [wtime=256407ms btime=361952ms]
ply 51 (B, RubiChess): g7g6  [wtime=256407ms btime=357368ms]
ply 52 (W, Adapter): c2c3  [wtime=225106ms btime=357368ms]
ply 53 (B, RubiChess): f6f5  [wtime=225106ms btime=349957ms]
ply 54 (W, Adapter): a2a3  [wtime=213220ms btime=349957ms]
ply 55 (B, RubiChess): g5f6  [wtime=213220ms btime=344018ms]
ply 56 (W, Adapter): c3b3  [wtime=201261ms btime=344018ms]
ply 57 (B, RubiChess): f4f3  [wtime=201261ms btime=338752ms]
ply 58 (W, Adapter): g2g3  [wtime=194711ms btime=338752ms]
ply 59 (B, RubiChess): h4g2  [wtime=194711ms btime=331148ms]
ply 60 (W, Adapter): c1d2  [wtime=188944ms btime=331148ms]
ply 61 (B, RubiChess): f6e5  [wtime=188944ms btime=326421ms]
ply 62 (W, Adapter): a3a4  [wtime=159288ms btime=326421ms]
ply 63 (B, RubiChess): e5g3  [wtime=159288ms btime=320032ms]
ply 64 (W, Adapter): a4a5  [wtime=148970ms btime=320032ms]
ply 65 (B, RubiChess): h5h4  [wtime=148970ms btime=315745ms]
ply 66 (W, Adapter): g1f1  [wtime=140283ms btime=315745ms]
ply 67 (B, RubiChess): h8e8  [wtime=140283ms btime=310494ms]
ply 68 (W, Adapter): a5a6  [wtime=136465ms btime=310494ms]
ply 69 (B, RubiChess): b7a6  [wtime=136465ms btime=304289ms]
ply 70 (W, Adapter): a1a6  [wtime=133958ms btime=304289ms]
ply 71 (B, RubiChess): g3f4  [wtime=133958ms btime=298003ms]
ply 72 (W, Adapter): b3c2  [wtime=123283ms btime=298003ms]
ply 73 (B, RubiChess): f4d2  [wtime=123283ms btime=289040ms]
ply 74 (W, Adapter): c2d2  [wtime=120111ms btime=289040ms]
ply 75 (B, RubiChess): g6g5  [wtime=120111ms btime=284068ms]
ply 76 (W, Adapter): b2b4  [wtime=114680ms btime=284068ms]
ply 77 (B, RubiChess): h4h3  [wtime=114680ms btime=280183ms]
ply 78 (W, Adapter): a6c6  [wtime=109163ms btime=280183ms]
ply 79 (B, RubiChess): g5f4  [wtime=109163ms btime=272835ms]
ply 80 (W, Adapter): f1c1  [wtime=86848ms btime=272835ms]
ply 81 (B, RubiChess): g2e3  [wtime=86848ms btime=266451ms]
ply 82 (W, Adapter): c6c7  [wtime=82202ms btime=266451ms]
ply 83 (B, RubiChess): h3h2  [wtime=82202ms btime=262614ms]
ply 84 (W, Adapter): c7h7  [wtime=67637ms btime=262614ms]
ply 85 (B, RubiChess): e3c4  [wtime=67637ms btime=258248ms]
ply 86 (W, Adapter): c1c4  [wtime=66071ms btime=258248ms]
ply 87 (B, RubiChess): f4g3  [wtime=66071ms btime=253932ms]
ply 88 (W, Adapter): c4c1  [wtime=64100ms btime=253932ms]
ply 89 (B, RubiChess): g3g2  [wtime=64100ms btime=248071ms]
ply 90 (W, Adapter): d2e3  [wtime=56117ms btime=248071ms]
ply 91 (B, RubiChess): e8e6  [wtime=56117ms btime=244088ms]
ply 92 (W, Adapter): e3f4  [wtime=53053ms btime=244088ms]
ply 93 (B, RubiChess): f3f2  [wtime=53053ms btime=241110ms]
ply 94 (W, Adapter): b4b5  [wtime=47304ms btime=241110ms]
ply 95 (B, RubiChess): g4g3  [wtime=47304ms btime=237607ms]
ply 96 (W, Adapter): b5b6  [wtime=45726ms btime=237607ms]
ply 97 (B, RubiChess): d8d4  [wtime=45726ms btime=234166ms]
ply 98 (W, Adapter): f4f5  [wtime=43476ms btime=234166ms]
ply 99 (B, RubiChess): e6e1  [wtime=43476ms btime=232978ms]
ply 100 (W, Adapter): c1c2  [wtime=38398ms btime=232978ms]
ply 101 (B, RubiChess): h2h1q  [wtime=38398ms btime=232960ms]
ply 102 (W, Adapter): h7h1  [wtime=30621ms btime=232960ms]
ply 103 (B, RubiChess): g2h1  [wtime=30621ms btime=232958ms]
ply 104 (W, Adapter): f5g6  [wtime=27056ms btime=232958ms]
ply 105 (B, RubiChess): f2f1q  [wtime=27056ms btime=232953ms]
ply 106 (W, Adapter): c2h2  [wtime=21576ms btime=232953ms]
ply 107 (B, RubiChess): g3h2  [wtime=21576ms btime=232953ms]
ply 108 (W, Adapter): g6g5  [wtime=20358ms btime=232953ms]
ply 109 (B, RubiChess): f1g2  [wtime=20358ms btime=232952ms]
ply 110 (W, Adapter): g5f5  [wtime=17880ms btime=232952ms]
ply 111 (B, RubiChess): g2g4  [wtime=17880ms btime=232951ms]
ply 112 (W, Adapter): f5f6  [wtime=17776ms btime=232951ms]
ply 113 (B, RubiChess): d4f4  [wtime=17776ms btime=232951ms]
ply 114: game over, result=0-1 (Outcome(termination=<Termination.CHECKMATE: 1>, winner=False))
DONE, result: 0-1
