ply 0 (W, Adapter): d2d4  [wtime=585049ms btime=600000ms]
ply 1 (B, RubiChess): d7d5  [wtime=585049ms btime=564870ms]
ply 2 (W, Adapter): c2c4  [wtime=491830ms btime=564870ms]
ply 3 (B, RubiChess): e7e6  [wtime=491830ms btime=550746ms]
ply 4 (W, Adapter): b1c3  [wtime=442173ms btime=550746ms]
ply 5 (B, RubiChess): g8f6  [wtime=442173ms btime=535838ms]
ply 6 (W, Adapter): e2e3  [wtime=407109ms btime=535838ms]
ply 7 (B, RubiChess): f8d6  [wtime=407109ms btime=492992ms]
ply 8 (W, Adapter): c4c5  [wtime=377310ms btime=492992ms]
ply 9 (B, RubiChess): d6e7  [wtime=377310ms btime=485362ms]
ply 10 (W, Adapter): a2a3  [wtime=371565ms btime=485362ms]
ply 11 (B, RubiChess): b7b6  [wtime=371565ms btime=457466ms]
ply 12 (W, Adapter): b2b4  [wtime=361635ms btime=457466ms]
ply 13 (B, RubiChess): a7a5  [wtime=361635ms btime=439686ms]
ply 14 (W, Adapter): c1d2  [wtime=354853ms btime=439686ms]
ply 15 (B, RubiChess): c7c6  [wtime=354853ms btime=425965ms]
ply 16 (W, Adapter): g1f3  [wtime=345492ms btime=425965ms]
ply 17 (B, RubiChess): b8d7  [wtime=345492ms btime=416154ms]
ply 18 (W, Adapter): a1b1  [wtime=326461ms btime=416154ms]
ply 19 (B, RubiChess): a5b4  [wtime=326461ms btime=391520ms]
ply 20 (W, Adapter): a3b4  [wtime=318808ms btime=391520ms]
ply 21 (B, RubiChess): e8g8  [wtime=318808ms btime=383014ms]
ply 22 (W, Adapter): b4b5  [wtime=294057ms btime=383014ms]
ply 23 (B, RubiChess): c8b7  [wtime=294057ms btime=366422ms]
ply 24 (W, Adapter): b5c6  [wtime=289271ms btime=366422ms]
ply 25 (B, RubiChess): b7c6  [wtime=289271ms btime=357575ms]
ply 26 (W, Adapter): c5b6  [wtime=281974ms btime=357575ms]
ply 27 (B, RubiChess): d7b6  [wtime=281974ms btime=353028ms]
ply 28 (W, Adapter): f1d3  [wtime=276316ms btime=353028ms]
ply 29 (B, RubiChess): b6c4  [wtime=276316ms btime=345880ms]
ply 30 (W, Adapter): d3c4  [wtime=270116ms btime=345880ms]
ply 31 (B, RubiChess): d5c4  [wtime=270116ms btime=339139ms]
ply 32 (W, Adapter): f3e5  [wtime=254962ms btime=339139ms]
ply 33 (B, RubiChess): c6g2  [wtime=254962ms btime=330946ms]
ply 34 (W, Adapter): h1g1  [wtime=249789ms btime=330946ms]
ply 35 (B, RubiChess): g2d5  [wtime=249789ms btime=322915ms]
ply 36 (W, Adapter): e3e4  [wtime=242801ms btime=322915ms]
ply 37 (B, RubiChess): d5e4  [wtime=242801ms btime=316369ms]
ply 38 (W, Adapter): c3e4  [wtime=239041ms btime=316369ms]
ply 39 (B, RubiChess): d8d4  [wtime=239041ms btime=307944ms]
ply 40 (W, Adapter): e4f6  [wtime=232970ms btime=307944ms]
ply 41 (B, RubiChess): e7f6  [wtime=232970ms btime=300933ms]
ply 42 (W, Adapter): e5g4  [wtime=229074ms btime=300933ms]
ply 43 (B, RubiChess): d4e4  [wtime=229074ms btime=293494ms]
ply 44 (W, Adapter): e1f1  [wtime=225461ms btime=293494ms]
ply 45 (B, RubiChess): f6d4  [wtime=225461ms btime=284438ms]
ply 46 (W, Adapter): b1c1  [wtime=221978ms btime=284438ms]
ply 47 (B, RubiChess): h7h5  [wtime=221978ms btime=278171ms]
ply 48 (W, Adapter): g4e3  [wtime=215519ms btime=278171ms]
ply 49 (B, RubiChess): f8c8  [wtime=215519ms btime=271952ms]
ply 50 (W, Adapter): d1c2  [wtime=211666ms btime=271952ms]
ply 51 (B, RubiChess): e4f4  [wtime=211666ms btime=263405ms]
ply 52 (W, Adapter): d2c3  [wtime=202982ms btime=263405ms]
ply 53 (B, RubiChess): d4e3  [wtime=202982ms btime=254808ms]
ply 54 (W, Adapter): c3g7  [wtime=197378ms btime=254808ms]
ply 55 (B, RubiChess): f4f2  [wtime=197378ms btime=246590ms]
ply 56 (W, Adapter): c2f2  [wtime=197261ms btime=246590ms]
ply 57 (B, RubiChess): e3f2  [wtime=197261ms btime=242722ms]
ply 58 (W, Adapter): f1f2  [wtime=193807ms btime=242722ms]
ply 59 (B, RubiChess): g8h7  [wtime=193807ms btime=236345ms]
ply 60 (W, Adapter): f2e3  [wtime=177708ms btime=236345ms]
ply 61 (B, RubiChess): c8g8  [wtime=177708ms btime=230569ms]
ply 62 (W, Adapter): g7e5  [wtime=168402ms btime=230569ms]
ply 63 (B, RubiChess): a8a5  [wtime=168402ms btime=226215ms]
ply 64 (W, Adapter): e5c3  [wtime=160580ms btime=226215ms]
ply 65 (B, RubiChess): g8g1  [wtime=160580ms btime=222381ms]
ply 66 (W, Adapter): c1g1  [wtime=157663ms btime=222381ms]
ply 67 (B, RubiChess): a5a2  [wtime=157663ms btime=215521ms]
ply 68 (W, Adapter): h2h4  [wtime=148970ms btime=215521ms]
ply 69 (B, RubiChess): a2h2  [wtime=148970ms btime=209399ms]
ply 70 (W, Adapter): g1f1  [wtime=133833ms btime=209399ms]
ply 71 (B, RubiChess): h2h4  [wtime=133833ms btime=201037ms]
ply 72 (W, Adapter): f1f7  [wtime=130575ms btime=201037ms]
ply 73 (B, RubiChess): h7g6  [wtime=130575ms btime=195683ms]
ply 74 (W, Adapter): f7f1  [wtime=128359ms btime=195683ms]
ply 75 (B, RubiChess): h4h3  [wtime=128359ms btime=189152ms]
ply 76 (W, Adapter): e3d4  [wtime=125871ms btime=189152ms]
ply 77 (B, RubiChess): e6e5  [wtime=125871ms btime=185512ms]
ply 78 (W, Adapter): d4c4  [wtime=124098ms btime=185512ms]
ply 79 (B, RubiChess): e5e4  [wtime=124098ms btime=183117ms]
ply 80 (W, Adapter): c3d4  [wtime=121338ms btime=183117ms]
ply 81 (B, RubiChess): h5h4  [wtime=121338ms btime=176266ms]
ply 82 (W, Adapter): c4d5  [wtime=119308ms btime=176266ms]
ply 83 (B, RubiChess): e4e3  [wtime=119308ms btime=169692ms]
ply 84 (W, Adapter): d5e4  [wtime=117148ms btime=169692ms]
ply 85 (B, RubiChess): e3e2  [wtime=117148ms btime=164729ms]
ply 86 (W, Adapter): f1e1  [wtime=114839ms btime=164729ms]
ply 87 (B, RubiChess): h3a3  [wtime=114839ms btime=160635ms]
ply 88 (W, Adapter): e1e2  [wtime=112803ms btime=160635ms]
ply 89 (B, RubiChess): a3a5  [wtime=112803ms btime=149755ms]
ply 90 (W, Adapter): e4f3  [wtime=107876ms btime=149755ms]
ply 91 (B, RubiChess): a5a4  [wtime=107876ms btime=144436ms]
ply 92 (W, Adapter): e2e4  [wtime=103049ms btime=144436ms]
ply 93 (B, RubiChess): h4h3  [wtime=103049ms btime=137871ms]
ply 94 (W, Adapter): f3f2  [wtime=100788ms btime=137871ms]
ply 95 (B, RubiChess): h3h2  [wtime=100788ms btime=129451ms]
ply 96 (W, Adapter): f2g2  [wtime=97278ms btime=129451ms]
ply 97 (B, RubiChess): h2h1r  [wtime=97278ms btime=123044ms]
ply 98 (W, Adapter): g2h1  [wtime=95416ms btime=123044ms]
ply 99 (B, RubiChess): g6f5  [wtime=95416ms btime=120117ms]
ply 100 (W, Adapter): e4h4  [wtime=93731ms btime=120117ms]
ply 101 (B, RubiChess): a4c4  [wtime=93731ms btime=114050ms]
ply 102 (W, Adapter): h1g1  [wtime=91921ms btime=114050ms]
ply 103 (B, RubiChess): c4c2  [wtime=91921ms btime=105294ms]
ply 104 (W, Adapter): h4h8  [wtime=90323ms btime=105294ms]
ply 105 (B, RubiChess): f5e4  [wtime=90323ms btime=98943ms]
ply 106 (W, Adapter): d4a7  [wtime=88197ms btime=98943ms]
ply 107 (B, RubiChess): c2c3  [wtime=88197ms btime=93976ms]
ply 108 (W, Adapter): a7f2  [wtime=86030ms btime=93976ms]
ply 109 (B, RubiChess): c3c1  [wtime=86030ms btime=82335ms]
ply 110 (W, Adapter): g1g2  [wtime=83518ms btime=82335ms]
ply 111 (B, RubiChess): c1c3  [wtime=83518ms btime=79963ms]
ply 112 (W, Adapter): f2b6  [wtime=79623ms btime=79963ms]
ply 113 (B, RubiChess): e4f4  [wtime=79623ms btime=67103ms]
ply 114 (W, Adapter): h8f8  [wtime=75652ms btime=67103ms]
ply 115 (B, RubiChess): f4e4  [wtime=75652ms btime=65327ms]
ply 116 (W, Adapter): f8a8  [wtime=74160ms btime=65327ms]
ply 117 (B, RubiChess): e4f5  [wtime=74160ms btime=62335ms]
ply 118 (W, Adapter): a8a4  [wtime=72789ms btime=62335ms]
ply 119 (B, RubiChess): f5e6  [wtime=72789ms btime=60039ms]
ply 120 (W, Adapter): a4b4  [wtime=70862ms btime=60039ms]
ply 121 (B, RubiChess): e6d5  [wtime=70862ms btime=57423ms]
ply 122 (W, Adapter): b6f2  [wtime=68576ms btime=57423ms]
ply 123 (B, RubiChess): d5e6  [wtime=68576ms btime=52947ms]
ply 124 (W, Adapter): f2d4  [wtime=67477ms btime=52947ms]
ply 125 (B, RubiChess): c3d3  [wtime=67477ms btime=46424ms]
ply 126 (W, Adapter): g2f2  [wtime=64628ms btime=46424ms]
ply 127 (B, RubiChess): d3d2  [wtime=64628ms btime=45535ms]
ply 128 (W, Adapter): f2f3  [wtime=61527ms btime=45535ms]
ply 129 (B, RubiChess): d2h2  [wtime=61527ms btime=44081ms]
ply 130 (W, Adapter): d4f2  [wtime=60405ms btime=44081ms]
ply 131 (B, RubiChess): h2h3  [wtime=60405ms btime=36677ms]
ply 132 (W, Adapter): f2g3  [wtime=59302ms btime=36677ms]
ply 133 (B, RubiChess): e6f5  [wtime=59302ms btime=33041ms]
ply 134 (W, Adapter): b4b5  [wtime=57138ms btime=33041ms]
ply 135 (B, RubiChess): f5e6  [wtime=57138ms btime=30995ms]
ply 136 (W, Adapter): b5b1  [wtime=56003ms btime=30995ms]
ply 137 (B, RubiChess): h3h6  [wtime=56003ms btime=30280ms]
ply 138 (W, Adapter): b1b6  [wtime=55055ms btime=30280ms]
ply 139 (B, RubiChess): e6d5  [wtime=55055ms btime=28984ms]
ply 140 (W, Adapter): b6h6  [wtime=53936ms btime=28984ms]
ply 141 (B, RubiChess): d5d4  [wtime=53936ms btime=28068ms]
ply 142 (W, Adapter): g3f2  [wtime=50115ms btime=28068ms]
ply 143 (B, RubiChess): d4e5  [wtime=50115ms btime=24680ms]
ply 144 (W, Adapter): h6c6  [wtime=47379ms btime=24680ms]
ply 145 (B, RubiChess): e5d5  [wtime=47379ms btime=24232ms]
ply 146 (W, Adapter): c6c1  [wtime=36755ms btime=24232ms]
ply 147 (B, RubiChess): d5e5  [wtime=36755ms btime=22844ms]
ply 148 (W, Adapter): f2g3  [wtime=35101ms btime=22844ms]
ply 149 (B, RubiChess): e5d4  [wtime=35101ms btime=21478ms]
ply 150 (W, Adapter): g3d6  [wtime=32213ms btime=21478ms]
ply 151 (B, RubiChess): d4d3  [wtime=32213ms btime=21031ms]
ply 152 (W, Adapter): d6e5  [wtime=29198ms btime=21031ms]
ply 153 (B, RubiChess): d3d2  [wtime=29198ms btime=21026ms]
ply 154 (W, Adapter): c1c3  [wtime=28988ms btime=21026ms]
ply 155 (B, RubiChess): d2e1  [wtime=28988ms btime=20892ms]
ply 156 (W, Adapter): c3d3  [wtime=28755ms btime=20892ms]
ply 157 (B, RubiChess): e1f1  [wtime=28755ms btime=20888ms]
ply 158 (W, Adapter): d3d1  [wtime=28625ms btime=20888ms]
ply 159: game over, result=1-0 (Outcome(termination=<Termination.CHECKMATE: 1>, winner=True))
DONE, game 1 adapter_white= True result: 1-0
