ply 0 (W, RubiChess): e2e4  [wtime=581747ms btime=600000ms]
ply 1 (B, Adapter): d7d6  [wtime=581747ms btime=537776ms]
ply 2 (W, RubiChess): d2d4  [wtime=566391ms btime=537776ms]
ply 3 (B, Adapter): e7e5  [wtime=566391ms btime=527460ms]
ply 4 (W, RubiChess): d4e5  [wtime=558067ms btime=527460ms]
ply 5 (B, Adapter): d8e7  [wtime=558067ms btime=502084ms]
ply 6 (W, RubiChess): e5d6  [wtime=539746ms btime=502084ms]
ply 7 (B, Adapter): e7e4  [wtime=539746ms btime=494307ms]
ply 8 (W, RubiChess): c1e3  [wtime=531372ms btime=494307ms]
ply 9 (B, Adapter): e4c6  [wtime=531372ms btime=480828ms]
ply 10 (W, RubiChess): d6c7  [wtime=509506ms btime=480828ms]
ply 11 (B, Adapter): c6c7  [wtime=509506ms btime=469587ms]
ply 12 (W, RubiChess): b1c3  [wtime=497873ms btime=469587ms]
ply 13 (B, Adapter): g8f6  [wtime=497873ms btime=426540ms]
ply 14 (W, RubiChess): c3b5  [wtime=479524ms btime=426540ms]
ply 15 (B, Adapter): c7e7  [wtime=479524ms btime=419255ms]
ply 16 (W, RubiChess): d1e2  [wtime=466243ms btime=419255ms]
ply 17 (B, Adapter): a7a6  [wtime=466243ms btime=408352ms]
ply 18 (W, RubiChess): b5c3  [wtime=454323ms btime=408352ms]
ply 19 (B, Adapter): b7b5  [wtime=454323ms btime=358104ms]
ply 20 (W, RubiChess): e1c1  [wtime=429700ms btime=358104ms]
ply 21 (B, Adapter): b5b4  [wtime=429700ms btime=351732ms]
ply 22 (W, RubiChess): c3a4  [wtime=421674ms btime=351732ms]
ply 23 (B, Adapter): b8d7  [wtime=421674ms btime=340008ms]
ply 24 (W, RubiChess): e2f3  [wtime=412135ms btime=340008ms]
ply 25 (B, Adapter): a8b8  [wtime=412135ms btime=311345ms]
ply 26 (W, RubiChess): e3f4  [wtime=404609ms btime=311345ms]
ply 27 (B, Adapter): c8b7  [wtime=404609ms btime=267322ms]
ply 28 (W, RubiChess): f3b3  [wtime=398031ms btime=267322ms]
ply 29 (B, Adapter): b8c8  [wtime=398031ms btime=231604ms]
ply 30 (W, RubiChess): g1f3  [wtime=372705ms btime=231604ms]
ply 31 (B, Adapter): e7e6  [wtime=372705ms btime=216743ms]
ply 32 (W, RubiChess): d1e1  [wtime=365866ms btime=216743ms]
ply 33 (B, Adapter): f6e4  [wtime=365866ms btime=206218ms]
ply 34 (W, RubiChess): f3g5  [wtime=356512ms btime=206218ms]
ply 35 (B, Adapter): e6b3  [wtime=356512ms btime=199194ms]
ply 36 (W, RubiChess): a2b3  [wtime=346764ms btime=199194ms]
ply 37 (B, Adapter): f7f5  [wtime=346764ms btime=189964ms]
ply 38 (W, RubiChess): f2f3  [wtime=338271ms btime=189964ms]
ply 39 (B, Adapter): h7h6  [wtime=338271ms btime=181224ms]
ply 40 (W, RubiChess): f3e4  [wtime=332874ms btime=181224ms]
ply 41 (B, Adapter): h6g5  [wtime=332874ms btime=172752ms]
ply 42 (W, RubiChess): e4f5  [wtime=325398ms btime=172752ms]
ply 43 (B, Adapter): e8f7  [wtime=325398ms btime=159314ms]
ply 44 (W, RubiChess): f4g5  [wtime=318218ms btime=159314ms]
ply 45 (B, Adapter): c8c7  [wtime=318218ms btime=141172ms]
ply 46 (W, RubiChess): h2h4  [wtime=307473ms btime=141172ms]
ply 47 (B, Adapter): a6a5  [wtime=307473ms btime=126992ms]
ply 48 (W, RubiChess): h1h3  [wtime=283417ms btime=126992ms]
ply 49 (B, Adapter): d7f6  [wtime=283417ms btime=119902ms]
ply 50 (W, RubiChess): f1c4  [wtime=277613ms btime=119902ms]
ply 51 (B, Adapter): c7c4  [wtime=277613ms btime=118256ms]
ply 52 (W, RubiChess): b3c4  [wtime=270812ms btime=118256ms]
ply 53 (B, Adapter): h8h5  [wtime=270812ms btime=112220ms]
ply 54 (W, RubiChess): g5f6  [wtime=240770ms btime=112220ms]
ply 55 (B, Adapter): b7g2  [wtime=240770ms btime=109312ms]
ply 56 (W, RubiChess): h3g3  [wtime=234295ms btime=109312ms]
ply 57 (B, Adapter): g2c6  [wtime=234295ms btime=105986ms]
ply 58 (W, RubiChess): f6g5  [wtime=228231ms btime=105986ms]
ply 59 (B, Adapter): c6a4  [wtime=228231ms btime=101919ms]
ply 60 (W, RubiChess): g3d3  [wtime=224435ms btime=101919ms]
ply 61 (B, Adapter): a4c6  [wtime=224435ms btime=91283ms]
ply 62 (W, RubiChess): e1e6  [wtime=217104ms btime=91283ms]
ply 63 (B, Adapter): c6h1  [wtime=217104ms btime=88060ms]
ply 64 (W, RubiChess): d3d7  [wtime=211478ms btime=88060ms]
ply 65 (B, Adapter): f7g8  [wtime=211478ms btime=85607ms]
ply 66 (W, RubiChess): d7d8  [wtime=203594ms btime=85607ms]
ply 67 (B, Adapter): g8f7  [wtime=203594ms btime=75111ms]
ply 68 (W, RubiChess): b2b3  [wtime=192684ms btime=75111ms]
ply 69 (B, Adapter): h1g2  [wtime=192684ms btime=70122ms]
ply 70 (W, RubiChess): c1b1  [wtime=181963ms btime=70122ms]
ply 71 (B, Adapter): h5h8  [wtime=181963ms btime=65347ms]
ply 72 (W, RubiChess): e6a6  [wtime=176022ms btime=65347ms]
ply 73 (B, Adapter): f7g8  [wtime=176022ms btime=63780ms]
ply 74 (W, RubiChess): c4c5  [wtime=169459ms btime=63780ms]
ply 75 (B, Adapter): g2f3  [wtime=169459ms btime=57302ms]
ply 76 (W, RubiChess): c5c6  [wtime=164806ms btime=57302ms]
ply 77 (B, Adapter): f3e4  [wtime=164806ms btime=55290ms]
ply 78 (W, RubiChess): f5f6  [wtime=159081ms btime=55290ms]
ply 79 (B, Adapter): e4f5  [wtime=159081ms btime=49242ms]
ply 80 (W, RubiChess): a6a5  [wtime=154691ms btime=49242ms]
ply 81 (B, Adapter): f5e6  [wtime=154691ms btime=47222ms]
ply 82 (W, RubiChess): f6g7  [wtime=141491ms btime=47222ms]
ply 83 (B, Adapter): g8g7  [wtime=141491ms btime=41984ms]
ply 84 (W, RubiChess): a5a7  [wtime=133370ms btime=41984ms]
ply 85 (B, Adapter): g7g6  [wtime=133370ms btime=39389ms]
ply 86 (W, RubiChess): c6c7  [wtime=128214ms btime=39389ms]
ply 87 (B, Adapter): e6f5  [wtime=128214ms btime=34448ms]
ply 88 (W, RubiChess): a7a6  [wtime=121801ms btime=34448ms]
ply 89 (B, Adapter): g6h5  [wtime=121801ms btime=27651ms]
ply 90 (W, RubiChess): a6a5  [wtime=116598ms btime=27651ms]
ply 91 (B, Adapter): f5h3  [wtime=116598ms btime=24124ms]
ply 92 (W, RubiChess): g5f6  [wtime=111798ms btime=24124ms]
ply 93 (B, Adapter): h5g6  [wtime=111798ms btime=20856ms]
ply 94 (W, RubiChess): f6h8  [wtime=109463ms btime=20856ms]
ply 95 (B, Adapter): g6f7  [wtime=109463ms btime=19965ms]
ply 96 (W, RubiChess): c7c8r  [wtime=106530ms btime=19965ms]
ply 97 (B, Adapter): h3c8  [wtime=106530ms btime=17849ms]
ply 98 (W, RubiChess): d8c8  [wtime=102694ms btime=17849ms]
ply 99 (B, Adapter): f8d6  [wtime=102694ms btime=15967ms]
ply 100 (W, RubiChess): h4h5  [wtime=98465ms btime=15967ms]
ply 101 (B, Adapter): d6g3  [wtime=98465ms btime=14817ms]
ply 102 (W, RubiChess): h8d4  [wtime=93848ms btime=14817ms]
ply 103 (B, Adapter): g3f4  [wtime=93848ms btime=13224ms]
ply 104 (W, RubiChess): a5f5  [wtime=91915ms btime=13224ms]
ply 105 (B, Adapter): f7e7  [wtime=91915ms btime=11772ms]
ply 106 (W, RubiChess): f5f4  [wtime=89010ms btime=11772ms]
ply 107 (B, Adapter): e7d7  [wtime=89010ms btime=10474ms]
ply 108 (W, RubiChess): c8b8  [wtime=85863ms btime=10474ms]
ply 109 (B, Adapter): d7c6  [wtime=85863ms btime=9309ms]
ply 110 (W, RubiChess): h5h6  [wtime=81135ms btime=9309ms]
ply 111 (B, Adapter): c6d6  [wtime=81135ms btime=8717ms]
ply 112 (W, RubiChess): h6h7  [wtime=80954ms btime=8717ms]
ply 113 (B, Adapter): d6e6  [wtime=80954ms btime=7846ms]
ply 114 (W, RubiChess): h7h8q  [wtime=80925ms btime=7846ms]
ply 115 (B, Adapter): e6e7  [wtime=80925ms btime=7062ms]
ply 116 (W, RubiChess): h8d8  [wtime=80904ms btime=7062ms]
ply 117 (B, Adapter): e7e6  [wtime=80904ms btime=7062ms]
ply 118 (W, RubiChess): f4f6  [wtime=80898ms btime=7062ms]
ply 119: game over, result=1-0 (Outcome(termination=<Termination.CHECKMATE: 1>, winner=True))
DONE, game 2 adapter_white= False result: 1-0
