ply 0 (W, Adapter): e2e4  [wtime=600000ms btime=600000ms]
ply 1 (B, RubiChess): e7e5  [wtime=600000ms btime=570372ms]
ply 2 (W, Adapter): g1f3  [wtime=600000ms btime=570372ms]
ply 3 (B, RubiChess): b8c6  [wtime=600000ms btime=560068ms]
ply 4 (W, Adapter): f1b5  [wtime=600000ms btime=560068ms]
ply 5 (B, RubiChess): g8f6  [wtime=600000ms btime=546309ms]
ply 6 (W, Adapter): e1g1  [wtime=600000ms btime=546309ms]
ply 7 (B, RubiChess): f6e4  [wtime=600000ms btime=536319ms]
ply 8 (W, Adapter): d2d4  [wtime=600000ms btime=536319ms]
ply 9 (B, RubiChess): e4d6  [wtime=600000ms btime=527778ms]
ply 10 (W, Adapter): b5c6  [wtime=600000ms btime=527778ms]
ply 11 (B, RubiChess): d7c6  [wtime=600000ms btime=520955ms]
ply 12 (W, Adapter): d4e5  [wtime=600000ms btime=520955ms]
ply 13 (B, RubiChess): d6f5  [wtime=600000ms btime=513593ms]
ply 14 (W, Adapter): d1d8  [wtime=600000ms btime=513593ms]
ply 15 (B, RubiChess): e8d8  [wtime=600000ms btime=513593ms]
ply 16 (W, Adapter): c2c4  [wtime=563889ms btime=513593ms]
ply 17 (B, RubiChess): c8e6  [wtime=563889ms btime=504470ms]
ply 18 (W, Adapter): b2b3  [wtime=533371ms btime=504470ms]
ply 19 (B, RubiChess): h7h6  [wtime=533371ms btime=493685ms]
ply 20 (W, Adapter): c1b2  [wtime=475655ms btime=493685ms]
ply 21 (B, RubiChess): a7a5  [wtime=475655ms btime=485489ms]
ply 22 (W, Adapter): b1c3  [wtime=465529ms btime=485489ms]
ply 23 (B, RubiChess): d8c8  [wtime=465529ms btime=476886ms]
ply 24 (W, Adapter): c3e2  [wtime=436093ms btime=476886ms]
ply 25 (B, RubiChess): g7g5  [wtime=436093ms btime=463508ms]
ply 26 (W, Adapter): h2h3  [wtime=417797ms btime=463508ms]
ply 27 (B, RubiChess): a5a4  [wtime=417797ms btime=452022ms]
ply 28 (W, Adapter): f1d1  [wtime=391983ms btime=452022ms]
ply 29 (B, RubiChess): c6c5  [wtime=391983ms btime=444982ms]
ply 30 (W, Adapter): g2g4  [wtime=380686ms btime=444982ms]
ply 31 (B, RubiChess): f5e7  [wtime=380686ms btime=438988ms]
ply 32 (W, Adapter): f3d2  [wtime=359647ms btime=438988ms]
ply 33 (B, RubiChess): e7g6  [wtime=359647ms btime=428462ms]
ply 34 (W, Adapter): d2e4  [wtime=352801ms btime=428462ms]
ply 35 (B, RubiChess): b7b6  [wtime=352801ms btime=420402ms]
ply 36 (W, Adapter): b2c3  [wtime=332787ms btime=420402ms]
ply 37 (B, RubiChess): f8g7  [wtime=332787ms btime=412726ms]
ply 38 (W, Adapter): e4f6  [wtime=327570ms btime=412726ms]
ply 39 (B, RubiChess): c8b7  [wtime=327570ms btime=400468ms]
ply 40 (W, Adapter): e2g3  [wtime=322012ms btime=400468ms]
ply 41 (B, RubiChess): g7f6  [wtime=322012ms btime=393726ms]
ply 42 (W, Adapter): e5f6  [wtime=316942ms btime=393726ms]
ply 43 (B, RubiChess): g6f4  [wtime=316942ms btime=385759ms]
ply 44 (W, Adapter): f2f3  [wtime=289735ms btime=385759ms]
ply 45 (B, RubiChess): h6h5  [wtime=289735ms btime=379619ms]
ply 46 (W, Adapter): g1f1  [wtime=281704ms btime=379619ms]
ply 47 (B, RubiChess): h5g4  [wtime=281704ms btime=374325ms]
ply 48 (W, Adapter): h3g4  [wtime=276956ms btime=374325ms]
ply 49 (B, RubiChess): h8h3  [wtime=276956ms btime=365021ms]
ply 50 (W, Adapter): f1f2  [wtime=270860ms btime=365021ms]
ply 51 (B, RubiChess): h3h2  [wtime=270860ms btime=358892ms]
ply 52 (W, Adapter): f2f1  [wtime=265829ms btime=358892ms]
ply 53 (B, RubiChess): h2g2  [wtime=265829ms btime=352991ms]
ply 54 (W, Adapter): g3h5  [wtime=259044ms btime=352991ms]
ply 55 (B, RubiChess): g2c2  [wtime=259044ms btime=347351ms]
ply 56 (W, Adapter): h5f4  [wtime=245674ms btime=347351ms]
ply 57 (B, RubiChess): g5f4  [wtime=245674ms btime=342986ms]
ply 58 (W, Adapter): d1c1  [wtime=227724ms btime=342986ms]
ply 59 (B, RubiChess): a4b3  [wtime=227724ms btime=337007ms]
ply 60 (W, Adapter): c1c2  [wtime=219616ms btime=337007ms]
ply 61 (B, RubiChess): b3c2  [wtime=219616ms btime=332171ms]
ply 62 (W, Adapter): f1e1  [wtime=214380ms btime=332171ms]
ply 63 (B, RubiChess): a8a2  [wtime=214380ms btime=327532ms]
ply 64 (W, Adapter): e1d2  [wtime=208510ms btime=327532ms]
ply 65 (B, RubiChess): c2c1n  [wtime=208510ms btime=322041ms]
ply 66 (W, Adapter): d2c1  [wtime=197240ms btime=322041ms]
ply 67 (B, RubiChess): a2f2  [wtime=197240ms btime=317830ms]
ply 68 (W, Adapter): g4g5  [wtime=188812ms btime=317830ms]
ply 69 (B, RubiChess): f2f3  [wtime=188812ms btime=312447ms]
ply 70 (W, Adapter): c3d2  [wtime=174747ms btime=312447ms]
ply 71 (B, RubiChess): f3f1  [wtime=174747ms btime=308551ms]
ply 72 (W, Adapter): c1b2  [wtime=138314ms btime=308551ms]
ply 73 (B, RubiChess): f1a1  [wtime=138314ms btime=302257ms]
ply 74 (W, Adapter): b2a1  [wtime=135643ms btime=302257ms]
ply 75 (B, RubiChess): f4f3  [wtime=135643ms btime=297320ms]
ply 76 (W, Adapter): d2e3  [wtime=107245ms btime=297320ms]
ply 77 (B, RubiChess): e6c4  [wtime=107245ms btime=290570ms]
ply 78 (W, Adapter): a1b2  [wtime=105388ms btime=290570ms]
ply 79 (B, RubiChess): b7c6  [wtime=105388ms btime=283965ms]
ply 80 (W, Adapter): b2c3  [wtime=99929ms btime=283965ms]
ply 81 (B, RubiChess): b6b5  [wtime=99929ms btime=280117ms]
ply 82 (W, Adapter): c3d2  [wtime=98549ms btime=280117ms]
ply 83 (B, RubiChess): b5b4  [wtime=98549ms btime=271485ms]
ply 84 (W, Adapter): d2d1  [wtime=90053ms btime=271485ms]
ply 85 (B, RubiChess): c4d5  [wtime=90053ms btime=259599ms]
ply 86 (W, Adapter): e3d2  [wtime=87593ms btime=259599ms]
ply 87 (B, RubiChess): c6b5  [wtime=87593ms btime=253700ms]
ply 88 (W, Adapter): g5g6  [wtime=81219ms btime=253700ms]
ply 89 (B, RubiChess): f7g6  [wtime=81219ms btime=248179ms]
ply 90 (W, Adapter): d2e3  [wtime=79110ms btime=248179ms]
ply 91 (B, RubiChess): c5c4  [wtime=79110ms btime=244778ms]
ply 92 (W, Adapter): d1d2  [wtime=74226ms btime=244778ms]
ply 93 (B, RubiChess): c4c3  [wtime=74226ms btime=241803ms]
ply 94 (W, Adapter): d2d3  [wtime=72516ms btime=241803ms]
ply 95 (B, RubiChess): d5c4  [wtime=72516ms btime=236222ms]
ply 96 (W, Adapter): d3c2  [wtime=70447ms btime=236222ms]
ply 97 (B, RubiChess): g6g5  [wtime=70447ms btime=232879ms]
ply 98 (W, Adapter): e3d4  [wtime=63275ms btime=232879ms]
ply 99 (B, RubiChess): c7c5  [wtime=63275ms btime=228628ms]
ply 100 (W, Adapter): d4f2  [wtime=59012ms btime=228628ms]
ply 101 (B, RubiChess): c4f7  [wtime=59012ms btime=223440ms]
ply 102 (W, Adapter): f2e3  [wtime=53170ms btime=223440ms]
ply 103 (B, RubiChess): b5c4  [wtime=53170ms btime=222595ms]
ply 104 (W, Adapter): c2d1  [wtime=47819ms btime=222595ms]
ply 105 (B, RubiChess): b4b3  [wtime=47819ms btime=222485ms]
ply 106 (W, Adapter): e3c1  [wtime=38085ms btime=222485ms]
ply 107 (B, RubiChess): f3f2  [wtime=38085ms btime=222217ms]
ply 108 (W, Adapter): d1e2  [wtime=34524ms btime=222217ms]
ply 109 (B, RubiChess): b3b2  [wtime=34524ms btime=222201ms]
ply 110 (W, Adapter): c1e3  [wtime=31110ms btime=222201ms]
ply 111 (B, RubiChess): b2b1q  [wtime=31110ms btime=222195ms]
ply 112 (W, Adapter): e2f2  [wtime=25343ms btime=222195ms]
ply 113 (B, RubiChess): b1e4  [wtime=25343ms btime=222135ms]
ply 114 (W, Adapter): e3g5  [wtime=22336ms btime=222135ms]
ply 115 (B, RubiChess): e4f5  [wtime=22336ms btime=222132ms]
ply 116 (W, Adapter): f2e1  [wtime=20376ms btime=222132ms]
ply 117 (B, RubiChess): f5g5  [wtime=20376ms btime=222130ms]
ply 118 (W, Adapter): e1f2  [wtime=18662ms btime=222130ms]
ply 119 (B, RubiChess): g5f4  [wtime=18662ms btime=222130ms]
ply 120 (W, Adapter): f2e2  [wtime=16681ms btime=222130ms]
ply 121 (B, RubiChess): c3c2  [wtime=16681ms btime=222129ms]
ply 122 (W, Adapter): e2e1  [wtime=16538ms btime=222129ms]
ply 123 (B, RubiChess): c2c1q  [wtime=16538ms btime=222129ms]
ply 124 (W, Adapter): e1e2  [wtime=16259ms btime=222129ms]
ply 125 (B, RubiChess): c1d2  [wtime=16259ms btime=222129ms]
ply 126: game over, result=0-1 (Outcome(termination=<Termination.CHECKMATE: 1>, winner=False))
DONE, game 1 adapter_white= True result: 0-1
